<!doctype html public "-//w3c//dtd html 4.0 transitional//en">
<html><head>
<title>Static Call Graph - [geehy_reclose\geehy_reclose.axf]</title></head>
<body><HR>
<H1>Static Call Graph for image geehy_reclose\geehy_reclose.axf</H1><HR>
<BR><P>#&#060CALLGRAPH&#062# ARM Linker, 5060960: Last Updated: Tue May 19 20:11:53 2026
<BR><P>
<H3>Maximum Stack Usage =        496 bytes + Unknown(Functions without stacksize, Cycles, Untraceable Function Pointers)</H3><H3>
Call chain for Maximum Stack Depth:</H3>
__rt_entry_main &rArr; main &rArr; uart_com_process &rArr; UART_process &rArr; factors_init &rArr; factor_first_init &rArr; ctrlword4_analyze &rArr; MODIFY_EEP_W &rArr; AT24CXX_WriteOneByte &rArr; IIC_Wait_Ack &rArr; IIC_Stop &rArr; SDA_OUT &rArr; HAL_GPIO_Init
<P>
<H3>
Functions with no stack information
</H3><UL>
 <LI><a href="#[50]">__user_initial_stackheap</a>
</UL>
</UL>
<P>
<H3>
Mutually Recursive functions
</H3> <LI><a href="#[16]">ADC1_IRQHandler</a>&nbsp;&nbsp;&nbsp;&rArr;&nbsp;&nbsp;&nbsp;<a href="#[16]">ADC1_IRQHandler</a><BR>
 <LI><a href="#[8]">HardFault_Handler</a>&nbsp;&nbsp;&nbsp;&rArr;&nbsp;&nbsp;&nbsp;<a href="#[8]">HardFault_Handler</a><BR>
 <LI><a href="#[7]">NMI_Handler</a>&nbsp;&nbsp;&nbsp;&rArr;&nbsp;&nbsp;&nbsp;<a href="#[7]">NMI_Handler</a><BR>
</UL>
<P>
<H3>
Function Pointers
</H3><UL>
 <LI><a href="#[16]">ADC1_IRQHandler</a> from startup_stm32f030xc.o(.text) referenced from startup_stm32f030xc.o(RESET)
 <LI><a href="#[29]">ADC_DMAConvCplt</a> from stm32f0xx_hal_adc.o(i.ADC_DMAConvCplt) referenced from stm32f0xx_hal_adc.o(i.HAL_ADC_Start_DMA)
 <LI><a href="#[2b]">ADC_DMAError</a> from stm32f0xx_hal_adc.o(i.ADC_DMAError) referenced from stm32f0xx_hal_adc.o(i.HAL_ADC_Start_DMA)
 <LI><a href="#[2a]">ADC_DMAHalfConvCplt</a> from stm32f0xx_hal_adc.o(i.ADC_DMAHalfConvCplt) referenced from stm32f0xx_hal_adc.o(i.HAL_ADC_Start_DMA)
 <LI><a href="#[13]">DMA1_Channel1_IRQHandler</a> from stm32f0xx_it.o(i.DMA1_Channel1_IRQHandler) referenced from startup_stm32f030xc.o(RESET)
 <LI><a href="#[14]">DMA1_Channel2_3_IRQHandler</a> from startup_stm32f030xc.o(.text) referenced from startup_stm32f030xc.o(RESET)
 <LI><a href="#[15]">DMA1_Channel4_5_IRQHandler</a> from startup_stm32f030xc.o(.text) referenced from startup_stm32f030xc.o(RESET)
 <LI><a href="#[10]">EXTI0_1_IRQHandler</a> from startup_stm32f030xc.o(.text) referenced from startup_stm32f030xc.o(RESET)
 <LI><a href="#[11]">EXTI2_3_IRQHandler</a> from startup_stm32f030xc.o(.text) referenced from startup_stm32f030xc.o(RESET)
 <LI><a href="#[12]">EXTI4_15_IRQHandler</a> from startup_stm32f030xc.o(.text) referenced from startup_stm32f030xc.o(RESET)
 <LI><a href="#[e]">FLASH_IRQHandler</a> from startup_stm32f030xc.o(.text) referenced from startup_stm32f030xc.o(RESET)
 <LI><a href="#[8]">HardFault_Handler</a> from stm32f0xx_it.o(i.HardFault_Handler) referenced from startup_stm32f030xc.o(RESET)
 <LI><a href="#[20]">I2C1_IRQHandler</a> from startup_stm32f030xc.o(.text) referenced from startup_stm32f030xc.o(RESET)
 <LI><a href="#[21]">I2C2_IRQHandler</a> from startup_stm32f030xc.o(.text) referenced from startup_stm32f030xc.o(RESET)
 <LI><a href="#[7]">NMI_Handler</a> from stm32f0xx_it.o(i.NMI_Handler) referenced from startup_stm32f030xc.o(RESET)
 <LI><a href="#[a]">PendSV_Handler</a> from stm32f0xx_it.o(i.PendSV_Handler) referenced from startup_stm32f030xc.o(RESET)
 <LI><a href="#[f]">RCC_IRQHandler</a> from startup_stm32f030xc.o(.text) referenced from startup_stm32f030xc.o(RESET)
 <LI><a href="#[d]">RTC_IRQHandler</a> from startup_stm32f030xc.o(.text) referenced from startup_stm32f030xc.o(RESET)
 <LI><a href="#[6]">Reset_Handler</a> from startup_stm32f030xc.o(.text) referenced from startup_stm32f030xc.o(RESET)
 <LI><a href="#[22]">SPI1_IRQHandler</a> from startup_stm32f030xc.o(.text) referenced from startup_stm32f030xc.o(RESET)
 <LI><a href="#[23]">SPI2_IRQHandler</a> from startup_stm32f030xc.o(.text) referenced from startup_stm32f030xc.o(RESET)
 <LI><a href="#[9]">SVC_Handler</a> from stm32f0xx_it.o(i.SVC_Handler) referenced from startup_stm32f030xc.o(RESET)
 <LI><a href="#[b]">SysTick_Handler</a> from stm32f0xx_it.o(i.SysTick_Handler) referenced from startup_stm32f030xc.o(RESET)
 <LI><a href="#[27]">SystemInit</a> from system_stm32f0xx.o(i.SystemInit) referenced from startup_stm32f030xc.o(.text)
 <LI><a href="#[1c]">TIM14_IRQHandler</a> from startup_stm32f030xc.o(.text) referenced from startup_stm32f030xc.o(RESET)
 <LI><a href="#[1d]">TIM15_IRQHandler</a> from startup_stm32f030xc.o(.text) referenced from startup_stm32f030xc.o(RESET)
 <LI><a href="#[1e]">TIM16_IRQHandler</a> from startup_stm32f030xc.o(.text) referenced from startup_stm32f030xc.o(RESET)
 <LI><a href="#[1f]">TIM17_IRQHandler</a> from startup_stm32f030xc.o(.text) referenced from startup_stm32f030xc.o(RESET)
 <LI><a href="#[17]">TIM1_BRK_UP_TRG_COM_IRQHandler</a> from startup_stm32f030xc.o(.text) referenced from startup_stm32f030xc.o(RESET)
 <LI><a href="#[18]">TIM1_CC_IRQHandler</a> from startup_stm32f030xc.o(.text) referenced from startup_stm32f030xc.o(RESET)
 <LI><a href="#[19]">TIM3_IRQHandler</a> from startup_stm32f030xc.o(.text) referenced from startup_stm32f030xc.o(RESET)
 <LI><a href="#[1a]">TIM6_IRQHandler</a> from stm32f0xx_it.o(i.TIM6_IRQHandler) referenced from startup_stm32f030xc.o(RESET)
 <LI><a href="#[1b]">TIM7_IRQHandler</a> from startup_stm32f030xc.o(.text) referenced from startup_stm32f030xc.o(RESET)
 <LI><a href="#[2c]">UART_DMAAbortOnError</a> from stm32f0xx_hal_uart.o(i.UART_DMAAbortOnError) referenced from stm32f0xx_hal_uart.o(i.HAL_UART_IRQHandler)
 <LI><a href="#[2e]">UART_RxISR_16BIT</a> from stm32f0xx_hal_uart.o(i.UART_RxISR_16BIT) referenced from stm32f0xx_hal_uart.o(i.UART_Start_Receive_IT)
 <LI><a href="#[2d]">UART_RxISR_8BIT</a> from stm32f0xx_hal_uart.o(i.UART_RxISR_8BIT) referenced from stm32f0xx_hal_uart.o(i.UART_Start_Receive_IT)
 <LI><a href="#[24]">USART1_IRQHandler</a> from stm32f0xx_it.o(i.USART1_IRQHandler) referenced from startup_stm32f030xc.o(RESET)
 <LI><a href="#[25]">USART2_IRQHandler</a> from startup_stm32f030xc.o(.text) referenced from startup_stm32f030xc.o(RESET)
 <LI><a href="#[26]">USART3_6_IRQHandler</a> from startup_stm32f030xc.o(.text) referenced from startup_stm32f030xc.o(RESET)
 <LI><a href="#[c]">WWDG_IRQHandler</a> from startup_stm32f030xc.o(.text) referenced from startup_stm32f030xc.o(RESET)
 <LI><a href="#[2f]">__main</a> from __main.o(!!!main) referenced from startup_stm32f030xc.o(.text)
</UL>
<P>
<H3>
Global Symbols
</H3>
<P><STRONG><a name="[2f]"></a>__main</STRONG> (Thumb, 8 bytes, Stack size 0 bytes, __main.o(!!!main))
<BR><BR>[Calls]<UL><LI><a href="#[31]">&gt;&gt;</a>&nbsp;&nbsp;&nbsp;__rt_entry
<LI><a href="#[30]">&gt;&gt;</a>&nbsp;&nbsp;&nbsp;__scatterload
</UL>

<P><STRONG><a name="[30]"></a>__scatterload</STRONG> (Thumb, 0 bytes, Stack size unknown bytes, __scatter.o(!!!scatter))
<BR><BR>[Called By]<UL><LI><a href="#[2f]">&gt;&gt;</a>&nbsp;&nbsp;&nbsp;__main
</UL>

<P><STRONG><a name="[32]"></a>__scatterload_rt2</STRONG> (Thumb, 52 bytes, Stack size unknown bytes, __scatter.o(!!!scatter), UNUSED)
<BR><BR>[Calls]<UL><LI><a href="#[31]">&gt;&gt;</a>&nbsp;&nbsp;&nbsp;__rt_entry
</UL>

<P><STRONG><a name="[1e3]"></a>__scatterload_rt2_thumb_only</STRONG> (Thumb, 0 bytes, Stack size unknown bytes, __scatter.o(!!!scatter), UNUSED)

<P><STRONG><a name="[1e4]"></a>__scatterload_null</STRONG> (Thumb, 0 bytes, Stack size unknown bytes, __scatter.o(!!!scatter), UNUSED)

<P><STRONG><a name="[1e5]"></a>__scatterload_zeroinit</STRONG> (Thumb, 28 bytes, Stack size unknown bytes, __scatter_zi.o(!!handler_zi), UNUSED)

<P><STRONG><a name="[36]"></a>__rt_lib_init</STRONG> (Thumb, 0 bytes, Stack size unknown bytes, libinit.o(.ARM.Collect$$libinit$$00000000))
<BR><BR>[Called By]<UL><LI><a href="#[35]">&gt;&gt;</a>&nbsp;&nbsp;&nbsp;__rt_entry_li
</UL>

<P><STRONG><a name="[1e6]"></a>__rt_lib_init_alloca_1</STRONG> (Thumb, 0 bytes, Stack size unknown bytes, libinit2.o(.ARM.Collect$$libinit$$0000002E))

<P><STRONG><a name="[1e7]"></a>__rt_lib_init_argv_1</STRONG> (Thumb, 0 bytes, Stack size unknown bytes, libinit2.o(.ARM.Collect$$libinit$$0000002C))

<P><STRONG><a name="[1e8]"></a>__rt_lib_init_atexit_1</STRONG> (Thumb, 0 bytes, Stack size unknown bytes, libinit2.o(.ARM.Collect$$libinit$$0000001B))

<P><STRONG><a name="[1e9]"></a>__rt_lib_init_clock_1</STRONG> (Thumb, 0 bytes, Stack size unknown bytes, libinit2.o(.ARM.Collect$$libinit$$00000021))

<P><STRONG><a name="[1ea]"></a>__rt_lib_init_cpp_1</STRONG> (Thumb, 0 bytes, Stack size unknown bytes, libinit2.o(.ARM.Collect$$libinit$$00000032))

<P><STRONG><a name="[1eb]"></a>__rt_lib_init_exceptions_1</STRONG> (Thumb, 0 bytes, Stack size unknown bytes, libinit2.o(.ARM.Collect$$libinit$$00000030))

<P><STRONG><a name="[1ec]"></a>__rt_lib_init_fp_1</STRONG> (Thumb, 0 bytes, Stack size unknown bytes, libinit2.o(.ARM.Collect$$libinit$$00000002))

<P><STRONG><a name="[1ed]"></a>__rt_lib_init_fp_trap_1</STRONG> (Thumb, 0 bytes, Stack size unknown bytes, libinit2.o(.ARM.Collect$$libinit$$0000001F))

<P><STRONG><a name="[1ee]"></a>__rt_lib_init_getenv_1</STRONG> (Thumb, 0 bytes, Stack size unknown bytes, libinit2.o(.ARM.Collect$$libinit$$00000023))

<P><STRONG><a name="[1ef]"></a>__rt_lib_init_heap_1</STRONG> (Thumb, 0 bytes, Stack size unknown bytes, libinit2.o(.ARM.Collect$$libinit$$0000000A))

<P><STRONG><a name="[1f0]"></a>__rt_lib_init_lc_collate_1</STRONG> (Thumb, 0 bytes, Stack size unknown bytes, libinit2.o(.ARM.Collect$$libinit$$00000011))

<P><STRONG><a name="[1f1]"></a>__rt_lib_init_lc_ctype_1</STRONG> (Thumb, 0 bytes, Stack size unknown bytes, libinit2.o(.ARM.Collect$$libinit$$00000013))

<P><STRONG><a name="[1f2]"></a>__rt_lib_init_lc_monetary_1</STRONG> (Thumb, 0 bytes, Stack size unknown bytes, libinit2.o(.ARM.Collect$$libinit$$00000015))

<P><STRONG><a name="[1f3]"></a>__rt_lib_init_lc_numeric_1</STRONG> (Thumb, 0 bytes, Stack size unknown bytes, libinit2.o(.ARM.Collect$$libinit$$00000017))

<P><STRONG><a name="[1f4]"></a>__rt_lib_init_lc_time_1</STRONG> (Thumb, 0 bytes, Stack size unknown bytes, libinit2.o(.ARM.Collect$$libinit$$00000019))

<P><STRONG><a name="[1f5]"></a>__rt_lib_init_preinit_1</STRONG> (Thumb, 0 bytes, Stack size unknown bytes, libinit2.o(.ARM.Collect$$libinit$$00000004))

<P><STRONG><a name="[1f6]"></a>__rt_lib_init_rand_1</STRONG> (Thumb, 0 bytes, Stack size unknown bytes, libinit2.o(.ARM.Collect$$libinit$$0000000E))

<P><STRONG><a name="[1f7]"></a>__rt_lib_init_return</STRONG> (Thumb, 0 bytes, Stack size unknown bytes, libinit2.o(.ARM.Collect$$libinit$$00000033))

<P><STRONG><a name="[1f8]"></a>__rt_lib_init_signal_1</STRONG> (Thumb, 0 bytes, Stack size unknown bytes, libinit2.o(.ARM.Collect$$libinit$$0000001D))

<P><STRONG><a name="[1f9]"></a>__rt_lib_init_stdio_1</STRONG> (Thumb, 0 bytes, Stack size unknown bytes, libinit2.o(.ARM.Collect$$libinit$$00000025))

<P><STRONG><a name="[1fa]"></a>__rt_lib_init_user_alloc_1</STRONG> (Thumb, 0 bytes, Stack size unknown bytes, libinit2.o(.ARM.Collect$$libinit$$0000000C))

<P><STRONG><a name="[3b]"></a>__rt_lib_shutdown</STRONG> (Thumb, 0 bytes, Stack size unknown bytes, libshutdown.o(.ARM.Collect$$libshutdown$$00000000))
<BR><BR>[Called By]<UL><LI><a href="#[3a]">&gt;&gt;</a>&nbsp;&nbsp;&nbsp;__rt_exit_ls
</UL>

<P><STRONG><a name="[1fb]"></a>__rt_lib_shutdown_cpp_1</STRONG> (Thumb, 0 bytes, Stack size unknown bytes, libshutdown2.o(.ARM.Collect$$libshutdown$$00000004))

<P><STRONG><a name="[1fc]"></a>__rt_lib_shutdown_fini_1</STRONG> (Thumb, 0 bytes, Stack size unknown bytes, libshutdown2.o(.ARM.Collect$$libshutdown$$00000002))

<P><STRONG><a name="[1fd]"></a>__rt_lib_shutdown_fp_trap_1</STRONG> (Thumb, 0 bytes, Stack size unknown bytes, libshutdown2.o(.ARM.Collect$$libshutdown$$00000009))

<P><STRONG><a name="[1fe]"></a>__rt_lib_shutdown_heap_1</STRONG> (Thumb, 0 bytes, Stack size unknown bytes, libshutdown2.o(.ARM.Collect$$libshutdown$$00000011))

<P><STRONG><a name="[1ff]"></a>__rt_lib_shutdown_return</STRONG> (Thumb, 0 bytes, Stack size unknown bytes, libshutdown2.o(.ARM.Collect$$libshutdown$$00000012))

<P><STRONG><a name="[200]"></a>__rt_lib_shutdown_signal_1</STRONG> (Thumb, 0 bytes, Stack size unknown bytes, libshutdown2.o(.ARM.Collect$$libshutdown$$0000000C))

<P><STRONG><a name="[201]"></a>__rt_lib_shutdown_stdio_1</STRONG> (Thumb, 0 bytes, Stack size unknown bytes, libshutdown2.o(.ARM.Collect$$libshutdown$$00000006))

<P><STRONG><a name="[202]"></a>__rt_lib_shutdown_user_alloc_1</STRONG> (Thumb, 0 bytes, Stack size unknown bytes, libshutdown2.o(.ARM.Collect$$libshutdown$$0000000E))

<P><STRONG><a name="[31]"></a>__rt_entry</STRONG> (Thumb, 0 bytes, Stack size unknown bytes, __rtentry.o(.ARM.Collect$$rtentry$$00000000))
<BR><BR>[Called By]<UL><LI><a href="#[2f]">&gt;&gt;</a>&nbsp;&nbsp;&nbsp;__main
<LI><a href="#[32]">&gt;&gt;</a>&nbsp;&nbsp;&nbsp;__scatterload_rt2
</UL>

<P><STRONG><a name="[203]"></a>__rt_entry_presh_1</STRONG> (Thumb, 0 bytes, Stack size unknown bytes, __rtentry2.o(.ARM.Collect$$rtentry$$00000002))

<P><STRONG><a name="[33]"></a>__rt_entry_sh</STRONG> (Thumb, 0 bytes, Stack size unknown bytes, __rtentry4.o(.ARM.Collect$$rtentry$$00000004))
<BR><BR>[Stack]<UL><LI>Max Depth = 8 + Unknown Stack Size
<LI>Call Chain = __rt_entry_sh &rArr; __user_setup_stackheap
</UL>
<BR>[Calls]<UL><LI><a href="#[34]">&gt;&gt;</a>&nbsp;&nbsp;&nbsp;__user_setup_stackheap
</UL>

<P><STRONG><a name="[35]"></a>__rt_entry_li</STRONG> (Thumb, 0 bytes, Stack size unknown bytes, __rtentry2.o(.ARM.Collect$$rtentry$$0000000A))
<BR><BR>[Calls]<UL><LI><a href="#[36]">&gt;&gt;</a>&nbsp;&nbsp;&nbsp;__rt_lib_init
</UL>

<P><STRONG><a name="[204]"></a>__rt_entry_postsh_1</STRONG> (Thumb, 0 bytes, Stack size unknown bytes, __rtentry2.o(.ARM.Collect$$rtentry$$00000009))

<P><STRONG><a name="[37]"></a>__rt_entry_main</STRONG> (Thumb, 0 bytes, Stack size unknown bytes, __rtentry2.o(.ARM.Collect$$rtentry$$0000000D))
<BR><BR>[Stack]<UL><LI>Max Depth = 496 + Unknown Stack Size
<LI>Call Chain = __rt_entry_main &rArr; main &rArr; uart_com_process &rArr; UART_process &rArr; factors_init &rArr; factor_first_init &rArr; ctrlword4_analyze &rArr; MODIFY_EEP_W &rArr; AT24CXX_WriteOneByte &rArr; IIC_Wait_Ack &rArr; IIC_Stop &rArr; SDA_OUT &rArr; HAL_GPIO_Init
</UL>
<BR>[Calls]<UL><LI><a href="#[38]">&gt;&gt;</a>&nbsp;&nbsp;&nbsp;main
<LI><a href="#[39]">&gt;&gt;</a>&nbsp;&nbsp;&nbsp;exit
</UL>

<P><STRONG><a name="[205]"></a>__rt_entry_postli_1</STRONG> (Thumb, 0 bytes, Stack size unknown bytes, __rtentry2.o(.ARM.Collect$$rtentry$$0000000C))

<P><STRONG><a name="[52]"></a>__rt_exit</STRONG> (Thumb, 0 bytes, Stack size unknown bytes, rtexit.o(.ARM.Collect$$rtexit$$00000000))
<BR><BR>[Called By]<UL><LI><a href="#[39]">&gt;&gt;</a>&nbsp;&nbsp;&nbsp;exit
</UL>

<P><STRONG><a name="[3a]"></a>__rt_exit_ls</STRONG> (Thumb, 0 bytes, Stack size unknown bytes, rtexit2.o(.ARM.Collect$$rtexit$$00000003))
<BR><BR>[Calls]<UL><LI><a href="#[3b]">&gt;&gt;</a>&nbsp;&nbsp;&nbsp;__rt_lib_shutdown
</UL>

<P><STRONG><a name="[206]"></a>__rt_exit_prels_1</STRONG> (Thumb, 0 bytes, Stack size unknown bytes, rtexit2.o(.ARM.Collect$$rtexit$$00000002))

<P><STRONG><a name="[3c]"></a>__rt_exit_exit</STRONG> (Thumb, 0 bytes, Stack size unknown bytes, rtexit2.o(.ARM.Collect$$rtexit$$00000004))
<BR><BR>[Calls]<UL><LI><a href="#[3d]">&gt;&gt;</a>&nbsp;&nbsp;&nbsp;_sys_exit
</UL>

<P><STRONG><a name="[1de]"></a>__aeabi_memcpy4</STRONG> (Thumb, 56 bytes, Stack size 0 bytes, rt_memcpy.o(.emb_text))
<BR><BR>[Called By]<UL><LI><a href="#[168]">&gt;&gt;</a>&nbsp;&nbsp;&nbsp;point_just
</UL>

<P><STRONG><a name="[207]"></a>__aeabi_memcpy8</STRONG> (Thumb, 0 bytes, Stack size 0 bytes, rt_memcpy.o(.emb_text), UNUSED)

<P><STRONG><a name="[6]"></a>Reset_Handler</STRONG> (Thumb, 8 bytes, Stack size 0 bytes, startup_stm32f030xc.o(.text))
<BR>[Address Reference Count : 1]<UL><LI> startup_stm32f030xc.o(RESET)
</UL>
<P><STRONG><a name="[16]"></a>ADC1_IRQHandler</STRONG> (Thumb, 0 bytes, Stack size 0 bytes, startup_stm32f030xc.o(.text))
<BR><BR>[Calls]<UL><LI><a href="#[16]">&gt;&gt;</a>&nbsp;&nbsp;&nbsp;ADC1_IRQHandler
</UL>
<BR>[Called By]<UL><LI><a href="#[16]">&gt;&gt;</a>&nbsp;&nbsp;&nbsp;ADC1_IRQHandler
</UL>
<BR>[Address Reference Count : 1]<UL><LI> startup_stm32f030xc.o(RESET)
</UL>
<P><STRONG><a name="[14]"></a>DMA1_Channel2_3_IRQHandler</STRONG> (Thumb, 0 bytes, Stack size 0 bytes, startup_stm32f030xc.o(.text))
<BR>[Address Reference Count : 1]<UL><LI> startup_stm32f030xc.o(RESET)
</UL>
<P><STRONG><a name="[15]"></a>DMA1_Channel4_5_IRQHandler</STRONG> (Thumb, 0 bytes, Stack size 0 bytes, startup_stm32f030xc.o(.text))
<BR>[Address Reference Count : 1]<UL><LI> startup_stm32f030xc.o(RESET)
</UL>
<P><STRONG><a name="[10]"></a>EXTI0_1_IRQHandler</STRONG> (Thumb, 0 bytes, Stack size 0 bytes, startup_stm32f030xc.o(.text))
<BR>[Address Reference Count : 1]<UL><LI> startup_stm32f030xc.o(RESET)
</UL>
<P><STRONG><a name="[11]"></a>EXTI2_3_IRQHandler</STRONG> (Thumb, 0 bytes, Stack size 0 bytes, startup_stm32f030xc.o(.text))
<BR>[Address Reference Count : 1]<UL><LI> startup_stm32f030xc.o(RESET)
</UL>
<P><STRONG><a name="[12]"></a>EXTI4_15_IRQHandler</STRONG> (Thumb, 0 bytes, Stack size 0 bytes, startup_stm32f030xc.o(.text))
<BR>[Address Reference Count : 1]<UL><LI> startup_stm32f030xc.o(RESET)
</UL>
<P><STRONG><a name="[e]"></a>FLASH_IRQHandler</STRONG> (Thumb, 0 bytes, Stack size 0 bytes, startup_stm32f030xc.o(.text))
<BR>[Address Reference Count : 1]<UL><LI> startup_stm32f030xc.o(RESET)
</UL>
<P><STRONG><a name="[20]"></a>I2C1_IRQHandler</STRONG> (Thumb, 0 bytes, Stack size 0 bytes, startup_stm32f030xc.o(.text))
<BR>[Address Reference Count : 1]<UL><LI> startup_stm32f030xc.o(RESET)
</UL>
<P><STRONG><a name="[21]"></a>I2C2_IRQHandler</STRONG> (Thumb, 0 bytes, Stack size 0 bytes, startup_stm32f030xc.o(.text))
<BR>[Address Reference Count : 1]<UL><LI> startup_stm32f030xc.o(RESET)
</UL>
<P><STRONG><a name="[f]"></a>RCC_IRQHandler</STRONG> (Thumb, 0 bytes, Stack size 0 bytes, startup_stm32f030xc.o(.text))
<BR>[Address Reference Count : 1]<UL><LI> startup_stm32f030xc.o(RESET)
</UL>
<P><STRONG><a name="[d]"></a>RTC_IRQHandler</STRONG> (Thumb, 0 bytes, Stack size 0 bytes, startup_stm32f030xc.o(.text))
<BR>[Address Reference Count : 1]<UL><LI> startup_stm32f030xc.o(RESET)
</UL>
<P><STRONG><a name="[22]"></a>SPI1_IRQHandler</STRONG> (Thumb, 0 bytes, Stack size 0 bytes, startup_stm32f030xc.o(.text))
<BR>[Address Reference Count : 1]<UL><LI> startup_stm32f030xc.o(RESET)
</UL>
<P><STRONG><a name="[23]"></a>SPI2_IRQHandler</STRONG> (Thumb, 0 bytes, Stack size 0 bytes, startup_stm32f030xc.o(.text))
<BR>[Address Reference Count : 1]<UL><LI> startup_stm32f030xc.o(RESET)
</UL>
<P><STRONG><a name="[1c]"></a>TIM14_IRQHandler</STRONG> (Thumb, 0 bytes, Stack size 0 bytes, startup_stm32f030xc.o(.text))
<BR>[Address Reference Count : 1]<UL><LI> startup_stm32f030xc.o(RESET)
</UL>
<P><STRONG><a name="[1d]"></a>TIM15_IRQHandler</STRONG> (Thumb, 0 bytes, Stack size 0 bytes, startup_stm32f030xc.o(.text))
<BR>[Address Reference Count : 1]<UL><LI> startup_stm32f030xc.o(RESET)
</UL>
<P><STRONG><a name="[1e]"></a>TIM16_IRQHandler</STRONG> (Thumb, 0 bytes, Stack size 0 bytes, startup_stm32f030xc.o(.text))
<BR>[Address Reference Count : 1]<UL><LI> startup_stm32f030xc.o(RESET)
</UL>
<P><STRONG><a name="[1f]"></a>TIM17_IRQHandler</STRONG> (Thumb, 0 bytes, Stack size 0 bytes, startup_stm32f030xc.o(.text))
<BR>[Address Reference Count : 1]<UL><LI> startup_stm32f030xc.o(RESET)
</UL>
<P><STRONG><a name="[17]"></a>TIM1_BRK_UP_TRG_COM_IRQHandler</STRONG> (Thumb, 0 bytes, Stack size 0 bytes, startup_stm32f030xc.o(.text))
<BR>[Address Reference Count : 1]<UL><LI> startup_stm32f030xc.o(RESET)
</UL>
<P><STRONG><a name="[18]"></a>TIM1_CC_IRQHandler</STRONG> (Thumb, 0 bytes, Stack size 0 bytes, startup_stm32f030xc.o(.text))
<BR>[Address Reference Count : 1]<UL><LI> startup_stm32f030xc.o(RESET)
</UL>
<P><STRONG><a name="[19]"></a>TIM3_IRQHandler</STRONG> (Thumb, 0 bytes, Stack size 0 bytes, startup_stm32f030xc.o(.text))
<BR>[Address Reference Count : 1]<UL><LI> startup_stm32f030xc.o(RESET)
</UL>
<P><STRONG><a name="[1b]"></a>TIM7_IRQHandler</STRONG> (Thumb, 0 bytes, Stack size 0 bytes, startup_stm32f030xc.o(.text))
<BR>[Address Reference Count : 1]<UL><LI> startup_stm32f030xc.o(RESET)
</UL>
<P><STRONG><a name="[25]"></a>USART2_IRQHandler</STRONG> (Thumb, 0 bytes, Stack size 0 bytes, startup_stm32f030xc.o(.text))
<BR>[Address Reference Count : 1]<UL><LI> startup_stm32f030xc.o(RESET)
</UL>
<P><STRONG><a name="[26]"></a>USART3_6_IRQHandler</STRONG> (Thumb, 0 bytes, Stack size 0 bytes, startup_stm32f030xc.o(.text))
<BR>[Address Reference Count : 1]<UL><LI> startup_stm32f030xc.o(RESET)
</UL>
<P><STRONG><a name="[c]"></a>WWDG_IRQHandler</STRONG> (Thumb, 0 bytes, Stack size 0 bytes, startup_stm32f030xc.o(.text))
<BR>[Address Reference Count : 1]<UL><LI> startup_stm32f030xc.o(RESET)
</UL>
<P><STRONG><a name="[50]"></a>__user_initial_stackheap</STRONG> (Thumb, 0 bytes, Stack size unknown bytes, startup_stm32f030xc.o(.text))
<BR><BR>[Called By]<UL><LI><a href="#[34]">&gt;&gt;</a>&nbsp;&nbsp;&nbsp;__user_setup_stackheap
</UL>

<P><STRONG><a name="[f6]"></a>__aeabi_uldivmod</STRONG> (Thumb, 258 bytes, Stack size 32 bytes, lludiv.o(.text))
<BR><BR>[Stack]<UL><LI>Max Depth = 32<LI>Call Chain = __aeabi_uldivmod
</UL>
<BR>[Called By]<UL><LI><a href="#[f5]">&gt;&gt;</a>&nbsp;&nbsp;&nbsp;HAL_RCC_GetSysClockFreq
</UL>

<P><STRONG><a name="[208]"></a>_ll_udiv</STRONG> (Thumb, 0 bytes, Stack size 32 bytes, lludiv.o(.text), UNUSED)

<P><STRONG><a name="[3f]"></a>_memset_w</STRONG> (Thumb, 26 bytes, Stack size 0 bytes, rt_memclr.o(.text))
<BR><BR>[Called By]<UL><LI><a href="#[41]">&gt;&gt;</a>&nbsp;&nbsp;&nbsp;__rt_memclr_w
<LI><a href="#[3e]">&gt;&gt;</a>&nbsp;&nbsp;&nbsp;_memset
</UL>

<P><STRONG><a name="[3e]"></a>_memset</STRONG> (Thumb, 30 bytes, Stack size 0 bytes, rt_memclr.o(.text))
<BR><BR>[Calls]<UL><LI><a href="#[3f]">&gt;&gt;</a>&nbsp;&nbsp;&nbsp;_memset_w
</UL>
<BR>[Called By]<UL><LI><a href="#[40]">&gt;&gt;</a>&nbsp;&nbsp;&nbsp;__aeabi_memclr
</UL>

<P><STRONG><a name="[40]"></a>__aeabi_memclr</STRONG> (Thumb, 4 bytes, Stack size 0 bytes, rt_memclr.o(.text))
<BR><BR>[Calls]<UL><LI><a href="#[3e]">&gt;&gt;</a>&nbsp;&nbsp;&nbsp;_memset
</UL>
<BR>[Called By]<UL><LI><a href="#[b9]">&gt;&gt;</a>&nbsp;&nbsp;&nbsp;xianshishuju_dianya
<LI><a href="#[b5]">&gt;&gt;</a>&nbsp;&nbsp;&nbsp;xianshishuju_dianliu
<LI><a href="#[1df]">&gt;&gt;</a>&nbsp;&nbsp;&nbsp;xianshishuju1
<LI><a href="#[1ca]">&gt;&gt;</a>&nbsp;&nbsp;&nbsp;xianshishuju
</UL>

<P><STRONG><a name="[209]"></a>__rt_memclr</STRONG> (Thumb, 0 bytes, Stack size 0 bytes, rt_memclr.o(.text), UNUSED)

<P><STRONG><a name="[e5]"></a>__aeabi_memclr4</STRONG> (Thumb, 0 bytes, Stack size 0 bytes, rt_memclr.o(.text))
<BR><BR>[Called By]<UL><LI><a href="#[12b]">&gt;&gt;</a>&nbsp;&nbsp;&nbsp;SDA_OUT
<LI><a href="#[12d]">&gt;&gt;</a>&nbsp;&nbsp;&nbsp;SDA_IN
<LI><a href="#[123]">&gt;&gt;</a>&nbsp;&nbsp;&nbsp;HAL_UART_MspInit
<LI><a href="#[e4]">&gt;&gt;</a>&nbsp;&nbsp;&nbsp;HAL_ADC_MspInit
<LI><a href="#[141]">&gt;&gt;</a>&nbsp;&nbsp;&nbsp;MX_RTC_Init
<LI><a href="#[140]">&gt;&gt;</a>&nbsp;&nbsp;&nbsp;MX_GPIO_Init
<LI><a href="#[183]">&gt;&gt;</a>&nbsp;&nbsp;&nbsp;SystemClock_Config
</UL>

<P><STRONG><a name="[20a]"></a>__aeabi_memclr8</STRONG> (Thumb, 0 bytes, Stack size 0 bytes, rt_memclr.o(.text), UNUSED)

<P><STRONG><a name="[41]"></a>__rt_memclr_w</STRONG> (Thumb, 4 bytes, Stack size 0 bytes, rt_memclr.o(.text), UNUSED)
<BR><BR>[Calls]<UL><LI><a href="#[3f]">&gt;&gt;</a>&nbsp;&nbsp;&nbsp;_memset_w
</UL>

<P><STRONG><a name="[20b]"></a>__aeabi_uidiv</STRONG> (Thumb, 0 bytes, Stack size 0 bytes, aeabi_sdiv.o(.text), UNUSED)

<P><STRONG><a name="[57]"></a>__aeabi_uidivmod</STRONG> (Thumb, 20 bytes, Stack size 0 bytes, aeabi_sdiv.o(.text))
<BR><BR>[Called By]<UL><LI><a href="#[89]">&gt;&gt;</a>&nbsp;&nbsp;&nbsp;DectoBCD
<LI><a href="#[b9]">&gt;&gt;</a>&nbsp;&nbsp;&nbsp;xianshishuju_dianya
<LI><a href="#[b5]">&gt;&gt;</a>&nbsp;&nbsp;&nbsp;xianshishuju_dianliu
<LI><a href="#[1df]">&gt;&gt;</a>&nbsp;&nbsp;&nbsp;xianshishuju1
<LI><a href="#[1ca]">&gt;&gt;</a>&nbsp;&nbsp;&nbsp;xianshishuju
<LI><a href="#[1cd]">&gt;&gt;</a>&nbsp;&nbsp;&nbsp;key_process
<LI><a href="#[13a]">&gt;&gt;</a>&nbsp;&nbsp;&nbsp;Ls_function_process
<LI><a href="#[db]">&gt;&gt;</a>&nbsp;&nbsp;&nbsp;Fun_Time_Y
<LI><a href="#[da]">&gt;&gt;</a>&nbsp;&nbsp;&nbsp;Fun_Time_S
<LI><a href="#[d9]">&gt;&gt;</a>&nbsp;&nbsp;&nbsp;Fun_Time_M
<LI><a href="#[d8]">&gt;&gt;</a>&nbsp;&nbsp;&nbsp;Fun_Time_H
<LI><a href="#[d7]">&gt;&gt;</a>&nbsp;&nbsp;&nbsp;Fun_Time_F
<LI><a href="#[d4]">&gt;&gt;</a>&nbsp;&nbsp;&nbsp;Fun_Time_D
<LI><a href="#[d1]">&gt;&gt;</a>&nbsp;&nbsp;&nbsp;Fun_Shiyan_CX
<LI><a href="#[ee]">&gt;&gt;</a>&nbsp;&nbsp;&nbsp;HAL_InitTick
<LI><a href="#[56]">&gt;&gt;</a>&nbsp;&nbsp;&nbsp;ADC_Enable
<LI><a href="#[1a7]">&gt;&gt;</a>&nbsp;&nbsp;&nbsp;cur_uart_cal_handle
<LI><a href="#[19c]">&gt;&gt;</a>&nbsp;&nbsp;&nbsp;Write_vol_setpoint
<LI><a href="#[e2]">&gt;&gt;</a>&nbsp;&nbsp;&nbsp;HAL_ADC_ConfigChannel
<LI><a href="#[1b8]">&gt;&gt;</a>&nbsp;&nbsp;&nbsp;vol_handle
<LI><a href="#[14a]">&gt;&gt;</a>&nbsp;&nbsp;&nbsp;cur_actionhandle_C
<LI><a href="#[149]">&gt;&gt;</a>&nbsp;&nbsp;&nbsp;cur_actionhandle_B
<LI><a href="#[148]">&gt;&gt;</a>&nbsp;&nbsp;&nbsp;cur_actionhandle_A
<LI><a href="#[10a]">&gt;&gt;</a>&nbsp;&nbsp;&nbsp;HAL_TIM_PeriodElapsedCallback
<LI><a href="#[8b]">&gt;&gt;</a>&nbsp;&nbsp;&nbsp;DMA_CalcBaseAndBitshift
<LI><a href="#[125]">&gt;&gt;</a>&nbsp;&nbsp;&nbsp;UART_SetConfig
</UL>

<P><STRONG><a name="[20c]"></a>__aeabi_idiv</STRONG> (Thumb, 0 bytes, Stack size 8 bytes, aeabi_sdiv.o(.text), UNUSED)

<P><STRONG><a name="[17c]"></a>__aeabi_idivmod</STRONG> (Thumb, 326 bytes, Stack size 8 bytes, aeabi_sdiv.o(.text))
<BR><BR>[Stack]<UL><LI>Max Depth = 8<LI>Call Chain = __aeabi_idivmod
</UL>
<BR>[Called By]<UL><LI><a href="#[1cd]">&gt;&gt;</a>&nbsp;&nbsp;&nbsp;key_process
<LI><a href="#[1a6]">&gt;&gt;</a>&nbsp;&nbsp;&nbsp;vol_uart_cal_handle
<LI><a href="#[1a8]">&gt;&gt;</a>&nbsp;&nbsp;&nbsp;leak_uart_cal_handle
<LI><a href="#[17b]">&gt;&gt;</a>&nbsp;&nbsp;&nbsp;Read_vol_setpoint
<LI><a href="#[1ae]">&gt;&gt;</a>&nbsp;&nbsp;&nbsp;Vol_Process
</UL>

<P><STRONG><a name="[20d]"></a>__use_two_region_memory</STRONG> (Thumb, 2 bytes, Stack size 0 bytes, heapauxi.o(.text), UNUSED)

<P><STRONG><a name="[20e]"></a>__rt_heap_escrow$2region</STRONG> (Thumb, 2 bytes, Stack size 0 bytes, heapauxi.o(.text), UNUSED)

<P><STRONG><a name="[20f]"></a>__rt_heap_expand$2region</STRONG> (Thumb, 2 bytes, Stack size 0 bytes, heapauxi.o(.text), UNUSED)

<P><STRONG><a name="[77]"></a>__aeabi_dadd</STRONG> (Thumb, 0 bytes, Stack size 8 bytes, daddsub.o(.text))
<BR><BR>[Stack]<UL><LI>Max Depth = 8<LI>Call Chain = __aeabi_dadd
</UL>
<BR>[Called By]<UL><LI><a href="#[74]">&gt;&gt;</a>&nbsp;&nbsp;&nbsp;Cur_Switch
</UL>

<P><STRONG><a name="[42]"></a>_dadd</STRONG> (Thumb, 26 bytes, Stack size 8 bytes, daddsub.o(.text), UNUSED)
<BR><BR>[Calls]<UL><LI><a href="#[43]">&gt;&gt;</a>&nbsp;&nbsp;&nbsp;_dsub1
<LI><a href="#[44]">&gt;&gt;</a>&nbsp;&nbsp;&nbsp;_dadd1
</UL>

<P><STRONG><a name="[6d]"></a>__aeabi_dsub</STRONG> (Thumb, 0 bytes, Stack size 8 bytes, daddsub.o(.text))
<BR><BR>[Stack]<UL><LI>Max Depth = 8<LI>Call Chain = __aeabi_dsub
</UL>
<BR>[Called By]<UL><LI><a href="#[74]">&gt;&gt;</a>&nbsp;&nbsp;&nbsp;Cur_Switch
<LI><a href="#[6b]">&gt;&gt;</a>&nbsp;&nbsp;&nbsp;Cur_Process
</UL>

<P><STRONG><a name="[45]"></a>_dsub</STRONG> (Thumb, 22 bytes, Stack size 8 bytes, daddsub.o(.text), UNUSED)
<BR><BR>[Calls]<UL><LI><a href="#[43]">&gt;&gt;</a>&nbsp;&nbsp;&nbsp;_dsub1
<LI><a href="#[44]">&gt;&gt;</a>&nbsp;&nbsp;&nbsp;_dadd1
</UL>

<P><STRONG><a name="[210]"></a>__aeabi_drsub</STRONG> (Thumb, 0 bytes, Stack size 16 bytes, daddsub.o(.text), UNUSED)

<P><STRONG><a name="[46]"></a>_drsb</STRONG> (Thumb, 28 bytes, Stack size 16 bytes, daddsub.o(.text), UNUSED)
<BR><BR>[Calls]<UL><LI><a href="#[43]">&gt;&gt;</a>&nbsp;&nbsp;&nbsp;_dsub1
<LI><a href="#[44]">&gt;&gt;</a>&nbsp;&nbsp;&nbsp;_dadd1
</UL>

<P><STRONG><a name="[6e]"></a>__aeabi_d2iz</STRONG> (Thumb, 0 bytes, Stack size 12 bytes, dfixi.o(.text))
<BR><BR>[Stack]<UL><LI>Max Depth = 12<LI>Call Chain = __aeabi_d2iz
</UL>
<BR>[Called By]<UL><LI><a href="#[72]">&gt;&gt;</a>&nbsp;&nbsp;&nbsp;cur_handle_C
<LI><a href="#[71]">&gt;&gt;</a>&nbsp;&nbsp;&nbsp;cur_handle_B
<LI><a href="#[70]">&gt;&gt;</a>&nbsp;&nbsp;&nbsp;cur_handle_A
<LI><a href="#[6b]">&gt;&gt;</a>&nbsp;&nbsp;&nbsp;Cur_Process
</UL>

<P><STRONG><a name="[211]"></a>_dfix</STRONG> (Thumb, 98 bytes, Stack size 12 bytes, dfixi.o(.text), UNUSED)

<P><STRONG><a name="[76]"></a>__aeabi_d2uiz</STRONG> (Thumb, 0 bytes, Stack size 8 bytes, dfixui.o(.text))
<BR><BR>[Stack]<UL><LI>Max Depth = 8<LI>Call Chain = __aeabi_d2uiz
</UL>
<BR>[Called By]<UL><LI><a href="#[74]">&gt;&gt;</a>&nbsp;&nbsp;&nbsp;Cur_Switch
<LI><a href="#[14a]">&gt;&gt;</a>&nbsp;&nbsp;&nbsp;cur_actionhandle_C
<LI><a href="#[149]">&gt;&gt;</a>&nbsp;&nbsp;&nbsp;cur_actionhandle_B
<LI><a href="#[148]">&gt;&gt;</a>&nbsp;&nbsp;&nbsp;cur_actionhandle_A
</UL>

<P><STRONG><a name="[212]"></a>_dfixu</STRONG> (Thumb, 68 bytes, Stack size 8 bytes, dfixui.o(.text), UNUSED)

<P><STRONG><a name="[48]"></a>__aeabi_i2d_normalise</STRONG> (Thumb, 66 bytes, Stack size 0 bytes, dflti.o(.text))
<BR><BR>[Called By]<UL><LI><a href="#[49]">&gt;&gt;</a>&nbsp;&nbsp;&nbsp;__aeabi_ui2d
<LI><a href="#[47]">&gt;&gt;</a>&nbsp;&nbsp;&nbsp;__aeabi_i2d
</UL>

<P><STRONG><a name="[47]"></a>__aeabi_i2d</STRONG> (Thumb, 16 bytes, Stack size 0 bytes, dflti.o(.text))
<BR><BR>[Calls]<UL><LI><a href="#[48]">&gt;&gt;</a>&nbsp;&nbsp;&nbsp;__aeabi_i2d_normalise
</UL>
<BR>[Called By]<UL><LI><a href="#[72]">&gt;&gt;</a>&nbsp;&nbsp;&nbsp;cur_handle_C
<LI><a href="#[71]">&gt;&gt;</a>&nbsp;&nbsp;&nbsp;cur_handle_B
<LI><a href="#[70]">&gt;&gt;</a>&nbsp;&nbsp;&nbsp;cur_handle_A
<LI><a href="#[6b]">&gt;&gt;</a>&nbsp;&nbsp;&nbsp;Cur_Process
</UL>

<P><STRONG><a name="[213]"></a>_dflt</STRONG> (Thumb, 0 bytes, Stack size 0 bytes, dflti.o(.text), UNUSED)

<P><STRONG><a name="[49]"></a>__aeabi_ui2d</STRONG> (Thumb, 6 bytes, Stack size 0 bytes, dflti.o(.text))
<BR><BR>[Calls]<UL><LI><a href="#[48]">&gt;&gt;</a>&nbsp;&nbsp;&nbsp;__aeabi_i2d_normalise
</UL>
<BR>[Called By]<UL><LI><a href="#[74]">&gt;&gt;</a>&nbsp;&nbsp;&nbsp;Cur_Switch
<LI><a href="#[14a]">&gt;&gt;</a>&nbsp;&nbsp;&nbsp;cur_actionhandle_C
<LI><a href="#[149]">&gt;&gt;</a>&nbsp;&nbsp;&nbsp;cur_actionhandle_B
<LI><a href="#[148]">&gt;&gt;</a>&nbsp;&nbsp;&nbsp;cur_actionhandle_A
<LI><a href="#[6b]">&gt;&gt;</a>&nbsp;&nbsp;&nbsp;Cur_Process
</UL>

<P><STRONG><a name="[214]"></a>_dfltu</STRONG> (Thumb, 0 bytes, Stack size 0 bytes, dflti.o(.text), UNUSED)

<P><STRONG><a name="[75]"></a>__aeabi_dmul</STRONG> (Thumb, 0 bytes, Stack size 56 bytes, dmul.o(.text))
<BR><BR>[Stack]<UL><LI>Max Depth = 56<LI>Call Chain = __aeabi_dmul
</UL>
<BR>[Called By]<UL><LI><a href="#[72]">&gt;&gt;</a>&nbsp;&nbsp;&nbsp;cur_handle_C
<LI><a href="#[71]">&gt;&gt;</a>&nbsp;&nbsp;&nbsp;cur_handle_B
<LI><a href="#[70]">&gt;&gt;</a>&nbsp;&nbsp;&nbsp;cur_handle_A
<LI><a href="#[74]">&gt;&gt;</a>&nbsp;&nbsp;&nbsp;Cur_Switch
<LI><a href="#[14a]">&gt;&gt;</a>&nbsp;&nbsp;&nbsp;cur_actionhandle_C
<LI><a href="#[149]">&gt;&gt;</a>&nbsp;&nbsp;&nbsp;cur_actionhandle_B
<LI><a href="#[148]">&gt;&gt;</a>&nbsp;&nbsp;&nbsp;cur_actionhandle_A
</UL>

<P><STRONG><a name="[215]"></a>_dmul</STRONG> (Thumb, 558 bytes, Stack size 56 bytes, dmul.o(.text), UNUSED)

<P><STRONG><a name="[6c]"></a>__ARM_scalbn</STRONG> (Thumb, 84 bytes, Stack size 16 bytes, dscalbn.o(.text))
<BR><BR>[Stack]<UL><LI>Max Depth = 16<LI>Call Chain = __ARM_scalbn
</UL>
<BR>[Called By]<UL><LI><a href="#[6b]">&gt;&gt;</a>&nbsp;&nbsp;&nbsp;Cur_Process
</UL>

<P><STRONG><a name="[1c1]"></a>__aeabi_fdiv</STRONG> (Thumb, 0 bytes, Stack size 20 bytes, fdiv.o(.text))
<BR><BR>[Stack]<UL><LI>Max Depth = 20<LI>Call Chain = __aeabi_fdiv
</UL>
<BR>[Called By]<UL><LI><a href="#[1c0]">&gt;&gt;</a>&nbsp;&nbsp;&nbsp;disp_data_prepare
</UL>

<P><STRONG><a name="[4b]"></a>_fdiv</STRONG> (Thumb, 334 bytes, Stack size 20 bytes, fdiv.o(.text), UNUSED)
<BR><BR>[Called By]<UL><LI><a href="#[4a]">&gt;&gt;</a>&nbsp;&nbsp;&nbsp;_frdiv
</UL>

<P><STRONG><a name="[4a]"></a>_frdiv</STRONG> (Thumb, 8 bytes, Stack size 0 bytes, fdiv.o(.text), UNUSED)
<BR><BR>[Calls]<UL><LI><a href="#[4b]">&gt;&gt;</a>&nbsp;&nbsp;&nbsp;_fdiv
</UL>

<P><STRONG><a name="[1c2]"></a>__aeabi_f2uiz</STRONG> (Thumb, 0 bytes, Stack size 0 bytes, ffixui.o(.text))
<BR><BR>[Called By]<UL><LI><a href="#[1c0]">&gt;&gt;</a>&nbsp;&nbsp;&nbsp;disp_data_prepare
</UL>

<P><STRONG><a name="[216]"></a>_ffixu</STRONG> (Thumb, 48 bytes, Stack size 0 bytes, ffixui.o(.text), UNUSED)

<P><STRONG><a name="[4d]"></a>__aeabi_i2f_normalise</STRONG> (Thumb, 72 bytes, Stack size 0 bytes, fflti.o(.text))
<BR><BR>[Called By]<UL><LI><a href="#[4e]">&gt;&gt;</a>&nbsp;&nbsp;&nbsp;__aeabi_ui2f
<LI><a href="#[4c]">&gt;&gt;</a>&nbsp;&nbsp;&nbsp;__aeabi_i2f
</UL>

<P><STRONG><a name="[4c]"></a>__aeabi_i2f</STRONG> (Thumb, 16 bytes, Stack size 0 bytes, fflti.o(.text), UNUSED)
<BR><BR>[Calls]<UL><LI><a href="#[4d]">&gt;&gt;</a>&nbsp;&nbsp;&nbsp;__aeabi_i2f_normalise
</UL>

<P><STRONG><a name="[217]"></a>_fflt</STRONG> (Thumb, 0 bytes, Stack size 0 bytes, fflti.o(.text), UNUSED)

<P><STRONG><a name="[4e]"></a>__aeabi_ui2f</STRONG> (Thumb, 6 bytes, Stack size 0 bytes, fflti.o(.text))
<BR><BR>[Calls]<UL><LI><a href="#[4d]">&gt;&gt;</a>&nbsp;&nbsp;&nbsp;__aeabi_i2f_normalise
</UL>
<BR>[Called By]<UL><LI><a href="#[1c0]">&gt;&gt;</a>&nbsp;&nbsp;&nbsp;disp_data_prepare
</UL>

<P><STRONG><a name="[218]"></a>_ffltu</STRONG> (Thumb, 0 bytes, Stack size 0 bytes, fflti.o(.text), UNUSED)

<P><STRONG><a name="[34]"></a>__user_setup_stackheap</STRONG> (Thumb, 62 bytes, Stack size 8 bytes, sys_stackheap_outer.o(.text))
<BR><BR>[Stack]<UL><LI>Max Depth = 8 + Unknown Stack Size
<LI>Call Chain = __user_setup_stackheap
</UL>
<BR>[Calls]<UL><LI><a href="#[50]">&gt;&gt;</a>&nbsp;&nbsp;&nbsp;__user_initial_stackheap
<LI><a href="#[4f]">&gt;&gt;</a>&nbsp;&nbsp;&nbsp;__user_perproc_libspace
</UL>
<BR>[Called By]<UL><LI><a href="#[33]">&gt;&gt;</a>&nbsp;&nbsp;&nbsp;__rt_entry_sh
</UL>

<P><STRONG><a name="[39]"></a>exit</STRONG> (Thumb, 16 bytes, Stack size 8 bytes, exit.o(.text))
<BR><BR>[Stack]<UL><LI>Max Depth = 8 + Unknown Stack Size
<LI>Call Chain = exit
</UL>
<BR>[Calls]<UL><LI><a href="#[52]">&gt;&gt;</a>&nbsp;&nbsp;&nbsp;__rt_exit
<LI><a href="#[51]">&gt;&gt;</a>&nbsp;&nbsp;&nbsp;_call_atexit_fns (Weak Reference)
</UL>
<BR>[Called By]<UL><LI><a href="#[37]">&gt;&gt;</a>&nbsp;&nbsp;&nbsp;__rt_entry_main
</UL>

<P><STRONG><a name="[219]"></a>__user_libspace</STRONG> (Thumb, 8 bytes, Stack size 0 bytes, libspace.o(.text), UNUSED)

<P><STRONG><a name="[4f]"></a>__user_perproc_libspace</STRONG> (Thumb, 0 bytes, Stack size 0 bytes, libspace.o(.text))
<BR><BR>[Called By]<UL><LI><a href="#[34]">&gt;&gt;</a>&nbsp;&nbsp;&nbsp;__user_setup_stackheap
</UL>

<P><STRONG><a name="[21a]"></a>__user_perthread_libspace</STRONG> (Thumb, 0 bytes, Stack size 0 bytes, libspace.o(.text), UNUSED)

<P><STRONG><a name="[3d]"></a>_sys_exit</STRONG> (Thumb, 8 bytes, Stack size 0 bytes, sys_exit.o(.text))
<BR><BR>[Called By]<UL><LI><a href="#[3c]">&gt;&gt;</a>&nbsp;&nbsp;&nbsp;__rt_exit_exit
</UL>

<P><STRONG><a name="[21b]"></a>__I$use$semihosting</STRONG> (Thumb, 0 bytes, Stack size 0 bytes, use_no_semi.o(.text), UNUSED)

<P><STRONG><a name="[21c]"></a>__use_no_semihosting_swi</STRONG> (Thumb, 2 bytes, Stack size 0 bytes, use_no_semi.o(.text), UNUSED)

<P><STRONG><a name="[21d]"></a>__decompress</STRONG> (Thumb, 0 bytes, Stack size unknown bytes, __dclz77c.o(.text), UNUSED)

<P><STRONG><a name="[21e]"></a>__decompress2</STRONG> (Thumb, 96 bytes, Stack size unknown bytes, __dclz77c.o(.text), UNUSED)

<P><STRONG><a name="[21f]"></a>__semihosting_library_function</STRONG> (Thumb, 0 bytes, Stack size unknown bytes, indicate_semi.o(.text), UNUSED)

<P><STRONG><a name="[59]"></a>AT24CXX_ReadLongByte</STRONG> (Thumb, 96 bytes, Stack size 24 bytes, 24cxx.o(i.AT24CXX_ReadLongByte))
<BR><BR>[Stack]<UL><LI>Max Depth = 112<LI>Call Chain = AT24CXX_ReadLongByte &rArr; IIC_Wait_Ack &rArr; IIC_Stop &rArr; SDA_OUT &rArr; HAL_GPIO_Init
</UL>
<BR>[Calls]<UL><LI><a href="#[5c]">&gt;&gt;</a>&nbsp;&nbsp;&nbsp;IIC_Wait_Ack
<LI><a href="#[5e]">&gt;&gt;</a>&nbsp;&nbsp;&nbsp;IIC_Stop
<LI><a href="#[5a]">&gt;&gt;</a>&nbsp;&nbsp;&nbsp;IIC_Start
<LI><a href="#[5b]">&gt;&gt;</a>&nbsp;&nbsp;&nbsp;IIC_Send_Byte
<LI><a href="#[5d]">&gt;&gt;</a>&nbsp;&nbsp;&nbsp;IIC_Read_Byte
</UL>
<BR>[Called By]<UL><LI><a href="#[dd]">&gt;&gt;</a>&nbsp;&nbsp;&nbsp;Read_Cur_calibrae_data
<LI><a href="#[1c7]">&gt;&gt;</a>&nbsp;&nbsp;&nbsp;external_E2_read
<LI><a href="#[153]">&gt;&gt;</a>&nbsp;&nbsp;&nbsp;Read_SD_Cur_calibrae_data1
<LI><a href="#[151]">&gt;&gt;</a>&nbsp;&nbsp;&nbsp;Read_SD_Cur_calibrae_data
</UL>

<P><STRONG><a name="[5f]"></a>AT24CXX_ReadOneByte</STRONG> (Thumb, 72 bytes, Stack size 16 bytes, 24cxx.o(i.AT24CXX_ReadOneByte))
<BR><BR>[Stack]<UL><LI>Max Depth = 104<LI>Call Chain = AT24CXX_ReadOneByte &rArr; IIC_Wait_Ack &rArr; IIC_Stop &rArr; SDA_OUT &rArr; HAL_GPIO_Init
</UL>
<BR>[Calls]<UL><LI><a href="#[5c]">&gt;&gt;</a>&nbsp;&nbsp;&nbsp;IIC_Wait_Ack
<LI><a href="#[5e]">&gt;&gt;</a>&nbsp;&nbsp;&nbsp;IIC_Stop
<LI><a href="#[5a]">&gt;&gt;</a>&nbsp;&nbsp;&nbsp;IIC_Start
<LI><a href="#[5b]">&gt;&gt;</a>&nbsp;&nbsp;&nbsp;IIC_Send_Byte
<LI><a href="#[5d]">&gt;&gt;</a>&nbsp;&nbsp;&nbsp;IIC_Read_Byte
</UL>
<BR>[Called By]<UL><LI><a href="#[78]">&gt;&gt;</a>&nbsp;&nbsp;&nbsp;EEPROM_R
</UL>

<P><STRONG><a name="[60]"></a>AT24CXX_WriteOneByte</STRONG> (Thumb, 64 bytes, Stack size 16 bytes, 24cxx.o(i.AT24CXX_WriteOneByte))
<BR><BR>[Stack]<UL><LI>Max Depth = 104<LI>Call Chain = AT24CXX_WriteOneByte &rArr; IIC_Wait_Ack &rArr; IIC_Stop &rArr; SDA_OUT &rArr; HAL_GPIO_Init
</UL>
<BR>[Calls]<UL><LI><a href="#[61]">&gt;&gt;</a>&nbsp;&nbsp;&nbsp;delay_ms
<LI><a href="#[5c]">&gt;&gt;</a>&nbsp;&nbsp;&nbsp;IIC_Wait_Ack
<LI><a href="#[5e]">&gt;&gt;</a>&nbsp;&nbsp;&nbsp;IIC_Stop
<LI><a href="#[5a]">&gt;&gt;</a>&nbsp;&nbsp;&nbsp;IIC_Start
<LI><a href="#[5b]">&gt;&gt;</a>&nbsp;&nbsp;&nbsp;IIC_Send_Byte
</UL>
<BR>[Called By]<UL><LI><a href="#[87]">&gt;&gt;</a>&nbsp;&nbsp;&nbsp;MODIFY_EEP_W
</UL>

<P><STRONG><a name="[138]"></a>Auto_Leak_process</STRONG> (Thumb, 316 bytes, Stack size 20 bytes, main.o(i.Auto_Leak_process))
<BR><BR>[Stack]<UL><LI>Max Depth = 20<LI>Call Chain = Auto_Leak_process
</UL>
<BR>[Called By]<UL><LI><a href="#[119]">&gt;&gt;</a>&nbsp;&nbsp;&nbsp;Leak_process
</UL>

<P><STRONG><a name="[13d]"></a>BCDtoDec</STRONG> (Thumb, 198 bytes, Stack size 12 bytes, tool.o(i.BCDtoDec))
<BR><BR>[Stack]<UL><LI>Max Depth = 12<LI>Call Chain = BCDtoDec
</UL>
<BR>[Called By]<UL><LI><a href="#[13a]">&gt;&gt;</a>&nbsp;&nbsp;&nbsp;Ls_function_process
<LI><a href="#[19c]">&gt;&gt;</a>&nbsp;&nbsp;&nbsp;Write_vol_setpoint
<LI><a href="#[19a]">&gt;&gt;</a>&nbsp;&nbsp;&nbsp;Write_leakctrl
<LI><a href="#[197]">&gt;&gt;</a>&nbsp;&nbsp;&nbsp;Write_factors
<LI><a href="#[18e]">&gt;&gt;</a>&nbsp;&nbsp;&nbsp;UART_process
<LI><a href="#[1c7]">&gt;&gt;</a>&nbsp;&nbsp;&nbsp;external_E2_read
</UL>

<P><STRONG><a name="[62]"></a>Broadcasting_time</STRONG> (Thumb, 78 bytes, Stack size 16 bytes, usart.o(i.Broadcasting_time))
<BR><BR>[Stack]<UL><LI>Max Depth = 96<LI>Call Chain = Broadcasting_time &rArr; RTC_Set_Time &rArr; HAL_RTC_SetTime &rArr; RTC_ExitInitMode &rArr; HAL_RTC_WaitForSynchro
</UL>
<BR>[Calls]<UL><LI><a href="#[63]">&gt;&gt;</a>&nbsp;&nbsp;&nbsp;RTC_Set_Time
<LI><a href="#[64]">&gt;&gt;</a>&nbsp;&nbsp;&nbsp;RTC_Set_Date
</UL>
<BR>[Called By]<UL><LI><a href="#[18e]">&gt;&gt;</a>&nbsp;&nbsp;&nbsp;UART_process
</UL>

<P><STRONG><a name="[152]"></a>ChartoHex</STRONG> (Thumb, 36 bytes, Stack size 0 bytes, tool.o(i.ChartoHex))
<BR><BR>[Called By]<UL><LI><a href="#[1c7]">&gt;&gt;</a>&nbsp;&nbsp;&nbsp;external_E2_read
<LI><a href="#[153]">&gt;&gt;</a>&nbsp;&nbsp;&nbsp;Read_SD_Cur_calibrae_data1
<LI><a href="#[151]">&gt;&gt;</a>&nbsp;&nbsp;&nbsp;Read_SD_Cur_calibrae_data
</UL>

<P><STRONG><a name="[65]"></a>Conter_Updata</STRONG> (Thumb, 810 bytes, Stack size 24 bytes, main.o(i.Conter_Updata))
<BR><BR>[Stack]<UL><LI>Max Depth = 240<LI>Call Chain = Conter_Updata &rArr; Write_Selftest_Record &rArr; MODIFY_EEP_W &rArr; AT24CXX_WriteOneByte &rArr; IIC_Wait_Ack &rArr; IIC_Stop &rArr; SDA_OUT &rArr; HAL_GPIO_Init
</UL>
<BR>[Calls]<UL><LI><a href="#[68]">&gt;&gt;</a>&nbsp;&nbsp;&nbsp;clear_screen
<LI><a href="#[66]">&gt;&gt;</a>&nbsp;&nbsp;&nbsp;HAL_GPIO_WritePin
<LI><a href="#[6a]">&gt;&gt;</a>&nbsp;&nbsp;&nbsp;HAL_GPIO_ReadPin
<LI><a href="#[69]">&gt;&gt;</a>&nbsp;&nbsp;&nbsp;initial_lcd
<LI><a href="#[67]">&gt;&gt;</a>&nbsp;&nbsp;&nbsp;Write_Selftest_Record
</UL>
<BR>[Called By]<UL><LI><a href="#[10a]">&gt;&gt;</a>&nbsp;&nbsp;&nbsp;HAL_TIM_PeriodElapsedCallback
</UL>

<P><STRONG><a name="[6b]"></a>Cur_Process</STRONG> (Thumb, 396 bytes, Stack size 40 bytes, main.o(i.Cur_Process))
<BR><BR>[Stack]<UL><LI>Max Depth = 120<LI>Call Chain = Cur_Process &rArr; cur_handle_C &rArr; __aeabi_dmul
</UL>
<BR>[Calls]<UL><LI><a href="#[72]">&gt;&gt;</a>&nbsp;&nbsp;&nbsp;cur_handle_C
<LI><a href="#[71]">&gt;&gt;</a>&nbsp;&nbsp;&nbsp;cur_handle_B
<LI><a href="#[70]">&gt;&gt;</a>&nbsp;&nbsp;&nbsp;cur_handle_A
<LI><a href="#[6a]">&gt;&gt;</a>&nbsp;&nbsp;&nbsp;HAL_GPIO_ReadPin
<LI><a href="#[73]">&gt;&gt;</a>&nbsp;&nbsp;&nbsp;Trip_Action
<LI><a href="#[6f]">&gt;&gt;</a>&nbsp;&nbsp;&nbsp;Record_data_propare
<LI><a href="#[6c]">&gt;&gt;</a>&nbsp;&nbsp;&nbsp;__ARM_scalbn
<LI><a href="#[49]">&gt;&gt;</a>&nbsp;&nbsp;&nbsp;__aeabi_ui2d
<LI><a href="#[47]">&gt;&gt;</a>&nbsp;&nbsp;&nbsp;__aeabi_i2d
<LI><a href="#[6e]">&gt;&gt;</a>&nbsp;&nbsp;&nbsp;__aeabi_d2iz
<LI><a href="#[6d]">&gt;&gt;</a>&nbsp;&nbsp;&nbsp;__aeabi_dsub
</UL>
<BR>[Called By]<UL><LI><a href="#[82]">&gt;&gt;</a>&nbsp;&nbsp;&nbsp;Cur_sample_process
</UL>

<P><STRONG><a name="[74]"></a>Cur_Switch</STRONG> (Thumb, 5780 bytes, Stack size 56 bytes, main.o(i.Cur_Switch))
<BR><BR>[Stack]<UL><LI>Max Depth = 200<LI>Call Chain = Cur_Switch &rArr; EEPROM_R &rArr; AT24CXX_ReadOneByte &rArr; IIC_Wait_Ack &rArr; IIC_Stop &rArr; SDA_OUT &rArr; HAL_GPIO_Init
</UL>
<BR>[Calls]<UL><LI><a href="#[78]">&gt;&gt;</a>&nbsp;&nbsp;&nbsp;EEPROM_R
<LI><a href="#[75]">&gt;&gt;</a>&nbsp;&nbsp;&nbsp;__aeabi_dmul
<LI><a href="#[49]">&gt;&gt;</a>&nbsp;&nbsp;&nbsp;__aeabi_ui2d
<LI><a href="#[76]">&gt;&gt;</a>&nbsp;&nbsp;&nbsp;__aeabi_d2uiz
<LI><a href="#[6d]">&gt;&gt;</a>&nbsp;&nbsp;&nbsp;__aeabi_dsub
<LI><a href="#[77]">&gt;&gt;</a>&nbsp;&nbsp;&nbsp;__aeabi_dadd
</UL>
<BR>[Called By]<UL><LI><a href="#[dc]">&gt;&gt;</a>&nbsp;&nbsp;&nbsp;Fun_Type_Cur
<LI><a href="#[c3]">&gt;&gt;</a>&nbsp;&nbsp;&nbsp;Fun_OP_Val
<LI><a href="#[c2]">&gt;&gt;</a>&nbsp;&nbsp;&nbsp;Fun_OP_T
<LI><a href="#[bf]">&gt;&gt;</a>&nbsp;&nbsp;&nbsp;Fun_Instant_Val
<LI><a href="#[b6]">&gt;&gt;</a>&nbsp;&nbsp;&nbsp;Fun_Delay_Val
<LI><a href="#[b3]">&gt;&gt;</a>&nbsp;&nbsp;&nbsp;Fun_Delay_T
<LI><a href="#[197]">&gt;&gt;</a>&nbsp;&nbsp;&nbsp;Write_factors
<LI><a href="#[86]">&gt;&gt;</a>&nbsp;&nbsp;&nbsp;Cur_uart_change
<LI><a href="#[38]">&gt;&gt;</a>&nbsp;&nbsp;&nbsp;main
<LI><a href="#[1c7]">&gt;&gt;</a>&nbsp;&nbsp;&nbsp;external_E2_read
<LI><a href="#[8c]">&gt;&gt;</a>&nbsp;&nbsp;&nbsp;DW_3D_E2_read
</UL>

<P><STRONG><a name="[79]"></a>Cur_Switch_F</STRONG> (Thumb, 62 bytes, Stack size 12 bytes, main.o(i.Cur_Switch_F))
<BR><BR>[Stack]<UL><LI>Max Depth = 20<LI>Call Chain = Cur_Switch_F &rArr; __ARM_common_switch8
</UL>
<BR>[Calls]<UL><LI><a href="#[7a]">&gt;&gt;</a>&nbsp;&nbsp;&nbsp;__ARM_common_switch8
</UL>
<BR>[Called By]<UL><LI><a href="#[161]">&gt;&gt;</a>&nbsp;&nbsp;&nbsp;Read_factors
</UL>

<P><STRONG><a name="[7b]"></a>Cur_quick_protect</STRONG> (Thumb, 138 bytes, Stack size 24 bytes, main.o(i.Cur_quick_protect))
<BR><BR>[Stack]<UL><LI>Max Depth = 48<LI>Call Chain = Cur_quick_protect &rArr; Get_C_C
</UL>
<BR>[Calls]<UL><LI><a href="#[7e]">&gt;&gt;</a>&nbsp;&nbsp;&nbsp;Get_C_C
<LI><a href="#[7d]">&gt;&gt;</a>&nbsp;&nbsp;&nbsp;Get_B_C
<LI><a href="#[7c]">&gt;&gt;</a>&nbsp;&nbsp;&nbsp;Get_A_C
<LI><a href="#[81]">&gt;&gt;</a>&nbsp;&nbsp;&nbsp;D3_C_Quick_Process
<LI><a href="#[80]">&gt;&gt;</a>&nbsp;&nbsp;&nbsp;D3_B_Quick_Process
<LI><a href="#[7f]">&gt;&gt;</a>&nbsp;&nbsp;&nbsp;D3_A_Quick_Process
</UL>
<BR>[Called By]<UL><LI><a href="#[10a]">&gt;&gt;</a>&nbsp;&nbsp;&nbsp;HAL_TIM_PeriodElapsedCallback
</UL>

<P><STRONG><a name="[82]"></a>Cur_sample_process</STRONG> (Thumb, 214 bytes, Stack size 24 bytes, main.o(i.Cur_sample_process))
<BR><BR>[Stack]<UL><LI>Max Depth = 272<LI>Call Chain = Cur_sample_process &rArr; I_min_process &rArr; Write_I &rArr; MODIFY_EEP_W &rArr; AT24CXX_WriteOneByte &rArr; IIC_Wait_Ack &rArr; IIC_Stop &rArr; SDA_OUT &rArr; HAL_GPIO_Init
</UL>
<BR>[Calls]<UL><LI><a href="#[72]">&gt;&gt;</a>&nbsp;&nbsp;&nbsp;cur_handle_C
<LI><a href="#[71]">&gt;&gt;</a>&nbsp;&nbsp;&nbsp;cur_handle_B
<LI><a href="#[70]">&gt;&gt;</a>&nbsp;&nbsp;&nbsp;cur_handle_A
<LI><a href="#[83]">&gt;&gt;</a>&nbsp;&nbsp;&nbsp;HAL_IWDG_Refresh
<LI><a href="#[85]">&gt;&gt;</a>&nbsp;&nbsp;&nbsp;I_min_process
<LI><a href="#[84]">&gt;&gt;</a>&nbsp;&nbsp;&nbsp;I_max_process
<LI><a href="#[6b]">&gt;&gt;</a>&nbsp;&nbsp;&nbsp;Cur_Process
</UL>
<BR>[Called By]<UL><LI><a href="#[38]">&gt;&gt;</a>&nbsp;&nbsp;&nbsp;main
</UL>

<P><STRONG><a name="[86]"></a>Cur_uart_change</STRONG> (Thumb, 236 bytes, Stack size 24 bytes, usart.o(i.Cur_uart_change))
<BR><BR>[Stack]<UL><LI>Max Depth = 224<LI>Call Chain = Cur_uart_change &rArr; Cur_Switch &rArr; EEPROM_R &rArr; AT24CXX_ReadOneByte &rArr; IIC_Wait_Ack &rArr; IIC_Stop &rArr; SDA_OUT &rArr; HAL_GPIO_Init
</UL>
<BR>[Calls]<UL><LI><a href="#[74]">&gt;&gt;</a>&nbsp;&nbsp;&nbsp;Cur_Switch
<LI><a href="#[87]">&gt;&gt;</a>&nbsp;&nbsp;&nbsp;MODIFY_EEP_W
</UL>
<BR>[Called By]<UL><LI><a href="#[19d]">&gt;&gt;</a>&nbsp;&nbsp;&nbsp;Write_cur_setpoint
</UL>

<P><STRONG><a name="[88]"></a>Cur_uart_get</STRONG> (Thumb, 146 bytes, Stack size 16 bytes, usart.o(i.Cur_uart_get))
<BR><BR>[Stack]<UL><LI>Max Depth = 64<LI>Call Chain = Cur_uart_get &rArr; DectoBCD
</UL>
<BR>[Calls]<UL><LI><a href="#[89]">&gt;&gt;</a>&nbsp;&nbsp;&nbsp;DectoBCD
</UL>
<BR>[Called By]<UL><LI><a href="#[15b]">&gt;&gt;</a>&nbsp;&nbsp;&nbsp;Read_cur_setpoint
</UL>

<P><STRONG><a name="[7f]"></a>D3_A_Quick_Process</STRONG> (Thumb, 102 bytes, Stack size 16 bytes, main.o(i.D3_A_Quick_Process))
<BR><BR>[Stack]<UL><LI>Max Depth = 16<LI>Call Chain = D3_A_Quick_Process
</UL>
<BR>[Calls]<UL><LI><a href="#[66]">&gt;&gt;</a>&nbsp;&nbsp;&nbsp;HAL_GPIO_WritePin
</UL>
<BR>[Called By]<UL><LI><a href="#[7b]">&gt;&gt;</a>&nbsp;&nbsp;&nbsp;Cur_quick_protect
</UL>

<P><STRONG><a name="[80]"></a>D3_B_Quick_Process</STRONG> (Thumb, 102 bytes, Stack size 16 bytes, main.o(i.D3_B_Quick_Process))
<BR><BR>[Stack]<UL><LI>Max Depth = 16<LI>Call Chain = D3_B_Quick_Process
</UL>
<BR>[Calls]<UL><LI><a href="#[66]">&gt;&gt;</a>&nbsp;&nbsp;&nbsp;HAL_GPIO_WritePin
</UL>
<BR>[Called By]<UL><LI><a href="#[7b]">&gt;&gt;</a>&nbsp;&nbsp;&nbsp;Cur_quick_protect
</UL>

<P><STRONG><a name="[81]"></a>D3_C_Quick_Process</STRONG> (Thumb, 96 bytes, Stack size 16 bytes, main.o(i.D3_C_Quick_Process))
<BR><BR>[Stack]<UL><LI>Max Depth = 16<LI>Call Chain = D3_C_Quick_Process
</UL>
<BR>[Calls]<UL><LI><a href="#[66]">&gt;&gt;</a>&nbsp;&nbsp;&nbsp;HAL_GPIO_WritePin
</UL>
<BR>[Called By]<UL><LI><a href="#[7b]">&gt;&gt;</a>&nbsp;&nbsp;&nbsp;Cur_quick_protect
</UL>

<P><STRONG><a name="[13]"></a>DMA1_Channel1_IRQHandler</STRONG> (Thumb, 10 bytes, Stack size 8 bytes, stm32f0xx_it.o(i.DMA1_Channel1_IRQHandler))
<BR><BR>[Stack]<UL><LI>Max Depth = 24<LI>Call Chain = DMA1_Channel1_IRQHandler &rArr; HAL_DMA_IRQHandler
</UL>
<BR>[Calls]<UL><LI><a href="#[8a]">&gt;&gt;</a>&nbsp;&nbsp;&nbsp;HAL_DMA_IRQHandler
</UL>
<BR>[Address Reference Count : 1]<UL><LI> startup_stm32f030xc.o(RESET)
</UL>
<P><STRONG><a name="[8c]"></a>DW_3D_E2_read</STRONG> (Thumb, 398 bytes, Stack size 48 bytes, main.o(i.DW_3D_E2_read))
<BR><BR>[Stack]<UL><LI>Max Depth = 248<LI>Call Chain = DW_3D_E2_read &rArr; Cur_Switch &rArr; EEPROM_R &rArr; AT24CXX_ReadOneByte &rArr; IIC_Wait_Ack &rArr; IIC_Stop &rArr; SDA_OUT &rArr; HAL_GPIO_Init
</UL>
<BR>[Calls]<UL><LI><a href="#[8d]">&gt;&gt;</a>&nbsp;&nbsp;&nbsp;ctrlword4_analyze
<LI><a href="#[74]">&gt;&gt;</a>&nbsp;&nbsp;&nbsp;Cur_Switch
<LI><a href="#[87]">&gt;&gt;</a>&nbsp;&nbsp;&nbsp;MODIFY_EEP_W
<LI><a href="#[78]">&gt;&gt;</a>&nbsp;&nbsp;&nbsp;EEPROM_R
<LI><a href="#[83]">&gt;&gt;</a>&nbsp;&nbsp;&nbsp;HAL_IWDG_Refresh
</UL>
<BR>[Called By]<UL><LI><a href="#[38]">&gt;&gt;</a>&nbsp;&nbsp;&nbsp;main
</UL>

<P><STRONG><a name="[91]"></a>Day_factors_clear</STRONG> (Thumb, 100 bytes, Stack size 0 bytes, main.o(i.Day_factors_clear))
<BR><BR>[Called By]<UL><LI><a href="#[8e]">&gt;&gt;</a>&nbsp;&nbsp;&nbsp;Day_updata_process
</UL>

<P><STRONG><a name="[8e]"></a>Day_updata_process</STRONG> (Thumb, 156 bytes, Stack size 8 bytes, main.o(i.Day_updata_process))
<BR><BR>[Stack]<UL><LI>Max Depth = 104<LI>Call Chain = Day_updata_process &rArr; RS485_Init &rArr; HAL_UART_Init &rArr; UART_CheckIdleState &rArr; UART_WaitOnFlagUntilTimeout &rArr; UART_EndRxTransfer
</UL>
<BR>[Calls]<UL><LI><a href="#[92]">&gt;&gt;</a>&nbsp;&nbsp;&nbsp;RS485_Init
<LI><a href="#[8f]">&gt;&gt;</a>&nbsp;&nbsp;&nbsp;HAL_RTC_GetTime
<LI><a href="#[90]">&gt;&gt;</a>&nbsp;&nbsp;&nbsp;HAL_RTC_GetDate
<LI><a href="#[83]">&gt;&gt;</a>&nbsp;&nbsp;&nbsp;HAL_IWDG_Refresh
<LI><a href="#[91]">&gt;&gt;</a>&nbsp;&nbsp;&nbsp;Day_factors_clear
</UL>
<BR>[Called By]<UL><LI><a href="#[38]">&gt;&gt;</a>&nbsp;&nbsp;&nbsp;main
</UL>

<P><STRONG><a name="[89]"></a>DectoBCD</STRONG> (Thumb, 356 bytes, Stack size 48 bytes, tool.o(i.DectoBCD))
<BR><BR>[Stack]<UL><LI>Max Depth = 48<LI>Call Chain = DectoBCD
</UL>
<BR>[Calls]<UL><LI><a href="#[57]">&gt;&gt;</a>&nbsp;&nbsp;&nbsp;__aeabi_uidivmod
</UL>
<BR>[Called By]<UL><LI><a href="#[8d]">&gt;&gt;</a>&nbsp;&nbsp;&nbsp;ctrlword4_analyze
<LI><a href="#[13a]">&gt;&gt;</a>&nbsp;&nbsp;&nbsp;Ls_function_process
<LI><a href="#[17a]">&gt;&gt;</a>&nbsp;&nbsp;&nbsp;Read_variable_vol
<LI><a href="#[179]">&gt;&gt;</a>&nbsp;&nbsp;&nbsp;Read_variable_leak_class
<LI><a href="#[178]">&gt;&gt;</a>&nbsp;&nbsp;&nbsp;Read_variable_leak
<LI><a href="#[177]">&gt;&gt;</a>&nbsp;&nbsp;&nbsp;Read_variable_cur
<LI><a href="#[155]">&gt;&gt;</a>&nbsp;&nbsp;&nbsp;Read_SD_Value
<LI><a href="#[154]">&gt;&gt;</a>&nbsp;&nbsp;&nbsp;Read_SD_Slope_Value
<LI><a href="#[150]">&gt;&gt;</a>&nbsp;&nbsp;&nbsp;Read_SD_AD_Value
<LI><a href="#[14f]">&gt;&gt;</a>&nbsp;&nbsp;&nbsp;Read_LD_XL_Value
<LI><a href="#[14e]">&gt;&gt;</a>&nbsp;&nbsp;&nbsp;Read_DY_XL_Value
<LI><a href="#[14d]">&gt;&gt;</a>&nbsp;&nbsp;&nbsp;Read_DL_XL_Value
<LI><a href="#[14b]">&gt;&gt;</a>&nbsp;&nbsp;&nbsp;Read_DL_AD_Value
<LI><a href="#[9d]">&gt;&gt;</a>&nbsp;&nbsp;&nbsp;Event_clear
<LI><a href="#[88]">&gt;&gt;</a>&nbsp;&nbsp;&nbsp;Cur_uart_get
<LI><a href="#[192]">&gt;&gt;</a>&nbsp;&nbsp;&nbsp;factor_first_init
<LI><a href="#[1bd]">&gt;&gt;</a>&nbsp;&nbsp;&nbsp;data_clear
<LI><a href="#[133]">&gt;&gt;</a>&nbsp;&nbsp;&nbsp;Write_leak
<LI><a href="#[1ac]">&gt;&gt;</a>&nbsp;&nbsp;&nbsp;Write_V
<LI><a href="#[67]">&gt;&gt;</a>&nbsp;&nbsp;&nbsp;Write_Selftest_Record
<LI><a href="#[1b7]">&gt;&gt;</a>&nbsp;&nbsp;&nbsp;Write_Record
<LI><a href="#[1b6]">&gt;&gt;</a>&nbsp;&nbsp;&nbsp;Write_Leak_Record
<LI><a href="#[12e]">&gt;&gt;</a>&nbsp;&nbsp;&nbsp;Write_I
<LI><a href="#[17e]">&gt;&gt;</a>&nbsp;&nbsp;&nbsp;Run_time_process
<LI><a href="#[17d]">&gt;&gt;</a>&nbsp;&nbsp;&nbsp;Record_V
<LI><a href="#[131]">&gt;&gt;</a>&nbsp;&nbsp;&nbsp;Leak_Over_process
</UL>

<P><STRONG><a name="[93]"></a>Disp_Write_time</STRONG> (Thumb, 296 bytes, Stack size 8 bytes, state.o(i.Disp_Write_time))
<BR><BR>[Stack]<UL><LI>Max Depth = 120<LI>Call Chain = Disp_Write_time &rArr; Lcd12864_Write12CnCHAR &rArr; transfer_data &rArr; delay_us
</UL>
<BR>[Calls]<UL><LI><a href="#[95]">&gt;&gt;</a>&nbsp;&nbsp;&nbsp;display_graphic_6x12
<LI><a href="#[94]">&gt;&gt;</a>&nbsp;&nbsp;&nbsp;display_ASCIIstring_6x12
<LI><a href="#[96]">&gt;&gt;</a>&nbsp;&nbsp;&nbsp;Lcd12864_Write12CnCHAR
</UL>
<BR>[Called By]<UL><LI><a href="#[db]">&gt;&gt;</a>&nbsp;&nbsp;&nbsp;Fun_Time_Y
<LI><a href="#[da]">&gt;&gt;</a>&nbsp;&nbsp;&nbsp;Fun_Time_S
<LI><a href="#[d9]">&gt;&gt;</a>&nbsp;&nbsp;&nbsp;Fun_Time_M
<LI><a href="#[d8]">&gt;&gt;</a>&nbsp;&nbsp;&nbsp;Fun_Time_H
<LI><a href="#[d7]">&gt;&gt;</a>&nbsp;&nbsp;&nbsp;Fun_Time_F
<LI><a href="#[d4]">&gt;&gt;</a>&nbsp;&nbsp;&nbsp;Fun_Time_D
</UL>

<P><STRONG><a name="[97]"></a>Disp_date</STRONG> (Thumb, 274 bytes, Stack size 8 bytes, state.o(i.Disp_date))
<BR><BR>[Stack]<UL><LI>Max Depth = 120<LI>Call Chain = Disp_date &rArr; Lcd12864_Write12CnCHAR &rArr; transfer_data &rArr; delay_us
</UL>
<BR>[Calls]<UL><LI><a href="#[95]">&gt;&gt;</a>&nbsp;&nbsp;&nbsp;display_graphic_6x12
<LI><a href="#[94]">&gt;&gt;</a>&nbsp;&nbsp;&nbsp;display_ASCIIstring_6x12
<LI><a href="#[96]">&gt;&gt;</a>&nbsp;&nbsp;&nbsp;Lcd12864_Write12CnCHAR
<LI><a href="#[8f]">&gt;&gt;</a>&nbsp;&nbsp;&nbsp;HAL_RTC_GetTime
<LI><a href="#[90]">&gt;&gt;</a>&nbsp;&nbsp;&nbsp;HAL_RTC_GetDate
</UL>
<BR>[Called By]<UL><LI><a href="#[dc]">&gt;&gt;</a>&nbsp;&nbsp;&nbsp;Fun_Type_Cur
<LI><a href="#[db]">&gt;&gt;</a>&nbsp;&nbsp;&nbsp;Fun_Time_Y
<LI><a href="#[da]">&gt;&gt;</a>&nbsp;&nbsp;&nbsp;Fun_Time_S
<LI><a href="#[d9]">&gt;&gt;</a>&nbsp;&nbsp;&nbsp;Fun_Time_M
<LI><a href="#[d8]">&gt;&gt;</a>&nbsp;&nbsp;&nbsp;Fun_Time_H
<LI><a href="#[d7]">&gt;&gt;</a>&nbsp;&nbsp;&nbsp;Fun_Time_F
<LI><a href="#[d4]">&gt;&gt;</a>&nbsp;&nbsp;&nbsp;Fun_Time_D
<LI><a href="#[ad]">&gt;&gt;</a>&nbsp;&nbsp;&nbsp;Fun_Com_S
</UL>

<P><STRONG><a name="[98]"></a>Disp_time</STRONG> (Thumb, 268 bytes, Stack size 8 bytes, state.o(i.Disp_time))
<BR><BR>[Stack]<UL><LI>Max Depth = 120<LI>Call Chain = Disp_time &rArr; Lcd12864_Write12CnCHAR &rArr; transfer_data &rArr; delay_us
</UL>
<BR>[Calls]<UL><LI><a href="#[94]">&gt;&gt;</a>&nbsp;&nbsp;&nbsp;display_ASCIIstring_6x12
<LI><a href="#[96]">&gt;&gt;</a>&nbsp;&nbsp;&nbsp;Lcd12864_Write12CnCHAR
<LI><a href="#[8f]">&gt;&gt;</a>&nbsp;&nbsp;&nbsp;HAL_RTC_GetTime
<LI><a href="#[90]">&gt;&gt;</a>&nbsp;&nbsp;&nbsp;HAL_RTC_GetDate
</UL>
<BR>[Called By]<UL><LI><a href="#[dc]">&gt;&gt;</a>&nbsp;&nbsp;&nbsp;Fun_Type_Cur
<LI><a href="#[db]">&gt;&gt;</a>&nbsp;&nbsp;&nbsp;Fun_Time_Y
<LI><a href="#[da]">&gt;&gt;</a>&nbsp;&nbsp;&nbsp;Fun_Time_S
<LI><a href="#[d9]">&gt;&gt;</a>&nbsp;&nbsp;&nbsp;Fun_Time_M
<LI><a href="#[d8]">&gt;&gt;</a>&nbsp;&nbsp;&nbsp;Fun_Time_H
<LI><a href="#[d7]">&gt;&gt;</a>&nbsp;&nbsp;&nbsp;Fun_Time_F
<LI><a href="#[d4]">&gt;&gt;</a>&nbsp;&nbsp;&nbsp;Fun_Time_D
<LI><a href="#[ad]">&gt;&gt;</a>&nbsp;&nbsp;&nbsp;Fun_Com_S
</UL>

<P><STRONG><a name="[99]"></a>EEPROM_C</STRONG> (Thumb, 74 bytes, Stack size 16 bytes, 24cxx.o(i.EEPROM_C))
<BR><BR>[Stack]<UL><LI>Max Depth = 104<LI>Call Chain = EEPROM_C &rArr; IIC_Wait_Ack &rArr; IIC_Stop &rArr; SDA_OUT &rArr; HAL_GPIO_Init
</UL>
<BR>[Calls]<UL><LI><a href="#[61]">&gt;&gt;</a>&nbsp;&nbsp;&nbsp;delay_ms
<LI><a href="#[5c]">&gt;&gt;</a>&nbsp;&nbsp;&nbsp;IIC_Wait_Ack
<LI><a href="#[5e]">&gt;&gt;</a>&nbsp;&nbsp;&nbsp;IIC_Stop
<LI><a href="#[5a]">&gt;&gt;</a>&nbsp;&nbsp;&nbsp;IIC_Start
<LI><a href="#[5b]">&gt;&gt;</a>&nbsp;&nbsp;&nbsp;IIC_Send_Byte
</UL>
<BR>[Called By]<UL><LI><a href="#[192]">&gt;&gt;</a>&nbsp;&nbsp;&nbsp;factor_first_init
<LI><a href="#[1bd]">&gt;&gt;</a>&nbsp;&nbsp;&nbsp;data_clear
</UL>

<P><STRONG><a name="[78]"></a>EEPROM_R</STRONG> (Thumb, 40 bytes, Stack size 40 bytes, 24cxx.o(i.EEPROM_R))
<BR><BR>[Stack]<UL><LI>Max Depth = 144<LI>Call Chain = EEPROM_R &rArr; AT24CXX_ReadOneByte &rArr; IIC_Wait_Ack &rArr; IIC_Stop &rArr; SDA_OUT &rArr; HAL_GPIO_Init
</UL>
<BR>[Calls]<UL><LI><a href="#[5f]">&gt;&gt;</a>&nbsp;&nbsp;&nbsp;AT24CXX_ReadOneByte
</UL>
<BR>[Called By]<UL><LI><a href="#[8d]">&gt;&gt;</a>&nbsp;&nbsp;&nbsp;ctrlword4_analyze
<LI><a href="#[74]">&gt;&gt;</a>&nbsp;&nbsp;&nbsp;Cur_Switch
<LI><a href="#[1dc]">&gt;&gt;</a>&nbsp;&nbsp;&nbsp;nogz_disp
<LI><a href="#[1ce]">&gt;&gt;</a>&nbsp;&nbsp;&nbsp;mima_check
<LI><a href="#[1da]">&gt;&gt;</a>&nbsp;&nbsp;&nbsp;mima_change
<LI><a href="#[13a]">&gt;&gt;</a>&nbsp;&nbsp;&nbsp;Ls_function_process
<LI><a href="#[e0]">&gt;&gt;</a>&nbsp;&nbsp;&nbsp;Get_record
<LI><a href="#[d2]">&gt;&gt;</a>&nbsp;&nbsp;&nbsp;Get_Selftest_Record
<LI><a href="#[185]">&gt;&gt;</a>&nbsp;&nbsp;&nbsp;Time_Hezha_delay
<LI><a href="#[dc]">&gt;&gt;</a>&nbsp;&nbsp;&nbsp;Fun_Type_Cur
<LI><a href="#[c8]">&gt;&gt;</a>&nbsp;&nbsp;&nbsp;Fun_QY_Val
<LI><a href="#[c3]">&gt;&gt;</a>&nbsp;&nbsp;&nbsp;Fun_OP_Val
<LI><a href="#[c2]">&gt;&gt;</a>&nbsp;&nbsp;&nbsp;Fun_OP_T
<LI><a href="#[bd]">&gt;&gt;</a>&nbsp;&nbsp;&nbsp;Fun_GY_Val
<LI><a href="#[b7]">&gt;&gt;</a>&nbsp;&nbsp;&nbsp;Fun_External_GateMode
<LI><a href="#[b6]">&gt;&gt;</a>&nbsp;&nbsp;&nbsp;Fun_Delay_Val
<LI><a href="#[b3]">&gt;&gt;</a>&nbsp;&nbsp;&nbsp;Fun_Delay_T
<LI><a href="#[ad]">&gt;&gt;</a>&nbsp;&nbsp;&nbsp;Fun_Com_S
<LI><a href="#[ac]">&gt;&gt;</a>&nbsp;&nbsp;&nbsp;Fun_Com_D_9
<LI><a href="#[ab]">&gt;&gt;</a>&nbsp;&nbsp;&nbsp;Fun_Com_D_8
<LI><a href="#[aa]">&gt;&gt;</a>&nbsp;&nbsp;&nbsp;Fun_Com_D_7
<LI><a href="#[a9]">&gt;&gt;</a>&nbsp;&nbsp;&nbsp;Fun_Com_D_6
<LI><a href="#[a8]">&gt;&gt;</a>&nbsp;&nbsp;&nbsp;Fun_Com_D_5
<LI><a href="#[a7]">&gt;&gt;</a>&nbsp;&nbsp;&nbsp;Fun_Com_D_4
<LI><a href="#[a6]">&gt;&gt;</a>&nbsp;&nbsp;&nbsp;Fun_Com_D_3
<LI><a href="#[a5]">&gt;&gt;</a>&nbsp;&nbsp;&nbsp;Fun_Com_D_2
<LI><a href="#[a4]">&gt;&gt;</a>&nbsp;&nbsp;&nbsp;Fun_Com_D_12
<LI><a href="#[a3]">&gt;&gt;</a>&nbsp;&nbsp;&nbsp;Fun_Com_D_11
<LI><a href="#[a2]">&gt;&gt;</a>&nbsp;&nbsp;&nbsp;Fun_Com_D_10
<LI><a href="#[9f]">&gt;&gt;</a>&nbsp;&nbsp;&nbsp;Fun_Com_D_1
<LI><a href="#[1a6]">&gt;&gt;</a>&nbsp;&nbsp;&nbsp;vol_uart_cal_handle
<LI><a href="#[170]">&gt;&gt;</a>&nbsp;&nbsp;&nbsp;Read_num_trip
<LI><a href="#[16f]">&gt;&gt;</a>&nbsp;&nbsp;&nbsp;Read_num_protectoff
<LI><a href="#[16e]">&gt;&gt;</a>&nbsp;&nbsp;&nbsp;Read_num_dataclear
<LI><a href="#[16d]">&gt;&gt;</a>&nbsp;&nbsp;&nbsp;Read_max_vol
<LI><a href="#[16c]">&gt;&gt;</a>&nbsp;&nbsp;&nbsp;Read_max_min_vol
<LI><a href="#[16b]">&gt;&gt;</a>&nbsp;&nbsp;&nbsp;Read_max_min_leak
<LI><a href="#[16a]">&gt;&gt;</a>&nbsp;&nbsp;&nbsp;Read_max_min_cur
<LI><a href="#[169]">&gt;&gt;</a>&nbsp;&nbsp;&nbsp;Read_max_leak
<LI><a href="#[167]">&gt;&gt;</a>&nbsp;&nbsp;&nbsp;Read_max_cur
<LI><a href="#[166]">&gt;&gt;</a>&nbsp;&nbsp;&nbsp;Read_leakctrl
<LI><a href="#[161]">&gt;&gt;</a>&nbsp;&nbsp;&nbsp;Read_factors
<LI><a href="#[160]">&gt;&gt;</a>&nbsp;&nbsp;&nbsp;Read_event_leaktrip
<LI><a href="#[15f]">&gt;&gt;</a>&nbsp;&nbsp;&nbsp;Read_event_leakself
<LI><a href="#[15e]">&gt;&gt;</a>&nbsp;&nbsp;&nbsp;Read_event_leakrecord
<LI><a href="#[15d]">&gt;&gt;</a>&nbsp;&nbsp;&nbsp;Read_event_leakover
<LI><a href="#[15c]">&gt;&gt;</a>&nbsp;&nbsp;&nbsp;Read_event_leakalarm
<LI><a href="#[15b]">&gt;&gt;</a>&nbsp;&nbsp;&nbsp;Read_cur_setpoint
<LI><a href="#[18e]">&gt;&gt;</a>&nbsp;&nbsp;&nbsp;UART_process
<LI><a href="#[1d8]">&gt;&gt;</a>&nbsp;&nbsp;&nbsp;read_tingdian
<LI><a href="#[38]">&gt;&gt;</a>&nbsp;&nbsp;&nbsp;main
<LI><a href="#[193]">&gt;&gt;</a>&nbsp;&nbsp;&nbsp;factors_init
<LI><a href="#[1c7]">&gt;&gt;</a>&nbsp;&nbsp;&nbsp;external_E2_read
<LI><a href="#[1b7]">&gt;&gt;</a>&nbsp;&nbsp;&nbsp;Write_Record
<LI><a href="#[8c]">&gt;&gt;</a>&nbsp;&nbsp;&nbsp;DW_3D_E2_read
</UL>

<P><STRONG><a name="[9a]"></a>ERR_data_sent</STRONG> (Thumb, 94 bytes, Stack size 16 bytes, usart.o(i.ERR_data_sent))
<BR><BR>[Stack]<UL><LI>Max Depth = 112<LI>Call Chain = ERR_data_sent &rArr; HAL_UART_Transmit &rArr; UART_WaitOnFlagUntilTimeout &rArr; UART_EndRxTransfer
</UL>
<BR>[Calls]<UL><LI><a href="#[9c]">&gt;&gt;</a>&nbsp;&nbsp;&nbsp;HAL_UART_Transmit
<LI><a href="#[9b]">&gt;&gt;</a>&nbsp;&nbsp;&nbsp;Uart_prepare
</UL>
<BR>[Called By]<UL><LI><a href="#[19c]">&gt;&gt;</a>&nbsp;&nbsp;&nbsp;Write_vol_setpoint
<LI><a href="#[1a5]">&gt;&gt;</a>&nbsp;&nbsp;&nbsp;Write_trip_tim
<LI><a href="#[19b]">&gt;&gt;</a>&nbsp;&nbsp;&nbsp;Write_timing
<LI><a href="#[196]">&gt;&gt;</a>&nbsp;&nbsp;&nbsp;Write_time
<LI><a href="#[198]">&gt;&gt;</a>&nbsp;&nbsp;&nbsp;Write_password
<LI><a href="#[19a]">&gt;&gt;</a>&nbsp;&nbsp;&nbsp;Write_leakctrl
<LI><a href="#[1a4]">&gt;&gt;</a>&nbsp;&nbsp;&nbsp;Write_hezha_tim
<LI><a href="#[19e]">&gt;&gt;</a>&nbsp;&nbsp;&nbsp;Write_hezha_delay
<LI><a href="#[1a3]">&gt;&gt;</a>&nbsp;&nbsp;&nbsp;Write_fenzha_tim
<LI><a href="#[197]">&gt;&gt;</a>&nbsp;&nbsp;&nbsp;Write_factors
<LI><a href="#[19d]">&gt;&gt;</a>&nbsp;&nbsp;&nbsp;Write_cur_setpoint
<LI><a href="#[199]">&gt;&gt;</a>&nbsp;&nbsp;&nbsp;Write_ctrlword
<LI><a href="#[1a1]">&gt;&gt;</a>&nbsp;&nbsp;&nbsp;Write_baud
<LI><a href="#[17f]">&gt;&gt;</a>&nbsp;&nbsp;&nbsp;SD_uart_cal_handle
<LI><a href="#[17b]">&gt;&gt;</a>&nbsp;&nbsp;&nbsp;Read_vol_setpoint
<LI><a href="#[17a]">&gt;&gt;</a>&nbsp;&nbsp;&nbsp;Read_variable_vol
<LI><a href="#[179]">&gt;&gt;</a>&nbsp;&nbsp;&nbsp;Read_variable_leak_class
<LI><a href="#[178]">&gt;&gt;</a>&nbsp;&nbsp;&nbsp;Read_variable_leak
<LI><a href="#[177]">&gt;&gt;</a>&nbsp;&nbsp;&nbsp;Read_variable_cur
<LI><a href="#[175]">&gt;&gt;</a>&nbsp;&nbsp;&nbsp;Read_timing
<LI><a href="#[173]">&gt;&gt;</a>&nbsp;&nbsp;&nbsp;Read_time
<LI><a href="#[172]">&gt;&gt;</a>&nbsp;&nbsp;&nbsp;Read_state
<LI><a href="#[170]">&gt;&gt;</a>&nbsp;&nbsp;&nbsp;Read_num_trip
<LI><a href="#[166]">&gt;&gt;</a>&nbsp;&nbsp;&nbsp;Read_leakctrl
<LI><a href="#[161]">&gt;&gt;</a>&nbsp;&nbsp;&nbsp;Read_factors
<LI><a href="#[15b]">&gt;&gt;</a>&nbsp;&nbsp;&nbsp;Read_cur_setpoint
<LI><a href="#[15a]">&gt;&gt;</a>&nbsp;&nbsp;&nbsp;Read_ctrlword
<LI><a href="#[159]">&gt;&gt;</a>&nbsp;&nbsp;&nbsp;Read_baud
<LI><a href="#[155]">&gt;&gt;</a>&nbsp;&nbsp;&nbsp;Read_SD_Value
<LI><a href="#[154]">&gt;&gt;</a>&nbsp;&nbsp;&nbsp;Read_SD_Slope_Value
<LI><a href="#[150]">&gt;&gt;</a>&nbsp;&nbsp;&nbsp;Read_SD_AD_Value
<LI><a href="#[14e]">&gt;&gt;</a>&nbsp;&nbsp;&nbsp;Read_DY_XL_Value
<LI><a href="#[14d]">&gt;&gt;</a>&nbsp;&nbsp;&nbsp;Read_DL_XL_Value
<LI><a href="#[14b]">&gt;&gt;</a>&nbsp;&nbsp;&nbsp;Read_DL_AD_Value
<LI><a href="#[18e]">&gt;&gt;</a>&nbsp;&nbsp;&nbsp;UART_process
</UL>

<P><STRONG><a name="[e8]"></a>Error_Handler</STRONG> (Thumb, 4 bytes, Stack size 0 bytes, main.o(i.Error_Handler))
<BR><BR>[Called By]<UL><LI><a href="#[92]">&gt;&gt;</a>&nbsp;&nbsp;&nbsp;RS485_Init
<LI><a href="#[e4]">&gt;&gt;</a>&nbsp;&nbsp;&nbsp;HAL_ADC_MspInit
<LI><a href="#[143]">&gt;&gt;</a>&nbsp;&nbsp;&nbsp;MX_USART1_UART_Init
<LI><a href="#[142]">&gt;&gt;</a>&nbsp;&nbsp;&nbsp;MX_TIM6_Init
<LI><a href="#[141]">&gt;&gt;</a>&nbsp;&nbsp;&nbsp;MX_RTC_Init
<LI><a href="#[13e]">&gt;&gt;</a>&nbsp;&nbsp;&nbsp;MX_ADC_Init
</UL>

<P><STRONG><a name="[9d]"></a>Event_clear</STRONG> (Thumb, 698 bytes, Stack size 32 bytes, usart.o(i.Event_clear))
<BR><BR>[Stack]<UL><LI>Max Depth = 176<LI>Call Chain = Event_clear &rArr; MODIFY_EEP_W &rArr; AT24CXX_WriteOneByte &rArr; IIC_Wait_Ack &rArr; IIC_Stop &rArr; SDA_OUT &rArr; HAL_GPIO_Init
</UL>
<BR>[Calls]<UL><LI><a href="#[89]">&gt;&gt;</a>&nbsp;&nbsp;&nbsp;DectoBCD
<LI><a href="#[87]">&gt;&gt;</a>&nbsp;&nbsp;&nbsp;MODIFY_EEP_W
</UL>
<BR>[Called By]<UL><LI><a href="#[18e]">&gt;&gt;</a>&nbsp;&nbsp;&nbsp;UART_process
</UL>

<P><STRONG><a name="[9e]"></a>Flag_Updata</STRONG> (Thumb, 564 bytes, Stack size 24 bytes, main.o(i.Flag_Updata))
<BR><BR>[Stack]<UL><LI>Max Depth = 24<LI>Call Chain = Flag_Updata
</UL>
<BR>[Calls]<UL><LI><a href="#[6a]">&gt;&gt;</a>&nbsp;&nbsp;&nbsp;HAL_GPIO_ReadPin
</UL>
<BR>[Called By]<UL><LI><a href="#[10a]">&gt;&gt;</a>&nbsp;&nbsp;&nbsp;HAL_TIM_PeriodElapsedCallback
</UL>

<P><STRONG><a name="[9f]"></a>Fun_Com_D_1</STRONG> (Thumb, 616 bytes, Stack size 40 bytes, state.o(i.Fun_Com_D_1))
<BR><BR>[Stack]<UL><LI>Max Depth = 184<LI>Call Chain = Fun_Com_D_1 &rArr; MODIFY_EEP_W &rArr; AT24CXX_WriteOneByte &rArr; IIC_Wait_Ack &rArr; IIC_Stop &rArr; SDA_OUT &rArr; HAL_GPIO_Init
</UL>
<BR>[Calls]<UL><LI><a href="#[a0]">&gt;&gt;</a>&nbsp;&nbsp;&nbsp;display_ASCIIstring_6x12_with_underline
<LI><a href="#[a1]">&gt;&gt;</a>&nbsp;&nbsp;&nbsp;display_ASCIIstring_6x12_right_align
<LI><a href="#[94]">&gt;&gt;</a>&nbsp;&nbsp;&nbsp;display_ASCIIstring_6x12
<LI><a href="#[68]">&gt;&gt;</a>&nbsp;&nbsp;&nbsp;clear_screen
<LI><a href="#[96]">&gt;&gt;</a>&nbsp;&nbsp;&nbsp;Lcd12864_Write12CnCHAR
<LI><a href="#[87]">&gt;&gt;</a>&nbsp;&nbsp;&nbsp;MODIFY_EEP_W
<LI><a href="#[78]">&gt;&gt;</a>&nbsp;&nbsp;&nbsp;EEPROM_R
</UL>
<BR>[Called By]<UL><LI><a href="#[146]">&gt;&gt;</a>&nbsp;&nbsp;&nbsp;short_process
</UL>

<P><STRONG><a name="[a2]"></a>Fun_Com_D_10</STRONG> (Thumb, 616 bytes, Stack size 40 bytes, state.o(i.Fun_Com_D_10))
<BR><BR>[Stack]<UL><LI>Max Depth = 184<LI>Call Chain = Fun_Com_D_10 &rArr; MODIFY_EEP_W &rArr; AT24CXX_WriteOneByte &rArr; IIC_Wait_Ack &rArr; IIC_Stop &rArr; SDA_OUT &rArr; HAL_GPIO_Init
</UL>
<BR>[Calls]<UL><LI><a href="#[a0]">&gt;&gt;</a>&nbsp;&nbsp;&nbsp;display_ASCIIstring_6x12_with_underline
<LI><a href="#[a1]">&gt;&gt;</a>&nbsp;&nbsp;&nbsp;display_ASCIIstring_6x12_right_align
<LI><a href="#[94]">&gt;&gt;</a>&nbsp;&nbsp;&nbsp;display_ASCIIstring_6x12
<LI><a href="#[68]">&gt;&gt;</a>&nbsp;&nbsp;&nbsp;clear_screen
<LI><a href="#[96]">&gt;&gt;</a>&nbsp;&nbsp;&nbsp;Lcd12864_Write12CnCHAR
<LI><a href="#[87]">&gt;&gt;</a>&nbsp;&nbsp;&nbsp;MODIFY_EEP_W
<LI><a href="#[78]">&gt;&gt;</a>&nbsp;&nbsp;&nbsp;EEPROM_R
</UL>
<BR>[Called By]<UL><LI><a href="#[146]">&gt;&gt;</a>&nbsp;&nbsp;&nbsp;short_process
</UL>

<P><STRONG><a name="[a3]"></a>Fun_Com_D_11</STRONG> (Thumb, 614 bytes, Stack size 40 bytes, state.o(i.Fun_Com_D_11))
<BR><BR>[Stack]<UL><LI>Max Depth = 184<LI>Call Chain = Fun_Com_D_11 &rArr; MODIFY_EEP_W &rArr; AT24CXX_WriteOneByte &rArr; IIC_Wait_Ack &rArr; IIC_Stop &rArr; SDA_OUT &rArr; HAL_GPIO_Init
</UL>
<BR>[Calls]<UL><LI><a href="#[a0]">&gt;&gt;</a>&nbsp;&nbsp;&nbsp;display_ASCIIstring_6x12_with_underline
<LI><a href="#[a1]">&gt;&gt;</a>&nbsp;&nbsp;&nbsp;display_ASCIIstring_6x12_right_align
<LI><a href="#[94]">&gt;&gt;</a>&nbsp;&nbsp;&nbsp;display_ASCIIstring_6x12
<LI><a href="#[68]">&gt;&gt;</a>&nbsp;&nbsp;&nbsp;clear_screen
<LI><a href="#[96]">&gt;&gt;</a>&nbsp;&nbsp;&nbsp;Lcd12864_Write12CnCHAR
<LI><a href="#[87]">&gt;&gt;</a>&nbsp;&nbsp;&nbsp;MODIFY_EEP_W
<LI><a href="#[78]">&gt;&gt;</a>&nbsp;&nbsp;&nbsp;EEPROM_R
</UL>
<BR>[Called By]<UL><LI><a href="#[146]">&gt;&gt;</a>&nbsp;&nbsp;&nbsp;short_process
</UL>

<P><STRONG><a name="[a4]"></a>Fun_Com_D_12</STRONG> (Thumb, 616 bytes, Stack size 40 bytes, state.o(i.Fun_Com_D_12))
<BR><BR>[Stack]<UL><LI>Max Depth = 184<LI>Call Chain = Fun_Com_D_12 &rArr; MODIFY_EEP_W &rArr; AT24CXX_WriteOneByte &rArr; IIC_Wait_Ack &rArr; IIC_Stop &rArr; SDA_OUT &rArr; HAL_GPIO_Init
</UL>
<BR>[Calls]<UL><LI><a href="#[a0]">&gt;&gt;</a>&nbsp;&nbsp;&nbsp;display_ASCIIstring_6x12_with_underline
<LI><a href="#[a1]">&gt;&gt;</a>&nbsp;&nbsp;&nbsp;display_ASCIIstring_6x12_right_align
<LI><a href="#[94]">&gt;&gt;</a>&nbsp;&nbsp;&nbsp;display_ASCIIstring_6x12
<LI><a href="#[68]">&gt;&gt;</a>&nbsp;&nbsp;&nbsp;clear_screen
<LI><a href="#[96]">&gt;&gt;</a>&nbsp;&nbsp;&nbsp;Lcd12864_Write12CnCHAR
<LI><a href="#[87]">&gt;&gt;</a>&nbsp;&nbsp;&nbsp;MODIFY_EEP_W
<LI><a href="#[78]">&gt;&gt;</a>&nbsp;&nbsp;&nbsp;EEPROM_R
</UL>
<BR>[Called By]<UL><LI><a href="#[146]">&gt;&gt;</a>&nbsp;&nbsp;&nbsp;short_process
</UL>

<P><STRONG><a name="[a5]"></a>Fun_Com_D_2</STRONG> (Thumb, 616 bytes, Stack size 40 bytes, state.o(i.Fun_Com_D_2))
<BR><BR>[Stack]<UL><LI>Max Depth = 184<LI>Call Chain = Fun_Com_D_2 &rArr; MODIFY_EEP_W &rArr; AT24CXX_WriteOneByte &rArr; IIC_Wait_Ack &rArr; IIC_Stop &rArr; SDA_OUT &rArr; HAL_GPIO_Init
</UL>
<BR>[Calls]<UL><LI><a href="#[a0]">&gt;&gt;</a>&nbsp;&nbsp;&nbsp;display_ASCIIstring_6x12_with_underline
<LI><a href="#[a1]">&gt;&gt;</a>&nbsp;&nbsp;&nbsp;display_ASCIIstring_6x12_right_align
<LI><a href="#[94]">&gt;&gt;</a>&nbsp;&nbsp;&nbsp;display_ASCIIstring_6x12
<LI><a href="#[68]">&gt;&gt;</a>&nbsp;&nbsp;&nbsp;clear_screen
<LI><a href="#[96]">&gt;&gt;</a>&nbsp;&nbsp;&nbsp;Lcd12864_Write12CnCHAR
<LI><a href="#[87]">&gt;&gt;</a>&nbsp;&nbsp;&nbsp;MODIFY_EEP_W
<LI><a href="#[78]">&gt;&gt;</a>&nbsp;&nbsp;&nbsp;EEPROM_R
</UL>
<BR>[Called By]<UL><LI><a href="#[146]">&gt;&gt;</a>&nbsp;&nbsp;&nbsp;short_process
</UL>

<P><STRONG><a name="[a6]"></a>Fun_Com_D_3</STRONG> (Thumb, 616 bytes, Stack size 40 bytes, state.o(i.Fun_Com_D_3))
<BR><BR>[Stack]<UL><LI>Max Depth = 184<LI>Call Chain = Fun_Com_D_3 &rArr; MODIFY_EEP_W &rArr; AT24CXX_WriteOneByte &rArr; IIC_Wait_Ack &rArr; IIC_Stop &rArr; SDA_OUT &rArr; HAL_GPIO_Init
</UL>
<BR>[Calls]<UL><LI><a href="#[a0]">&gt;&gt;</a>&nbsp;&nbsp;&nbsp;display_ASCIIstring_6x12_with_underline
<LI><a href="#[a1]">&gt;&gt;</a>&nbsp;&nbsp;&nbsp;display_ASCIIstring_6x12_right_align
<LI><a href="#[94]">&gt;&gt;</a>&nbsp;&nbsp;&nbsp;display_ASCIIstring_6x12
<LI><a href="#[68]">&gt;&gt;</a>&nbsp;&nbsp;&nbsp;clear_screen
<LI><a href="#[96]">&gt;&gt;</a>&nbsp;&nbsp;&nbsp;Lcd12864_Write12CnCHAR
<LI><a href="#[87]">&gt;&gt;</a>&nbsp;&nbsp;&nbsp;MODIFY_EEP_W
<LI><a href="#[78]">&gt;&gt;</a>&nbsp;&nbsp;&nbsp;EEPROM_R
</UL>
<BR>[Called By]<UL><LI><a href="#[146]">&gt;&gt;</a>&nbsp;&nbsp;&nbsp;short_process
</UL>

<P><STRONG><a name="[a7]"></a>Fun_Com_D_4</STRONG> (Thumb, 618 bytes, Stack size 40 bytes, state.o(i.Fun_Com_D_4))
<BR><BR>[Stack]<UL><LI>Max Depth = 184<LI>Call Chain = Fun_Com_D_4 &rArr; MODIFY_EEP_W &rArr; AT24CXX_WriteOneByte &rArr; IIC_Wait_Ack &rArr; IIC_Stop &rArr; SDA_OUT &rArr; HAL_GPIO_Init
</UL>
<BR>[Calls]<UL><LI><a href="#[a0]">&gt;&gt;</a>&nbsp;&nbsp;&nbsp;display_ASCIIstring_6x12_with_underline
<LI><a href="#[a1]">&gt;&gt;</a>&nbsp;&nbsp;&nbsp;display_ASCIIstring_6x12_right_align
<LI><a href="#[94]">&gt;&gt;</a>&nbsp;&nbsp;&nbsp;display_ASCIIstring_6x12
<LI><a href="#[68]">&gt;&gt;</a>&nbsp;&nbsp;&nbsp;clear_screen
<LI><a href="#[96]">&gt;&gt;</a>&nbsp;&nbsp;&nbsp;Lcd12864_Write12CnCHAR
<LI><a href="#[87]">&gt;&gt;</a>&nbsp;&nbsp;&nbsp;MODIFY_EEP_W
<LI><a href="#[78]">&gt;&gt;</a>&nbsp;&nbsp;&nbsp;EEPROM_R
</UL>
<BR>[Called By]<UL><LI><a href="#[146]">&gt;&gt;</a>&nbsp;&nbsp;&nbsp;short_process
</UL>

<P><STRONG><a name="[a8]"></a>Fun_Com_D_5</STRONG> (Thumb, 620 bytes, Stack size 40 bytes, state.o(i.Fun_Com_D_5))
<BR><BR>[Stack]<UL><LI>Max Depth = 184<LI>Call Chain = Fun_Com_D_5 &rArr; MODIFY_EEP_W &rArr; AT24CXX_WriteOneByte &rArr; IIC_Wait_Ack &rArr; IIC_Stop &rArr; SDA_OUT &rArr; HAL_GPIO_Init
</UL>
<BR>[Calls]<UL><LI><a href="#[a0]">&gt;&gt;</a>&nbsp;&nbsp;&nbsp;display_ASCIIstring_6x12_with_underline
<LI><a href="#[a1]">&gt;&gt;</a>&nbsp;&nbsp;&nbsp;display_ASCIIstring_6x12_right_align
<LI><a href="#[94]">&gt;&gt;</a>&nbsp;&nbsp;&nbsp;display_ASCIIstring_6x12
<LI><a href="#[68]">&gt;&gt;</a>&nbsp;&nbsp;&nbsp;clear_screen
<LI><a href="#[96]">&gt;&gt;</a>&nbsp;&nbsp;&nbsp;Lcd12864_Write12CnCHAR
<LI><a href="#[87]">&gt;&gt;</a>&nbsp;&nbsp;&nbsp;MODIFY_EEP_W
<LI><a href="#[78]">&gt;&gt;</a>&nbsp;&nbsp;&nbsp;EEPROM_R
</UL>
<BR>[Called By]<UL><LI><a href="#[146]">&gt;&gt;</a>&nbsp;&nbsp;&nbsp;short_process
</UL>

<P><STRONG><a name="[a9]"></a>Fun_Com_D_6</STRONG> (Thumb, 620 bytes, Stack size 40 bytes, state.o(i.Fun_Com_D_6))
<BR><BR>[Stack]<UL><LI>Max Depth = 184<LI>Call Chain = Fun_Com_D_6 &rArr; MODIFY_EEP_W &rArr; AT24CXX_WriteOneByte &rArr; IIC_Wait_Ack &rArr; IIC_Stop &rArr; SDA_OUT &rArr; HAL_GPIO_Init
</UL>
<BR>[Calls]<UL><LI><a href="#[a0]">&gt;&gt;</a>&nbsp;&nbsp;&nbsp;display_ASCIIstring_6x12_with_underline
<LI><a href="#[a1]">&gt;&gt;</a>&nbsp;&nbsp;&nbsp;display_ASCIIstring_6x12_right_align
<LI><a href="#[94]">&gt;&gt;</a>&nbsp;&nbsp;&nbsp;display_ASCIIstring_6x12
<LI><a href="#[68]">&gt;&gt;</a>&nbsp;&nbsp;&nbsp;clear_screen
<LI><a href="#[96]">&gt;&gt;</a>&nbsp;&nbsp;&nbsp;Lcd12864_Write12CnCHAR
<LI><a href="#[87]">&gt;&gt;</a>&nbsp;&nbsp;&nbsp;MODIFY_EEP_W
<LI><a href="#[78]">&gt;&gt;</a>&nbsp;&nbsp;&nbsp;EEPROM_R
</UL>
<BR>[Called By]<UL><LI><a href="#[146]">&gt;&gt;</a>&nbsp;&nbsp;&nbsp;short_process
</UL>

<P><STRONG><a name="[aa]"></a>Fun_Com_D_7</STRONG> (Thumb, 620 bytes, Stack size 40 bytes, state.o(i.Fun_Com_D_7))
<BR><BR>[Stack]<UL><LI>Max Depth = 184<LI>Call Chain = Fun_Com_D_7 &rArr; MODIFY_EEP_W &rArr; AT24CXX_WriteOneByte &rArr; IIC_Wait_Ack &rArr; IIC_Stop &rArr; SDA_OUT &rArr; HAL_GPIO_Init
</UL>
<BR>[Calls]<UL><LI><a href="#[a0]">&gt;&gt;</a>&nbsp;&nbsp;&nbsp;display_ASCIIstring_6x12_with_underline
<LI><a href="#[a1]">&gt;&gt;</a>&nbsp;&nbsp;&nbsp;display_ASCIIstring_6x12_right_align
<LI><a href="#[94]">&gt;&gt;</a>&nbsp;&nbsp;&nbsp;display_ASCIIstring_6x12
<LI><a href="#[68]">&gt;&gt;</a>&nbsp;&nbsp;&nbsp;clear_screen
<LI><a href="#[96]">&gt;&gt;</a>&nbsp;&nbsp;&nbsp;Lcd12864_Write12CnCHAR
<LI><a href="#[87]">&gt;&gt;</a>&nbsp;&nbsp;&nbsp;MODIFY_EEP_W
<LI><a href="#[78]">&gt;&gt;</a>&nbsp;&nbsp;&nbsp;EEPROM_R
</UL>
<BR>[Called By]<UL><LI><a href="#[146]">&gt;&gt;</a>&nbsp;&nbsp;&nbsp;short_process
</UL>

<P><STRONG><a name="[ab]"></a>Fun_Com_D_8</STRONG> (Thumb, 618 bytes, Stack size 40 bytes, state.o(i.Fun_Com_D_8))
<BR><BR>[Stack]<UL><LI>Max Depth = 184<LI>Call Chain = Fun_Com_D_8 &rArr; MODIFY_EEP_W &rArr; AT24CXX_WriteOneByte &rArr; IIC_Wait_Ack &rArr; IIC_Stop &rArr; SDA_OUT &rArr; HAL_GPIO_Init
</UL>
<BR>[Calls]<UL><LI><a href="#[a0]">&gt;&gt;</a>&nbsp;&nbsp;&nbsp;display_ASCIIstring_6x12_with_underline
<LI><a href="#[a1]">&gt;&gt;</a>&nbsp;&nbsp;&nbsp;display_ASCIIstring_6x12_right_align
<LI><a href="#[94]">&gt;&gt;</a>&nbsp;&nbsp;&nbsp;display_ASCIIstring_6x12
<LI><a href="#[68]">&gt;&gt;</a>&nbsp;&nbsp;&nbsp;clear_screen
<LI><a href="#[96]">&gt;&gt;</a>&nbsp;&nbsp;&nbsp;Lcd12864_Write12CnCHAR
<LI><a href="#[87]">&gt;&gt;</a>&nbsp;&nbsp;&nbsp;MODIFY_EEP_W
<LI><a href="#[78]">&gt;&gt;</a>&nbsp;&nbsp;&nbsp;EEPROM_R
</UL>
<BR>[Called By]<UL><LI><a href="#[146]">&gt;&gt;</a>&nbsp;&nbsp;&nbsp;short_process
</UL>

<P><STRONG><a name="[ac]"></a>Fun_Com_D_9</STRONG> (Thumb, 614 bytes, Stack size 40 bytes, state.o(i.Fun_Com_D_9))
<BR><BR>[Stack]<UL><LI>Max Depth = 184<LI>Call Chain = Fun_Com_D_9 &rArr; MODIFY_EEP_W &rArr; AT24CXX_WriteOneByte &rArr; IIC_Wait_Ack &rArr; IIC_Stop &rArr; SDA_OUT &rArr; HAL_GPIO_Init
</UL>
<BR>[Calls]<UL><LI><a href="#[a0]">&gt;&gt;</a>&nbsp;&nbsp;&nbsp;display_ASCIIstring_6x12_with_underline
<LI><a href="#[a1]">&gt;&gt;</a>&nbsp;&nbsp;&nbsp;display_ASCIIstring_6x12_right_align
<LI><a href="#[94]">&gt;&gt;</a>&nbsp;&nbsp;&nbsp;display_ASCIIstring_6x12
<LI><a href="#[68]">&gt;&gt;</a>&nbsp;&nbsp;&nbsp;clear_screen
<LI><a href="#[96]">&gt;&gt;</a>&nbsp;&nbsp;&nbsp;Lcd12864_Write12CnCHAR
<LI><a href="#[87]">&gt;&gt;</a>&nbsp;&nbsp;&nbsp;MODIFY_EEP_W
<LI><a href="#[78]">&gt;&gt;</a>&nbsp;&nbsp;&nbsp;EEPROM_R
</UL>
<BR>[Called By]<UL><LI><a href="#[146]">&gt;&gt;</a>&nbsp;&nbsp;&nbsp;short_process
</UL>

<P><STRONG><a name="[ad]"></a>Fun_Com_S</STRONG> (Thumb, 308 bytes, Stack size 24 bytes, state.o(i.Fun_Com_S))
<BR><BR>[Stack]<UL><LI>Max Depth = 168<LI>Call Chain = Fun_Com_S &rArr; MODIFY_EEP_W &rArr; AT24CXX_WriteOneByte &rArr; IIC_Wait_Ack &rArr; IIC_Stop &rArr; SDA_OUT &rArr; HAL_GPIO_Init
</UL>
<BR>[Calls]<UL><LI><a href="#[a1]">&gt;&gt;</a>&nbsp;&nbsp;&nbsp;display_ASCIIstring_6x12_right_align
<LI><a href="#[68]">&gt;&gt;</a>&nbsp;&nbsp;&nbsp;clear_screen
<LI><a href="#[ae]">&gt;&gt;</a>&nbsp;&nbsp;&nbsp;clear_define_screen
<LI><a href="#[92]">&gt;&gt;</a>&nbsp;&nbsp;&nbsp;RS485_Init
<LI><a href="#[96]">&gt;&gt;</a>&nbsp;&nbsp;&nbsp;Lcd12864_Write12CnCHAR
<LI><a href="#[87]">&gt;&gt;</a>&nbsp;&nbsp;&nbsp;MODIFY_EEP_W
<LI><a href="#[78]">&gt;&gt;</a>&nbsp;&nbsp;&nbsp;EEPROM_R
<LI><a href="#[98]">&gt;&gt;</a>&nbsp;&nbsp;&nbsp;Disp_time
<LI><a href="#[97]">&gt;&gt;</a>&nbsp;&nbsp;&nbsp;Disp_date
</UL>
<BR>[Called By]<UL><LI><a href="#[146]">&gt;&gt;</a>&nbsp;&nbsp;&nbsp;short_process
</UL>

<P><STRONG><a name="[af]"></a>Fun_DL_hezha</STRONG> (Thumb, 184 bytes, Stack size 16 bytes, state.o(i.Fun_DL_hezha))
<BR><BR>[Stack]<UL><LI>Max Depth = 160<LI>Call Chain = Fun_DL_hezha &rArr; MODIFY_EEP_W &rArr; AT24CXX_WriteOneByte &rArr; IIC_Wait_Ack &rArr; IIC_Stop &rArr; SDA_OUT &rArr; HAL_GPIO_Init
</UL>
<BR>[Calls]<UL><LI><a href="#[95]">&gt;&gt;</a>&nbsp;&nbsp;&nbsp;display_graphic_6x12
<LI><a href="#[68]">&gt;&gt;</a>&nbsp;&nbsp;&nbsp;clear_screen
<LI><a href="#[96]">&gt;&gt;</a>&nbsp;&nbsp;&nbsp;Lcd12864_Write12CnCHAR
<LI><a href="#[87]">&gt;&gt;</a>&nbsp;&nbsp;&nbsp;MODIFY_EEP_W
<LI><a href="#[b0]">&gt;&gt;</a>&nbsp;&nbsp;&nbsp;display_kaiguan
</UL>
<BR>[Called By]<UL><LI><a href="#[146]">&gt;&gt;</a>&nbsp;&nbsp;&nbsp;short_process
</UL>

<P><STRONG><a name="[b1]"></a>Fun_DY_hezha</STRONG> (Thumb, 184 bytes, Stack size 16 bytes, state.o(i.Fun_DY_hezha))
<BR><BR>[Stack]<UL><LI>Max Depth = 160<LI>Call Chain = Fun_DY_hezha &rArr; MODIFY_EEP_W &rArr; AT24CXX_WriteOneByte &rArr; IIC_Wait_Ack &rArr; IIC_Stop &rArr; SDA_OUT &rArr; HAL_GPIO_Init
</UL>
<BR>[Calls]<UL><LI><a href="#[95]">&gt;&gt;</a>&nbsp;&nbsp;&nbsp;display_graphic_6x12
<LI><a href="#[68]">&gt;&gt;</a>&nbsp;&nbsp;&nbsp;clear_screen
<LI><a href="#[96]">&gt;&gt;</a>&nbsp;&nbsp;&nbsp;Lcd12864_Write12CnCHAR
<LI><a href="#[87]">&gt;&gt;</a>&nbsp;&nbsp;&nbsp;MODIFY_EEP_W
<LI><a href="#[b0]">&gt;&gt;</a>&nbsp;&nbsp;&nbsp;display_kaiguan
</UL>
<BR>[Called By]<UL><LI><a href="#[146]">&gt;&gt;</a>&nbsp;&nbsp;&nbsp;short_process
</UL>

<P><STRONG><a name="[b2]"></a>Fun_DZ</STRONG> (Thumb, 198 bytes, Stack size 16 bytes, state.o(i.Fun_DZ))
<BR><BR>[Stack]<UL><LI>Max Depth = 160<LI>Call Chain = Fun_DZ &rArr; MODIFY_EEP_W &rArr; AT24CXX_WriteOneByte &rArr; IIC_Wait_Ack &rArr; IIC_Stop &rArr; SDA_OUT &rArr; HAL_GPIO_Init
</UL>
<BR>[Calls]<UL><LI><a href="#[95]">&gt;&gt;</a>&nbsp;&nbsp;&nbsp;display_graphic_6x12
<LI><a href="#[68]">&gt;&gt;</a>&nbsp;&nbsp;&nbsp;clear_screen
<LI><a href="#[96]">&gt;&gt;</a>&nbsp;&nbsp;&nbsp;Lcd12864_Write12CnCHAR
<LI><a href="#[87]">&gt;&gt;</a>&nbsp;&nbsp;&nbsp;MODIFY_EEP_W
<LI><a href="#[b0]">&gt;&gt;</a>&nbsp;&nbsp;&nbsp;display_kaiguan
</UL>
<BR>[Called By]<UL><LI><a href="#[146]">&gt;&gt;</a>&nbsp;&nbsp;&nbsp;short_process
</UL>

<P><STRONG><a name="[b3]"></a>Fun_Delay_T</STRONG> (Thumb, 280 bytes, Stack size 24 bytes, state.o(i.Fun_Delay_T))
<BR><BR>[Stack]<UL><LI>Max Depth = 224<LI>Call Chain = Fun_Delay_T &rArr; Cur_Switch &rArr; EEPROM_R &rArr; AT24CXX_ReadOneByte &rArr; IIC_Wait_Ack &rArr; IIC_Stop &rArr; SDA_OUT &rArr; HAL_GPIO_Init
</UL>
[...]
</UL>

<P><STRONG><a name="[12f]"></a>transfer_command</STRONG> (Thumb, 190 bytes, Stack size 16 bytes, lcd.o(i.transfer_command))
<BR><BR>[Stack]<UL><LI>Max Depth = 32<LI>Call Chain = transfer_command &rArr; delay_us
</UL>
<BR>[Calls]<UL><LI><a href="#[66]">&gt;&gt;</a>&nbsp;&nbsp;&nbsp;HAL_GPIO_WritePin
<LI><a href="#[c4]">&gt;&gt;</a>&nbsp;&nbsp;&nbsp;delay_us
</UL>
<BR>[Called By]<UL><LI><a href="#[1c6]">&gt;&gt;</a>&nbsp;&nbsp;&nbsp;draw_horizontal_line
<LI><a href="#[68]">&gt;&gt;</a>&nbsp;&nbsp;&nbsp;clear_screen
<LI><a href="#[ae]">&gt;&gt;</a>&nbsp;&nbsp;&nbsp;clear_define_screen
<LI><a href="#[96]">&gt;&gt;</a>&nbsp;&nbsp;&nbsp;Lcd12864_Write12CnCHAR
<LI><a href="#[69]">&gt;&gt;</a>&nbsp;&nbsp;&nbsp;initial_lcd
<LI><a href="#[1c4]">&gt;&gt;</a>&nbsp;&nbsp;&nbsp;lcd_address
</UL>

<P><STRONG><a name="[130]"></a>transfer_data</STRONG> (Thumb, 190 bytes, Stack size 16 bytes, lcd.o(i.transfer_data))
<BR><BR>[Stack]<UL><LI>Max Depth = 32<LI>Call Chain = transfer_data &rArr; delay_us
</UL>
<BR>[Calls]<UL><LI><a href="#[66]">&gt;&gt;</a>&nbsp;&nbsp;&nbsp;HAL_GPIO_WritePin
<LI><a href="#[c4]">&gt;&gt;</a>&nbsp;&nbsp;&nbsp;delay_us
</UL>
<BR>[Called By]<UL><LI><a href="#[1c6]">&gt;&gt;</a>&nbsp;&nbsp;&nbsp;draw_horizontal_line
<LI><a href="#[1c5]">&gt;&gt;</a>&nbsp;&nbsp;&nbsp;display_graphic_8x16
<LI><a href="#[95]">&gt;&gt;</a>&nbsp;&nbsp;&nbsp;display_graphic_6x12
<LI><a href="#[a0]">&gt;&gt;</a>&nbsp;&nbsp;&nbsp;display_ASCIIstring_6x12_with_underline
<LI><a href="#[a1]">&gt;&gt;</a>&nbsp;&nbsp;&nbsp;display_ASCIIstring_6x12_right_align
<LI><a href="#[94]">&gt;&gt;</a>&nbsp;&nbsp;&nbsp;display_ASCIIstring_6x12
<LI><a href="#[68]">&gt;&gt;</a>&nbsp;&nbsp;&nbsp;clear_screen
<LI><a href="#[ae]">&gt;&gt;</a>&nbsp;&nbsp;&nbsp;clear_define_screen
<LI><a href="#[96]">&gt;&gt;</a>&nbsp;&nbsp;&nbsp;Lcd12864_Write12CnCHAR
<LI><a href="#[ca]">&gt;&gt;</a>&nbsp;&nbsp;&nbsp;display_ASCIIstring_8x16
</UL>

<P><STRONG><a name="[1d9]"></a>uart_com_process</STRONG> (Thumb, 80 bytes, Stack size 16 bytes, main.o(i.uart_com_process))
<BR><BR>[Stack]<UL><LI>Max Depth = 480<LI>Call Chain = uart_com_process &rArr; UART_process &rArr; factors_init &rArr; factor_first_init &rArr; ctrlword4_analyze &rArr; MODIFY_EEP_W &rArr; AT24CXX_WriteOneByte &rArr; IIC_Wait_Ack &rArr; IIC_Stop &rArr; SDA_OUT &rArr; HAL_GPIO_Init
</UL>
<BR>[Calls]<UL><LI><a href="#[66]">&gt;&gt;</a>&nbsp;&nbsp;&nbsp;HAL_GPIO_WritePin
<LI><a href="#[61]">&gt;&gt;</a>&nbsp;&nbsp;&nbsp;delay_ms
<LI><a href="#[1e0]">&gt;&gt;</a>&nbsp;&nbsp;&nbsp;frame_check
<LI><a href="#[18e]">&gt;&gt;</a>&nbsp;&nbsp;&nbsp;UART_process
</UL>
<BR>[Called By]<UL><LI><a href="#[38]">&gt;&gt;</a>&nbsp;&nbsp;&nbsp;main
</UL>

<P><STRONG><a name="[1b1]"></a>under_vol_prcoess</STRONG> (Thumb, 268 bytes, Stack size 24 bytes, main.o(i.under_vol_prcoess))
<BR><BR>[Stack]<UL><LI>Max Depth = 88<LI>Call Chain = under_vol_prcoess &rArr; under_vol_trip &rArr; Trip_Action &rArr; delay_ms &rArr; delay_us
</UL>
<BR>[Calls]<UL><LI><a href="#[113]">&gt;&gt;</a>&nbsp;&nbsp;&nbsp;vol_handle_C
<LI><a href="#[112]">&gt;&gt;</a>&nbsp;&nbsp;&nbsp;vol_handle_B
<LI><a href="#[111]">&gt;&gt;</a>&nbsp;&nbsp;&nbsp;vol_handle_A
<LI><a href="#[1e1]">&gt;&gt;</a>&nbsp;&nbsp;&nbsp;under_vol_trip
</UL>
<BR>[Called By]<UL><LI><a href="#[1ae]">&gt;&gt;</a>&nbsp;&nbsp;&nbsp;Vol_Process
</UL>

<P><STRONG><a name="[1e1]"></a>under_vol_trip</STRONG> (Thumb, 68 bytes, Stack size 8 bytes, main.o(i.under_vol_trip))
<BR><BR>[Stack]<UL><LI>Max Depth = 64<LI>Call Chain = under_vol_trip &rArr; Trip_Action &rArr; delay_ms &rArr; delay_us
</UL>
<BR>[Calls]<UL><LI><a href="#[1b8]">&gt;&gt;</a>&nbsp;&nbsp;&nbsp;vol_handle
<LI><a href="#[73]">&gt;&gt;</a>&nbsp;&nbsp;&nbsp;Trip_Action
<LI><a href="#[6f]">&gt;&gt;</a>&nbsp;&nbsp;&nbsp;Record_data_propare
</UL>
<BR>[Called By]<UL><LI><a href="#[1b1]">&gt;&gt;</a>&nbsp;&nbsp;&nbsp;under_vol_prcoess
</UL>

<P><STRONG><a name="[1b2]"></a>up_vol_prcoess</STRONG> (Thumb, 182 bytes, Stack size 24 bytes, main.o(i.up_vol_prcoess))
<BR><BR>[Stack]<UL><LI>Max Depth = 88<LI>Call Chain = up_vol_prcoess &rArr; up_vol_trip &rArr; Trip_Action &rArr; delay_ms &rArr; delay_us
</UL>
<BR>[Calls]<UL><LI><a href="#[113]">&gt;&gt;</a>&nbsp;&nbsp;&nbsp;vol_handle_C
<LI><a href="#[112]">&gt;&gt;</a>&nbsp;&nbsp;&nbsp;vol_handle_B
<LI><a href="#[111]">&gt;&gt;</a>&nbsp;&nbsp;&nbsp;vol_handle_A
<LI><a href="#[1e2]">&gt;&gt;</a>&nbsp;&nbsp;&nbsp;up_vol_trip
</UL>
<BR>[Called By]<UL><LI><a href="#[1ae]">&gt;&gt;</a>&nbsp;&nbsp;&nbsp;Vol_Process
</UL>

<P><STRONG><a name="[1e2]"></a>up_vol_trip</STRONG> (Thumb, 68 bytes, Stack size 8 bytes, main.o(i.up_vol_trip))
<BR><BR>[Stack]<UL><LI>Max Depth = 64<LI>Call Chain = up_vol_trip &rArr; Trip_Action &rArr; delay_ms &rArr; delay_us
</UL>
<BR>[Calls]<UL><LI><a href="#[1b8]">&gt;&gt;</a>&nbsp;&nbsp;&nbsp;vol_handle
<LI><a href="#[73]">&gt;&gt;</a>&nbsp;&nbsp;&nbsp;Trip_Action
<LI><a href="#[6f]">&gt;&gt;</a>&nbsp;&nbsp;&nbsp;Record_data_propare
</UL>
<BR>[Called By]<UL><LI><a href="#[1b2]">&gt;&gt;</a>&nbsp;&nbsp;&nbsp;up_vol_prcoess
</UL>

<P><STRONG><a name="[1b8]"></a>vol_handle</STRONG> (Thumb, 36 bytes, Stack size 8 bytes, main.o(i.vol_handle))
<BR><BR>[Stack]<UL><LI>Max Depth = 8<LI>Call Chain = vol_handle
</UL>
<BR>[Calls]<UL><LI><a href="#[57]">&gt;&gt;</a>&nbsp;&nbsp;&nbsp;__aeabi_uidivmod
</UL>
<BR>[Called By]<UL><LI><a href="#[1e2]">&gt;&gt;</a>&nbsp;&nbsp;&nbsp;up_vol_trip
<LI><a href="#[1e1]">&gt;&gt;</a>&nbsp;&nbsp;&nbsp;under_vol_trip
<LI><a href="#[1d3]">&gt;&gt;</a>&nbsp;&nbsp;&nbsp;loss_phase_trip
<LI><a href="#[1ac]">&gt;&gt;</a>&nbsp;&nbsp;&nbsp;Write_V
</UL>

<P><STRONG><a name="[111]"></a>vol_handle_A</STRONG> (Thumb, 22 bytes, Stack size 0 bytes, main.o(i.vol_handle_A))
<BR><BR>[Called By]<UL><LI><a href="#[72]">&gt;&gt;</a>&nbsp;&nbsp;&nbsp;cur_handle_C
<LI><a href="#[71]">&gt;&gt;</a>&nbsp;&nbsp;&nbsp;cur_handle_B
<LI><a href="#[70]">&gt;&gt;</a>&nbsp;&nbsp;&nbsp;cur_handle_A
<LI><a href="#[1cd]">&gt;&gt;</a>&nbsp;&nbsp;&nbsp;key_process
<LI><a href="#[1c0]">&gt;&gt;</a>&nbsp;&nbsp;&nbsp;disp_data_prepare
<LI><a href="#[1a6]">&gt;&gt;</a>&nbsp;&nbsp;&nbsp;vol_uart_cal_handle
<LI><a href="#[17a]">&gt;&gt;</a>&nbsp;&nbsp;&nbsp;Read_variable_vol
<LI><a href="#[1b2]">&gt;&gt;</a>&nbsp;&nbsp;&nbsp;up_vol_prcoess
<LI><a href="#[1b1]">&gt;&gt;</a>&nbsp;&nbsp;&nbsp;under_vol_prcoess
<LI><a href="#[1b0]">&gt;&gt;</a>&nbsp;&nbsp;&nbsp;low_vol_prcoess
<LI><a href="#[1af]">&gt;&gt;</a>&nbsp;&nbsp;&nbsp;loss_phase_process
<LI><a href="#[67]">&gt;&gt;</a>&nbsp;&nbsp;&nbsp;Write_Selftest_Record
<LI><a href="#[1b7]">&gt;&gt;</a>&nbsp;&nbsp;&nbsp;Write_Record
<LI><a href="#[1ae]">&gt;&gt;</a>&nbsp;&nbsp;&nbsp;Vol_Process
<LI><a href="#[1aa]">&gt;&gt;</a>&nbsp;&nbsp;&nbsp;V_Sample_C
<LI><a href="#[1a9]">&gt;&gt;</a>&nbsp;&nbsp;&nbsp;V_Sample
<LI><a href="#[144]">&gt;&gt;</a>&nbsp;&nbsp;&nbsp;Nomal_Process
<LI><a href="#[10a]">&gt;&gt;</a>&nbsp;&nbsp;&nbsp;HAL_TIM_PeriodElapsedCallback
</UL>

<P><STRONG><a name="[112]"></a>vol_handle_B</STRONG> (Thumb, 22 bytes, Stack size 0 bytes, main.o(i.vol_handle_B))
<BR><BR>[Called By]<UL><LI><a href="#[72]">&gt;&gt;</a>&nbsp;&nbsp;&nbsp;cur_handle_C
<LI><a href="#[71]">&gt;&gt;</a>&nbsp;&nbsp;&nbsp;cur_handle_B
<LI><a href="#[70]">&gt;&gt;</a>&nbsp;&nbsp;&nbsp;cur_handle_A
<LI><a href="#[1cd]">&gt;&gt;</a>&nbsp;&nbsp;&nbsp;key_process
<LI><a href="#[1c0]">&gt;&gt;</a>&nbsp;&nbsp;&nbsp;disp_data_prepare
<LI><a href="#[1a6]">&gt;&gt;</a>&nbsp;&nbsp;&nbsp;vol_uart_cal_handle
<LI><a href="#[17a]">&gt;&gt;</a>&nbsp;&nbsp;&nbsp;Read_variable_vol
<LI><a href="#[1b2]">&gt;&gt;</a>&nbsp;&nbsp;&nbsp;up_vol_prcoess
<LI><a href="#[1b1]">&gt;&gt;</a>&nbsp;&nbsp;&nbsp;under_vol_prcoess
<LI><a href="#[1b0]">&gt;&gt;</a>&nbsp;&nbsp;&nbsp;low_vol_prcoess
<LI><a href="#[1af]">&gt;&gt;</a>&nbsp;&nbsp;&nbsp;loss_phase_process
<LI><a href="#[67]">&gt;&gt;</a>&nbsp;&nbsp;&nbsp;Write_Selftest_Record
<LI><a href="#[1b7]">&gt;&gt;</a>&nbsp;&nbsp;&nbsp;Write_Record
<LI><a href="#[1ae]">&gt;&gt;</a>&nbsp;&nbsp;&nbsp;Vol_Process
<LI><a href="#[1aa]">&gt;&gt;</a>&nbsp;&nbsp;&nbsp;V_Sample_C
<LI><a href="#[1a9]">&gt;&gt;</a>&nbsp;&nbsp;&nbsp;V_Sample
<LI><a href="#[144]">&gt;&gt;</a>&nbsp;&nbsp;&nbsp;Nomal_Process
<LI><a href="#[10a]">&gt;&gt;</a>&nbsp;&nbsp;&nbsp;HAL_TIM_PeriodElapsedCallback
</UL>

<P><STRONG><a name="[113]"></a>vol_handle_C</STRONG> (Thumb, 22 bytes, Stack size 0 bytes, main.o(i.vol_handle_C))
<BR><BR>[Called By]<UL><LI><a href="#[72]">&gt;&gt;</a>&nbsp;&nbsp;&nbsp;cur_handle_C
<LI><a href="#[71]">&gt;&gt;</a>&nbsp;&nbsp;&nbsp;cur_handle_B
<LI><a href="#[70]">&gt;&gt;</a>&nbsp;&nbsp;&nbsp;cur_handle_A
<LI><a href="#[1cd]">&gt;&gt;</a>&nbsp;&nbsp;&nbsp;key_process
<LI><a href="#[1c0]">&gt;&gt;</a>&nbsp;&nbsp;&nbsp;disp_data_prepare
<LI><a href="#[1a6]">&gt;&gt;</a>&nbsp;&nbsp;&nbsp;vol_uart_cal_handle
<LI><a href="#[17a]">&gt;&gt;</a>&nbsp;&nbsp;&nbsp;Read_variable_vol
<LI><a href="#[1b2]">&gt;&gt;</a>&nbsp;&nbsp;&nbsp;up_vol_prcoess
<LI><a href="#[1b1]">&gt;&gt;</a>&nbsp;&nbsp;&nbsp;under_vol_prcoess
<LI><a href="#[1b0]">&gt;&gt;</a>&nbsp;&nbsp;&nbsp;low_vol_prcoess
<LI><a href="#[1af]">&gt;&gt;</a>&nbsp;&nbsp;&nbsp;loss_phase_process
<LI><a href="#[67]">&gt;&gt;</a>&nbsp;&nbsp;&nbsp;Write_Selftest_Record
<LI><a href="#[1b7]">&gt;&gt;</a>&nbsp;&nbsp;&nbsp;Write_Record
<LI><a href="#[1ae]">&gt;&gt;</a>&nbsp;&nbsp;&nbsp;Vol_Process
<LI><a href="#[1aa]">&gt;&gt;</a>&nbsp;&nbsp;&nbsp;V_Sample_C
<LI><a href="#[1a9]">&gt;&gt;</a>&nbsp;&nbsp;&nbsp;V_Sample
<LI><a href="#[144]">&gt;&gt;</a>&nbsp;&nbsp;&nbsp;Nomal_Process
<LI><a href="#[10a]">&gt;&gt;</a>&nbsp;&nbsp;&nbsp;HAL_TIM_PeriodElapsedCallback
</UL>

<P><STRONG><a name="[1a6]"></a>vol_uart_cal_handle</STRONG> (Thumb, 612 bytes, Stack size 32 bytes, usart.o(i.vol_uart_cal_handle))
<BR><BR>[Stack]<UL><LI>Max Depth = 176<LI>Call Chain = vol_uart_cal_handle &rArr; MODIFY_EEP_W &rArr; AT24CXX_WriteOneByte &rArr; IIC_Wait_Ack &rArr; IIC_Stop &rArr; SDA_OUT &rArr; HAL_GPIO_Init
</UL>
<BR>[Calls]<UL><LI><a href="#[113]">&gt;&gt;</a>&nbsp;&nbsp;&nbsp;vol_handle_C
<LI><a href="#[112]">&gt;&gt;</a>&nbsp;&nbsp;&nbsp;vol_handle_B
<LI><a href="#[111]">&gt;&gt;</a>&nbsp;&nbsp;&nbsp;vol_handle_A
<LI><a href="#[180]">&gt;&gt;</a>&nbsp;&nbsp;&nbsp;HexToChar
<LI><a href="#[61]">&gt;&gt;</a>&nbsp;&nbsp;&nbsp;delay_ms
<LI><a href="#[87]">&gt;&gt;</a>&nbsp;&nbsp;&nbsp;MODIFY_EEP_W
<LI><a href="#[78]">&gt;&gt;</a>&nbsp;&nbsp;&nbsp;EEPROM_R
<LI><a href="#[17c]">&gt;&gt;</a>&nbsp;&nbsp;&nbsp;__aeabi_idivmod
</UL>
<BR>[Called By]<UL><LI><a href="#[18e]">&gt;&gt;</a>&nbsp;&nbsp;&nbsp;UART_process
</UL>

<P><STRONG><a name="[1d5]"></a>write_tingdian</STRONG> (Thumb, 20 bytes, Stack size 8 bytes, main.o(i.write_tingdian))
<BR><BR>[Stack]<UL><LI>Max Depth = 152<LI>Call Chain = write_tingdian &rArr; MODIFY_EEP_W &rArr; AT24CXX_WriteOneByte &rArr; IIC_Wait_Ack &rArr; IIC_Stop &rArr; SDA_OUT &rArr; HAL_GPIO_Init
</UL>
<BR>[Calls]<UL><LI><a href="#[87]">&gt;&gt;</a>&nbsp;&nbsp;&nbsp;MODIFY_EEP_W
</UL>
<BR>[Called By]<UL><LI><a href="#[1d4]">&gt;&gt;</a>&nbsp;&nbsp;&nbsp;low_vol_trip
</UL>

<P><STRONG><a name="[1ca]"></a>xianshishuju</STRONG> (Thumb, 168 bytes, Stack size 16 bytes, disp.o(i.xianshishuju))
<BR><BR>[Stack]<UL><LI>Max Depth = 16<LI>Call Chain = xianshishuju
</UL>
<BR>[Calls]<UL><LI><a href="#[57]">&gt;&gt;</a>&nbsp;&nbsp;&nbsp;__aeabi_uidivmod
<LI><a href="#[40]">&gt;&gt;</a>&nbsp;&nbsp;&nbsp;__aeabi_memclr
</UL>
<BR>[Called By]<UL><LI><a href="#[1dd]">&gt;&gt;</a>&nbsp;&nbsp;&nbsp;shishishuju
<LI><a href="#[145]">&gt;&gt;</a>&nbsp;&nbsp;&nbsp;nomal_disp
<LI><a href="#[1dc]">&gt;&gt;</a>&nbsp;&nbsp;&nbsp;nogz_disp
<LI><a href="#[1db]">&gt;&gt;</a>&nbsp;&nbsp;&nbsp;mima_input
<LI><a href="#[1c9]">&gt;&gt;</a>&nbsp;&nbsp;&nbsp;guzhang_disp
</UL>

<P><STRONG><a name="[1df]"></a>xianshishuju1</STRONG> (Thumb, 296 bytes, Stack size 24 bytes, disp.o(i.xianshishuju1))
<BR><BR>[Stack]<UL><LI>Max Depth = 24<LI>Call Chain = xianshishuju1
</UL>
<BR>[Calls]<UL><LI><a href="#[57]">&gt;&gt;</a>&nbsp;&nbsp;&nbsp;__aeabi_uidivmod
<LI><a href="#[40]">&gt;&gt;</a>&nbsp;&nbsp;&nbsp;__aeabi_memclr
</UL>
<BR>[Called By]<UL><LI><a href="#[1dd]">&gt;&gt;</a>&nbsp;&nbsp;&nbsp;shishishuju
</UL>

<P><STRONG><a name="[b5]"></a>xianshishuju_dianliu</STRONG> (Thumb, 166 bytes, Stack size 24 bytes, disp.o(i.xianshishuju_dianliu))
<BR><BR>[Stack]<UL><LI>Max Depth = 24<LI>Call Chain = xianshishuju_dianliu
</UL>
<BR>[Calls]<UL><LI><a href="#[57]">&gt;&gt;</a>&nbsp;&nbsp;&nbsp;__aeabi_uidivmod
<LI><a href="#[40]">&gt;&gt;</a>&nbsp;&nbsp;&nbsp;__aeabi_memclr
</UL>
<BR>[Called By]<UL><LI><a href="#[1dd]">&gt;&gt;</a>&nbsp;&nbsp;&nbsp;shishishuju
<LI><a href="#[1dc]">&gt;&gt;</a>&nbsp;&nbsp;&nbsp;nogz_disp
<LI><a href="#[1c9]">&gt;&gt;</a>&nbsp;&nbsp;&nbsp;guzhang_disp
<LI><a href="#[c3]">&gt;&gt;</a>&nbsp;&nbsp;&nbsp;Fun_OP_Val
<LI><a href="#[c2]">&gt;&gt;</a>&nbsp;&nbsp;&nbsp;Fun_OP_T
<LI><a href="#[b6]">&gt;&gt;</a>&nbsp;&nbsp;&nbsp;Fun_Delay_Val
<LI><a href="#[b3]">&gt;&gt;</a>&nbsp;&nbsp;&nbsp;Fun_Delay_T
</UL>

<P><STRONG><a name="[b9]"></a>xianshishuju_dianya</STRONG> (Thumb, 166 bytes, Stack size 24 bytes, disp.o(i.xianshishuju_dianya))
<BR><BR>[Stack]<UL><LI>Max Depth = 24<LI>Call Chain = xianshishuju_dianya
</UL>
<BR>[Calls]<UL><LI><a href="#[57]">&gt;&gt;</a>&nbsp;&nbsp;&nbsp;__aeabi_uidivmod
<LI><a href="#[40]">&gt;&gt;</a>&nbsp;&nbsp;&nbsp;__aeabi_memclr
</UL>
<BR>[Called By]<UL><LI><a href="#[de]">&gt;&gt;</a>&nbsp;&nbsp;&nbsp;Fun_YS
<LI><a href="#[c8]">&gt;&gt;</a>&nbsp;&nbsp;&nbsp;Fun_QY_Val
<LI><a href="#[bd]">&gt;&gt;</a>&nbsp;&nbsp;&nbsp;Fun_GY_Val
<LI><a href="#[b8]">&gt;&gt;</a>&nbsp;&nbsp;&nbsp;Fun_FZ
</UL>

<P><STRONG><a name="[1c3]"></a>__aeabi_fmul</STRONG> (Thumb, 0 bytes, Stack size 16 bytes, fmul.o(x$fpl$fmul))
<BR><BR>[Stack]<UL><LI>Max Depth = 16<LI>Call Chain = __aeabi_fmul
</UL>
<BR>[Called By]<UL><LI><a href="#[1c0]">&gt;&gt;</a>&nbsp;&nbsp;&nbsp;disp_data_prepare
</UL>

<P><STRONG><a name="[220]"></a>_fmul</STRONG> (Thumb, 172 bytes, Stack size 16 bytes, fmul.o(x$fpl$fmul), UNUSED)
<P>
<H3>
Local Symbols
</H3>
<P><STRONG><a name="[29]"></a>ADC_DMAConvCplt</STRONG> (Thumb, 108 bytes, Stack size 8 bytes, stm32f0xx_hal_adc.o(i.ADC_DMAConvCplt))
<BR><BR>[Stack]<UL><LI>Max Depth = 8<LI>Call Chain = ADC_DMAConvCplt
</UL>
<BR>[Calls]<UL><LI><a href="#[53]">&gt;&gt;</a>&nbsp;&nbsp;&nbsp;HAL_ADC_ConvCpltCallback
</UL>
<BR>[Address Reference Count : 1]<UL><LI> stm32f0xx_hal_adc.o(i.HAL_ADC_Start_DMA)
</UL>
<P><STRONG><a name="[2b]"></a>ADC_DMAError</STRONG> (Thumb, 26 bytes, Stack size 8 bytes, stm32f0xx_hal_adc.o(i.ADC_DMAError))
<BR><BR>[Stack]<UL><LI>Max Depth = 8<LI>Call Chain = ADC_DMAError
</UL>
<BR>[Calls]<UL><LI><a href="#[54]">&gt;&gt;</a>&nbsp;&nbsp;&nbsp;HAL_ADC_ErrorCallback
</UL>
<BR>[Address Reference Count : 1]<UL><LI> stm32f0xx_hal_adc.o(i.HAL_ADC_Start_DMA)
</UL>
<P><STRONG><a name="[2a]"></a>ADC_DMAHalfConvCplt</STRONG> (Thumb, 10 bytes, Stack size 8 bytes, stm32f0xx_hal_adc.o(i.ADC_DMAHalfConvCplt))
<BR><BR>[Stack]<UL><LI>Max Depth = 8<LI>Call Chain = ADC_DMAHalfConvCplt
</UL>
<BR>[Calls]<UL><LI><a href="#[55]">&gt;&gt;</a>&nbsp;&nbsp;&nbsp;HAL_ADC_ConvHalfCpltCallback
</UL>
<BR>[Address Reference Count : 1]<UL><LI> stm32f0xx_hal_adc.o(i.HAL_ADC_Start_DMA)
</UL>
<P><STRONG><a name="[56]"></a>ADC_Enable</STRONG> (Thumb, 130 bytes, Stack size 24 bytes, stm32f0xx_hal_adc.o(i.ADC_Enable))
<BR><BR>[Stack]<UL><LI>Max Depth = 24<LI>Call Chain = ADC_Enable
</UL>
<BR>[Calls]<UL><LI><a href="#[58]">&gt;&gt;</a>&nbsp;&nbsp;&nbsp;HAL_GetTick
<LI><a href="#[57]">&gt;&gt;</a>&nbsp;&nbsp;&nbsp;__aeabi_uidivmod
</UL>
<BR>[Called By]<UL><LI><a href="#[e9]">&gt;&gt;</a>&nbsp;&nbsp;&nbsp;HAL_ADC_Start_DMA
</UL>

<P><STRONG><a name="[8b]"></a>DMA_CalcBaseAndBitshift</STRONG> (Thumb, 26 bytes, Stack size 8 bytes, stm32f0xx_hal_dma.o(i.DMA_CalcBaseAndBitshift))
<BR><BR>[Stack]<UL><LI>Max Depth = 8<LI>Call Chain = DMA_CalcBaseAndBitshift
</UL>
<BR>[Calls]<UL><LI><a href="#[57]">&gt;&gt;</a>&nbsp;&nbsp;&nbsp;__aeabi_uidivmod
</UL>
<BR>[Called By]<UL><LI><a href="#[e7]">&gt;&gt;</a>&nbsp;&nbsp;&nbsp;HAL_DMA_Init
</UL>

<P><STRONG><a name="[eb]"></a>DMA_SetConfig</STRONG> (Thumb, 40 bytes, Stack size 12 bytes, stm32f0xx_hal_dma.o(i.DMA_SetConfig))
<BR><BR>[Stack]<UL><LI>Max Depth = 12<LI>Call Chain = DMA_SetConfig
</UL>
<BR>[Called By]<UL><LI><a href="#[ea]">&gt;&gt;</a>&nbsp;&nbsp;&nbsp;HAL_DMA_Start_IT
</UL>

<P><STRONG><a name="[f2]"></a>__NVIC_SetPriority</STRONG> (Thumb, 60 bytes, Stack size 0 bytes, stm32f0xx_hal_cortex.o(i.__NVIC_SetPriority))
<BR><BR>[Called By]<UL><LI><a href="#[f0]">&gt;&gt;</a>&nbsp;&nbsp;&nbsp;HAL_SYSTICK_Config
<LI><a href="#[f1]">&gt;&gt;</a>&nbsp;&nbsp;&nbsp;HAL_NVIC_SetPriority
</UL>

<P><STRONG><a name="[2c]"></a>UART_DMAAbortOnError</STRONG> (Thumb, 20 bytes, Stack size 8 bytes, stm32f0xx_hal_uart.o(i.UART_DMAAbortOnError))
<BR><BR>[Stack]<UL><LI>Max Depth = 48<LI>Call Chain = UART_DMAAbortOnError &rArr; HAL_UART_ErrorCallback &rArr; HAL_UART_Receive_IT &rArr; UART_Start_Receive_IT
</UL>
<BR>[Calls]<UL><LI><a href="#[11a]">&gt;&gt;</a>&nbsp;&nbsp;&nbsp;HAL_UART_ErrorCallback
</UL>
<BR>[Address Reference Count : 1]<UL><LI> stm32f0xx_hal_uart.o(i.HAL_UART_IRQHandler)
</UL>
<P><STRONG><a name="[11d]"></a>UART_EndRxTransfer</STRONG> (Thumb, 96 bytes, Stack size 8 bytes, stm32f0xx_hal_uart.o(i.UART_EndRxTransfer))
<BR><BR>[Stack]<UL><LI>Max Depth = 8<LI>Call Chain = UART_EndRxTransfer
</UL>
<BR>[Called By]<UL><LI><a href="#[11c]">&gt;&gt;</a>&nbsp;&nbsp;&nbsp;HAL_UART_IRQHandler
<LI><a href="#[129]">&gt;&gt;</a>&nbsp;&nbsp;&nbsp;UART_WaitOnFlagUntilTimeout
</UL>

<P><STRONG><a name="[2e]"></a>UART_RxISR_16BIT</STRONG> (Thumb, 206 bytes, Stack size 16 bytes, stm32f0xx_hal_uart.o(i.UART_RxISR_16BIT))
<BR><BR>[Stack]<UL><LI>Max Depth = 64<LI>Call Chain = UART_RxISR_16BIT &rArr; HAL_UART_RxCpltCallback &rArr; HAL_UART_Receive_IT &rArr; UART_Start_Receive_IT
</UL>
<BR>[Calls]<UL><LI><a href="#[128]">&gt;&gt;</a>&nbsp;&nbsp;&nbsp;HAL_UART_RxCpltCallback
<LI><a href="#[120]">&gt;&gt;</a>&nbsp;&nbsp;&nbsp;HAL_UARTEx_RxEventCallback
</UL>
<BR>[Address Reference Count : 1]<UL><LI> stm32f0xx_hal_uart.o(i.UART_Start_Receive_IT)
</UL>
<P><STRONG><a name="[2d]"></a>UART_RxISR_8BIT</STRONG> (Thumb, 206 bytes, Stack size 16 bytes, stm32f0xx_hal_uart.o(i.UART_RxISR_8BIT))
<BR><BR>[Stack]<UL><LI>Max Depth = 64<LI>Call Chain = UART_RxISR_8BIT &rArr; HAL_UART_RxCpltCallback &rArr; HAL_UART_Receive_IT &rArr; UART_Start_Receive_IT
</UL>
<BR>[Calls]<UL><LI><a href="#[128]">&gt;&gt;</a>&nbsp;&nbsp;&nbsp;HAL_UART_RxCpltCallback
<LI><a href="#[120]">&gt;&gt;</a>&nbsp;&nbsp;&nbsp;HAL_UARTEx_RxEventCallback
</UL>
<BR>[Address Reference Count : 1]<UL><LI> stm32f0xx_hal_uart.o(i.UART_Start_Receive_IT)
</UL>
<P><STRONG><a name="[44]"></a>_dadd1</STRONG> (Thumb, 290 bytes, Stack size 20 bytes, daddsub.o(.text), UNUSED)
<BR><BR>[Called By]<UL><LI><a href="#[46]">&gt;&gt;</a>&nbsp;&nbsp;&nbsp;_drsb
<LI><a href="#[45]">&gt;&gt;</a>&nbsp;&nbsp;&nbsp;_dsub
<LI><a href="#[42]">&gt;&gt;</a>&nbsp;&nbsp;&nbsp;_dadd
</UL>

<P><STRONG><a name="[43]"></a>_dsub1</STRONG> (Thumb, 470 bytes, Stack size 40 bytes, daddsub.o(.text), UNUSED)
<BR><BR>[Called By]<UL><LI><a href="#[46]">&gt;&gt;</a>&nbsp;&nbsp;&nbsp;_drsb
<LI><a href="#[45]">&gt;&gt;</a>&nbsp;&nbsp;&nbsp;_dsub
<LI><a href="#[42]">&gt;&gt;</a>&nbsp;&nbsp;&nbsp;_dadd
</UL>
<P>
<H3>
Undefined Global Symbols
</H3>
<P><STRONG><a name="[51]"></a>_call_atexit_fns</STRONG> (ARM, 0 bytes, Stack size 0 bytes, UNDEFINED)
<BR><BR>[Called By]<UL><LI><a href="#[39]">&gt;&gt;</a>&nbsp;&nbsp;&nbsp;exit
</UL>
<HR></body></html>
