Component: ARM Compiler 5.06 update 7 (build 960) Tool: armlink [4d3601]

==============================================================================

Section Cross References

    startup_stm32f030xc.o(STACK) refers (Special) to heapauxi.o(.text) for __use_two_region_memory
    startup_stm32f030xc.o(HEAP) refers (Special) to heapauxi.o(.text) for __use_two_region_memory
    startup_stm32f030xc.o(RESET) refers (Special) to heapauxi.o(.text) for __use_two_region_memory
    startup_stm32f030xc.o(RESET) refers to startup_stm32f030xc.o(STACK) for __initial_sp
    startup_stm32f030xc.o(RESET) refers to startup_stm32f030xc.o(.text) for Reset_Handler
    startup_stm32f030xc.o(RESET) refers to stm32f0xx_it.o(i.NMI_Handler) for NMI_Handler
    startup_stm32f030xc.o(RESET) refers to stm32f0xx_it.o(i.HardFault_Handler) for HardFault_Handler
    startup_stm32f030xc.o(RESET) refers to stm32f0xx_it.o(i.SVC_Handler) for SVC_Handler
    startup_stm32f030xc.o(RESET) refers to stm32f0xx_it.o(i.PendSV_Handler) for PendSV_Handler
    startup_stm32f030xc.o(RESET) refers to stm32f0xx_it.o(i.SysTick_Handler) for SysTick_Handler
    startup_stm32f030xc.o(RESET) refers to stm32f0xx_it.o(i.DMA1_Channel1_IRQHandler) for DMA1_Channel1_IRQHandler
    startup_stm32f030xc.o(RESET) refers to stm32f0xx_it.o(i.TIM6_IRQHandler) for TIM6_IRQHandler
    startup_stm32f030xc.o(RESET) refers to stm32f0xx_it.o(i.USART1_IRQHandler) for USART1_IRQHandler
    startup_stm32f030xc.o(.text) refers (Special) to heapauxi.o(.text) for __use_two_region_memory
    startup_stm32f030xc.o(.text) refers to system_stm32f0xx.o(i.SystemInit) for SystemInit
    startup_stm32f030xc.o(.text) refers to __main.o(!!!main) for __main
    startup_stm32f030xc.o(.text) refers to startup_stm32f030xc.o(HEAP) for Heap_Mem
    startup_stm32f030xc.o(.text) refers to startup_stm32f030xc.o(STACK) for Stack_Mem
    24cxx.o(i.AT24CXX_ReadLongByte) refers to myiic.o(i.IIC_Start) for IIC_Start
    24cxx.o(i.AT24CXX_ReadLongByte) refers to myiic.o(i.IIC_Send_Byte) for IIC_Send_Byte
    24cxx.o(i.AT24CXX_ReadLongByte) refers to myiic.o(i.IIC_Wait_Ack) for IIC_Wait_Ack
    24cxx.o(i.AT24CXX_ReadLongByte) refers to myiic.o(i.IIC_Read_Byte) for IIC_Read_Byte
    24cxx.o(i.AT24CXX_ReadLongByte) refers to myiic.o(i.IIC_Stop) for IIC_Stop
    24cxx.o(i.AT24CXX_ReadOneByte) refers to myiic.o(i.IIC_Start) for IIC_Start
    24cxx.o(i.AT24CXX_ReadOneByte) refers to myiic.o(i.IIC_Send_Byte) for IIC_Send_Byte
    24cxx.o(i.AT24CXX_ReadOneByte) refers to myiic.o(i.IIC_Wait_Ack) for IIC_Wait_Ack
    24cxx.o(i.AT24CXX_ReadOneByte) refers to myiic.o(i.IIC_Read_Byte) for IIC_Read_Byte
    24cxx.o(i.AT24CXX_ReadOneByte) refers to myiic.o(i.IIC_Stop) for IIC_Stop
    24cxx.o(i.AT24CXX_WriteOneByte) refers to myiic.o(i.IIC_Start) for IIC_Start
    24cxx.o(i.AT24CXX_WriteOneByte) refers to myiic.o(i.IIC_Send_Byte) for IIC_Send_Byte
    24cxx.o(i.AT24CXX_WriteOneByte) refers to myiic.o(i.IIC_Wait_Ack) for IIC_Wait_Ack
    24cxx.o(i.AT24CXX_WriteOneByte) refers to myiic.o(i.IIC_Stop) for IIC_Stop
    24cxx.o(i.AT24CXX_WriteOneByte) refers to delay.o(i.delay_ms) for delay_ms
    24cxx.o(i.EEPROM_C) refers to myiic.o(i.IIC_Start) for IIC_Start
    24cxx.o(i.EEPROM_C) refers to myiic.o(i.IIC_Send_Byte) for IIC_Send_Byte
    24cxx.o(i.EEPROM_C) refers to myiic.o(i.IIC_Wait_Ack) for IIC_Wait_Ack
    24cxx.o(i.EEPROM_C) refers to myiic.o(i.IIC_Stop) for IIC_Stop
    24cxx.o(i.EEPROM_C) refers to delay.o(i.delay_ms) for delay_ms
    24cxx.o(i.EEPROM_R) refers to 24cxx.o(i.AT24CXX_ReadOneByte) for AT24CXX_ReadOneByte
    24cxx.o(i.MODIFY_EEP_W) refers to 24cxx.o(i.AT24CXX_WriteOneByte) for AT24CXX_WriteOneByte
    delay.o(i.delay_init) refers to stm32f0xx_hal_cortex.o(i.HAL_SYSTICK_CLKSourceConfig) for HAL_SYSTICK_CLKSourceConfig
    delay.o(i.delay_init) refers to delay.o(.data) for .data
    delay.o(i.delay_ms) refers to delay.o(i.delay_us) for delay_us
    delay.o(i.delay_us) refers to delay.o(.data) for .data
    disp.o(i.Cur250_calibrate_tmp) refers to 24cxx.o(i.MODIFY_EEP_W) for MODIFY_EEP_W
    disp.o(i.Cur250_calibrate_tmp) refers to delay.o(i.delay_ms) for delay_ms
    disp.o(i.Cur400_630_calibrate_tmp) refers to 24cxx.o(i.MODIFY_EEP_W) for MODIFY_EEP_W
    disp.o(i.Cur400_630_calibrate_tmp) refers to delay.o(i.delay_ms) for delay_ms
    disp.o(i.Down_key_state) refers to main.o(.data) for key_state
    disp.o(i.Dy_function_process) refers to 24cxx.o(i.MODIFY_EEP_W) for MODIFY_EEP_W
    disp.o(i.Dy_function_process) refers to main.o(.data) for key_state
    disp.o(i.Dy_function_process) refers to disp.o(.data) for .data
    disp.o(i.Else_function_process) refers to 24cxx.o(i.MODIFY_EEP_W) for MODIFY_EEP_W
    disp.o(i.Else_function_process) refers to usart.o(i.RS485_Init) for RS485_Init
    disp.o(i.Else_function_process) refers to 24cxx.o(i.EEPROM_R) for EEPROM_R
[...]
    N_BASE                                   0x20001f1c   Data           4  main.o(.data)
    N_T                                      0x20001f20   Data           4  main.o(.data)
    Id1                                      0x20001f24   Data           4  main.o(.data)
    Id2                                      0x20001f28   Data           4  main.o(.data)
    Id3                                      0x20001f2c   Data           4  main.o(.data)
    Id4                                      0x20001f30   Data           4  main.o(.data)
    Id1_A                                    0x20001f34   Data           4  main.o(.data)
    Id1_H                                    0x20001f38   Data           4  main.o(.data)
    Id1_L                                    0x20001f3c   Data           4  main.o(.data)
    Id1_delta                                0x20001f40   Data           4  main.o(.data)
    N_TH2                                    0x20001f44   Data           4  main.o(.data)
    N_TH3                                    0x20001f48   Data           4  main.o(.data)
    N_TH                                     0x20001f4c   Data           4  main.o(.data)
    N_A_L                                    0x20001f50   Data           4  main.o(.data)
    N_A_H                                    0x20001f54   Data           4  main.o(.data)
    N_TB_T                                   0x20001f58   Data           4  main.o(.data)
    Id45                                     0x20001f5c   Data           4  main.o(.data)
    IA_uart_temp                             0x20001f60   Data           4  main.o(.data)
    IB_uart_temp                             0x20001f64   Data           4  main.o(.data)
    IC_uart_temp                             0x20001f68   Data           4  main.o(.data)
    IA_action_temp                           0x20001f6c   Data           4  main.o(.data)
    IB_action_temp                           0x20001f70   Data           4  main.o(.data)
    IC_action_temp                           0x20001f74   Data           4  main.o(.data)
    N_Trip                                   0x20001f78   Data           4  main.o(.data)
    AD_tmp                                   0x20001f7c   Data           4  main.o(.data)
    Leak_Cur_Sum                             0x20001f80   Data           4  main.o(.data)
    A_C_Sum                                  0x20001f84   Data           4  main.o(.data)
    B_C_Sum                                  0x20001f88   Data           4  main.o(.data)
    C_C_Sum                                  0x20001f8c   Data           4  main.o(.data)
    A_C_Sum_disp                             0x20001f90   Data           4  main.o(.data)
    B_C_Sum_disp                             0x20001f94   Data           4  main.o(.data)
    C_C_Sum_disp                             0x20001f98   Data           4  main.o(.data)
    Leak_Cur                                 0x20001f9c   Data           4  main.o(.data)
    Lea_Cur_old                              0x20001fa0   Data           4  main.o(.data)
    Leak_Cur_disp                            0x20001fa4   Data           4  main.o(.data)
    Leak_Cur_disp_record                     0x20001fa8   Data           4  main.o(.data)
    Num_clearall                             0x20001fac   Data           4  main.o(.data)
    Leak_Alarm_Value                         0x20001fb0   Data           4  main.o(.data)
    T_run_time                               0x20001fb4   Data           4  main.o(.data)
    point_Leak_record                        0x20001fb8   Data           4  main.o(.data)
    T_set_state                              0x20001fbc   Data           4  main.o(.data)
    T_time_trip                              0x20001fc0   Data           4  main.o(.data)
    T_delay                                  0x20001fc4   Data           4  main.o(.data)
    AD_result                                0x20001fc8   Data           4  main.o(.data)
    A_V_Sum1                                 0x20001fcc   Data           4  main.o(.data)
    B_V_Sum1                                 0x20001fd0   Data           4  main.o(.data)
    C_V_Sum1                                 0x20001fd4   Data           4  main.o(.data)
    A_V_Sum_disp                             0x20001fd8   Data           4  main.o(.data)
    B_V_Sum_disp                             0x20001fdc   Data           4  main.o(.data)
    C_V_Sum_disp                             0x20001fe0   Data           4  main.o(.data)
    N_TD_A                                   0x20001fe4   Data           4  main.o(.data)
    N_TD_B                                   0x20001fe8   Data           4  main.o(.data)
    N_TD_C                                   0x20001fec   Data           4  main.o(.data)
    N_QL_A                                   0x20001ff0   Data           4  main.o(.data)
    N_QL_B                                   0x20001ff4   Data           4  main.o(.data)
    N_QL_C                                   0x20001ff8   Data           4  main.o(.data)
    AD_tmp_V                                 0x20001ffc   Data           4  main.o(.data)
    AD_tmp_VA_Max                            0x20002000   Data           4  main.o(.data)
    AD_tmp_VB_Max                            0x20002004   Data           4  main.o(.data)
    AD_tmp_VC_Max                            0x20002008   Data           4  main.o(.data)
    Samp_start_end_flag                      0x2000200c   Data           4  main.o(.data)
    Re_point_VA                              0x20002010   Data           4  main.o(.data)
    Phase_Differ_A_Two                       0x20002014   Data           4  main.o(.data)
    Phase_Differ_B_Two                       0x20002018   Data           4  main.o(.data)
    Phase_Differ_C_Two                       0x2000201c   Data           4  main.o(.data)
    I_A_Sum                                  0x20002020   Data           4  main.o(.data)
    I_B_Sum                                  0x20002024   Data           4  main.o(.data)
    I_C_Sum                                  0x20002028   Data           4  main.o(.data)
    Phase_Differ_A_Two_Av                    0x2000202c   Data           4  main.o(.data)
    Phase_Differ_B_Two_Av                    0x20002030   Data           4  main.o(.data)
    Phase_Differ_C_Two_Av                    0x20002034   Data           4  main.o(.data)
    Lcd_Count                                0x20002038   Data           4  main.o(.data)
    Delta_Cur                                0x2000203c   Data           4  main.o(.data)
    DLD_Cur                                  0x20002040   Data           4  main.o(.data)
    DLS_Cur                                  0x20002044   Data           4  main.o(.data)
    Over_Value                               0x20002048   Data           4  main.o(.data)
    Over_Value_duanyan                       0x2000204c   Data           4  main.o(.data)
    N_T_TH                                   0x20002050   Data           4  main.o(.data)
    I_C_vaule                                0x20002054   Data           4  main.o(.data)
    I_A_vaule                                0x20002058   Data           4  main.o(.data)
    I_B_vaule                                0x2000205c   Data           4  main.o(.data)
    Delta_Leak_Cur                           0x20002060   Data           4  main.o(.data)
    Num_tripall                              0x20002064   Data           4  main.o(.data)
    Num_triplock                             0x20002068   Data           4  main.o(.data)
    Num_tripleak                             0x2000206c   Data           4  main.o(.data)
    Num_tripcur                              0x20002070   Data           4  main.o(.data)
    Num_tripvol                              0x20002074   Data           4  main.o(.data)
    Num_leakover                             0x20002078   Data           4  main.o(.data)
    Num_triphand                             0x2000207c   Data           4  main.o(.data)
    Num_tripzero                             0x20002080   Data           4  main.o(.data)
    Num_triptest                             0x20002084   Data           4  main.o(.data)
    Num_leakprotect                          0x20002088   Data           4  main.o(.data)
    Num_quitleak                             0x2000208c   Data           4  main.o(.data)
    Num_tripdelay                            0x20002090   Data           4  main.o(.data)
    Num_tripinstant                          0x20002094   Data           4  main.o(.data)
    password_0class                          0x20002098   Data           4  main.o(.data)
    password_1class                          0x2000209c   Data           4  main.o(.data)
    password_2class                          0x200020a0   Data           4  main.o(.data)
    Num_leak_record                          0x200020a4   Data           4  main.o(.data)
    T_leak_record                            0x200020a8   Data           4  main.o(.data)
    T_day_updata                             0x200020ac   Data           4  main.o(.data)
    Leak_MIN_tmp                             0x200020b0   Data           4  main.o(.data)
    Leak_MAX_tmp                             0x200020b4   Data           4  main.o(.data)
    Leak_MIN                                 0x200020b8   Data           4  main.o(.data)
    Leak_MAX                                 0x200020bc   Data           4  main.o(.data)
    sdatestructure                           0x200020c0   Data           4  main.o(.data)
    V_Diferent                               0x200020c4   Data           4  main.o(.data)
    V_tmp_MAX                                0x200020c8   Data           4  main.o(.data)
    V_tmp_MIN                                0x200020cc   Data           4  main.o(.data)
    T_wave                                   0x200020d0   Data           4  main.o(.data)
    Point_i                                  0x200020d4   Data           4  main.o(.data)
    T_run_time_array                         0x200020d8   Data           5  main.o(.data)
    ctrlword                                 0x200020dd   Data           5  main.o(.data)
    time_disp                                0x200020e2   Data           5  main.o(.data)
    frame_current_code                       0x200020e7   Data           6  main.o(.data)
    self_addr_code                           0x200020ed   Data           6  main.o(.data)
    V_A_slope                                0x200020f4   Data           6  main.o(.data)
    V_B_slope                                0x200020fa   Data           6  main.o(.data)
    V_C_slope                                0x20002100   Data           6  main.o(.data)
    L_slope                                  0x20002106   Data           6  main.o(.data)
    Vol_C_disp                               0x2000210c   Data           6  main.o(.data)
    Vol_B_disp                               0x20002112   Data           6  main.o(.data)
    Vol_A_disp                               0x20002118   Data           6  main.o(.data)
    Leak_disp                                0x2000211e   Data           6  main.o(.data)
    dev_id_code                              0x20002124   Data           7  main.o(.data)
    R_SD                                     0x2000212b   Data           8  main.o(.data)
    N_TH_DL                                  0x20002134   Data          28  main.o(.data)
    dev_code_code                            0x20002150   Data          32  main.o(.data)
    equi_type_code                           0x20002170   Data          11  main.o(.data)
    factory_code_code                        0x2000217b   Data          24  main.o(.data)
    V_MIN_tmp                                0x20002194   Data          12  main.o(.data)
    V_MIN                                    0x200021a0   Data          12  main.o(.data)
    I_MIN                                    0x200021ac   Data          16  main.o(.data)
    I_MIN_tmp                                0x200021bc   Data          16  main.o(.data)
    Power_pool                               0x200021cc   Data         644  main.o(.data)
    hezha_delay_arry                         0x20002450   Data          10  main.o(.data)
    F_L_err                                  0x2000245a   Data           1  main.o(.data)
    F_AVcal_err                              0x2000245b   Data           1  main.o(.data)
    F_BVcal_err                              0x2000245c   Data           1  main.o(.data)
    F_CVcal_err                              0x2000245d   Data           1  main.o(.data)
    F_CIcal_err                              0x2000245e   Data           1  main.o(.data)
    F_cIcal_err                              0x2000245f   Data           1  main.o(.data)
    F_cal_finish                             0x20002460   Data           1  main.o(.data)
    A_Cur                                    0x20002464   Data           4  main.o(.data)
    B_Cur                                    0x20002468   Data           4  main.o(.data)
    C_Cur                                    0x2000246c   Data           4  main.o(.data)
    Z_Cur                                    0x20002470   Data           4  main.o(.data)
    N_disp                                   0x20002474   Data           4  main.o(.data)
    Cur_cal_tmp                              0x20002478   Data           8  main.o(.data)
    baud_uart                                0x20002480   Data           1  main.o(.data)
    Leak_record_value                        0x20002481   Data           1  main.o(.data)
    remote_trip_time                         0x20002482   Data           2  main.o(.data)
    remote_close_time                        0x20002484   Data           2  main.o(.data)
    analog_trip_time                         0x20002486   Data           2  main.o(.data)
    rated_V_code                             0x20002488   Data           6  main.o(.data)
    production_date_code                     0x2000248e   Data          10  main.o(.data)
    protocol_ver_code                        0x20002498   Data          16  main.o(.data)
    auto_closing_code                        0x200024a8   Data          24  main.o(.data)
    leak_valve_code                          0x200024c0   Data          20  main.o(.data)
    leak_time_code                           0x200024d4   Data          10  main.o(.data)
    break_time_code                          0x200024de   Data          10  main.o(.data)
    leak_type_code                           0x200024e8   Data          24  main.o(.data)
    install_phase_type_code                  0x20002500   Data          10  main.o(.data)
    Leak_limit_time_class                    0x2000250c   Data          16  main.o(.data)
    hezha_delay_show                         0x2000251c   Data          40  main.o(.data)
    F_yc                                     0x20002544   Data           1  main.o(.data)
    N_anolog_trip                            0x20002545   Data           1  main.o(.data)
    self_addr_code_temp                      0x20002546   Data           6  main.o(.data)
    H_D_V                                    0x2000254c   Data           4  main.o(.data)
    stateword                                0x20002550   Data           5  main.o(.data)
    TXJZ_start                               0x20002558   Data           1  usart.o(.data)
    TXJZ_SJ                                  0x20002559   Data           1  usart.o(.data)
    TXJZ_LD                                  0x2000255a   Data           1  usart.o(.data)
    TXJZ_DL_A                                0x2000255b   Data           1  usart.o(.data)
    TXJZ_DL_B                                0x2000255c   Data           1  usart.o(.data)
    TXJZ_DL_C                                0x2000255d   Data           1  usart.o(.data)
    TXJZ_DY_A                                0x2000255e   Data           1  usart.o(.data)
    TXJZ_DY_B                                0x2000255f   Data           1  usart.o(.data)
    TXJZ_DY_C                                0x20002560   Data           1  usart.o(.data)
    F_re_sta                                 0x20002561   Data           1  usart.o(.data)
    F_re_sta1                                0x20002562   Data           1  usart.o(.data)
    Addr_len                                 0x20002563   Data           1  usart.o(.data)
    Addr_len1                                0x20002564   Data           1  usart.o(.data)
    F_guangbo                                0x20002565   Data           1  usart.o(.data)
    F_benji                                  0x20002566   Data           1  usart.o(.data)
    F_addr                                   0x20002567   Data           1  usart.o(.data)
    DI0                                      0x20002568   Data           1  usart.o(.data)
    DI1                                      0x20002569   Data           1  usart.o(.data)
    DI2                                      0x2000256a   Data           1  usart.o(.data)
    DI3                                      0x2000256b   Data           1  usart.o(.data)
    ctrl_code                                0x2000256c   Data           1  usart.o(.data)
    cs_data1                                 0x2000256d   Data           1  usart.o(.data)
    ctrl_code1                               0x2000256e   Data           1  usart.o(.data)
    data_len_temp                            0x2000256f   Data           1  usart.o(.data)
    cs_data                                  0x20002570   Data           1  usart.o(.data)
    data_len                                 0x20002571   Data           1  usart.o(.data)
    data_len1                                0x20002572   Data           1  usart.o(.data)
    data_len_temp1                           0x20002573   Data           1  usart.o(.data)
    Vol_g_decimal                            0x20002574   Data           4  usart.o(.data)
    Vol_q_decimal                            0x20002578   Data           4  usart.o(.data)
    Vol_uart_q                               0x2000257c   Data           4  usart.o(.data)
    Vol_uart_g                               0x20002580   Data           4  usart.o(.data)
    UART_Cur_Value                           0x20002584   Data           4  usart.o(.data)
    rated_cur                                0x20002588   Data           4  usart.o(.data)
    Addr_array                               0x2000258c   Data           6  usart.o(.data)
    Addr_array1                              0x20002592   Data           6  usart.o(.data)
    hard_ver_code                            0x20002598   Data          32  usart.o(.data)
    soft_ver_code                            0x200025b8   Data          32  usart.o(.data)
    uwTickFreq                               0x200025d8   Data           1  stm32f0xx_hal.o(.data)
    uwTickPrio                               0x200025dc   Data           4  stm32f0xx_hal.o(.data)
    uwTick                                   0x200025e0   Data           4  stm32f0xx_hal.o(.data)
    SystemCoreClock                          0x200025e4   Data           4  system_stm32f0xx.o(.data)
    record_array                             0x200025e8   Data          12  disp.o(.bss)
    nor_disp_num_buf                         0x200025f4   Data          80  disp.o(.bss)
    array_temps                              0x20002644   Data          30  disp.o(.bss)
    ascii_table_8x16                         0x20002662   Data        1520  display_ziku.o(.bss)
    temp_frame                               0x20002c52   Data          32  display_ziku.o(.bss)
    V1_slope                                 0x20002c74   Data          12  main.o(.bss)
    V_Array                                  0x20002c80   Data          12  main.o(.bss)
    V_Array_record                           0x20002c8c   Data          12  main.o(.bss)
    V_Array_disp                             0x20002c98   Data          12  main.o(.bss)
    N_I2                                     0x20002ca4   Data          16  main.o(.bss)
    I2_Array_Sum                             0x20002cb4   Data          16  main.o(.bss)
    I_I_Array_xianshi                        0x20002cc4   Data          80  main.o(.bss)
    CurA_cal_tmp                             0x20002d14   Data          20  main.o(.bss)
    CurA_cal_tmp_nv                          0x20002d28   Data          20  main.o(.bss)
    CurB_cal_tmp                             0x20002d3c   Data          20  main.o(.bss)
    CurB_cal_tmp_nv                          0x20002d50   Data          20  main.o(.bss)
    CurC_cal_tmp                             0x20002d64   Data          20  main.o(.bss)
    CurC_cal_tmp_nv                          0x20002d78   Data          20  main.o(.bss)
    I_Array                                  0x20002d8c   Data          80  main.o(.bss)
    I_Array_xianshi                          0x20002ddc   Data          80  main.o(.bss)
    I_Array_action                           0x20002e2c   Data          12  main.o(.bss)
    I2_Array                                 0x20002e38   Data          16  main.o(.bss)
    Cur_A_temp                               0x20002e48   Data          28  main.o(.bss)
    Cur_B_temp                               0x20002e64   Data          28  main.o(.bss)
    Cur_C_temp                               0x20002e80   Data          28  main.o(.bss)
    Leak_temp                                0x20002e9c   Data          12  main.o(.bss)
    DLS_Cur_IV_AD_value                      0x20002ea8   Data          20  main.o(.bss)
    DLS_Cur_IV_slope                         0x20002ebc   Data          20  main.o(.bss)
    DLS_Cur_IV_Value                         0x20002ed0   Data          20  main.o(.bss)
    DLS_Cur_I_AD_value                       0x20002ee4   Data          20  main.o(.bss)
    DLS_Cur_I_slope                          0x20002ef8   Data          20  main.o(.bss)
    DLS_Cur_I_Value                          0x20002f0c   Data          20  main.o(.bss)
    DLS_Cur_II_AD_value                      0x20002f20   Data          20  main.o(.bss)
    DLS_Cur_II_slope                         0x20002f34   Data          20  main.o(.bss)
    DLS_Cur_II_Value                         0x20002f48   Data          20  main.o(.bss)
    DLS_Cur_III_AD_value                     0x20002f5c   Data          20  main.o(.bss)
    DLS_Cur_III_slope                        0x20002f70   Data          20  main.o(.bss)
    DLS_Cur_III_Value                        0x20002f84   Data          20  main.o(.bss)
    Power_factor                             0x20002f98   Data          12  main.o(.bss)
    Re_dot_U                                 0x20002fa4   Data          12  main.o(.bss)
    Re_dot_I                                 0x20002fb0   Data          12  main.o(.bss)
    Zhou_bo_UA                               0x20002fbc   Data         280  main.o(.bss)
    Zhou_bo_UB                               0x200030d4   Data         280  main.o(.bss)
    Zhou_bo_UC                               0x200031ec   Data         280  main.o(.bss)
    Zhou_bo_IA                               0x20003304   Data         280  main.o(.bss)
    Zhou_bo_IB                               0x2000341c   Data         280  main.o(.bss)
    Zhou_bo_IC                               0x20003534   Data         280  main.o(.bss)
    Phase_Differ                             0x2000364c   Data          12  main.o(.bss)
    Cross_Zero                               0x20003658   Data          12  main.o(.bss)
    Phase_Differ_A                           0x20003664   Data          64  main.o(.bss)
    Phase_Differ_B                           0x200036a4   Data          64  main.o(.bss)
    Phase_Differ_C                           0x200036e4   Data          64  main.o(.bss)
    Phase_Differ_buffer                      0x20003724   Data          12  main.o(.bss)
    AD_tmp_Power                             0x20003730   Data          12  main.o(.bss)
    Phase_Differ_average                     0x2000373c   Data          12  main.o(.bss)
    Phase_Differ_A_one                       0x20003748   Data          64  main.o(.bss)
    Phase_Differ_B_one                       0x20003788   Data          64  main.o(.bss)
    Phase_Differ_C_one                       0x200037c8   Data          64  main.o(.bss)
    AD_tmp_V_Power                           0x20003808   Data          12  main.o(.bss)
    AD_tmp_I_Power                           0x20003814   Data          12  main.o(.bss)
    AD_tmp_V_Power_Zero                      0x20003820   Data          12  main.o(.bss)
    V_temp                                   0x2000382c   Data          12  main.o(.bss)
    V_temp_tmp                               0x20003838   Data          12  main.o(.bss)
    tmp_uart_rx                              0x20003844   Data          50  main.o(.bss)
    Vol_A_temp                               0x20003878   Data          12  main.o(.bss)
    Vol_B_temp                               0x20003884   Data          12  main.o(.bss)
    Vol_C_temp                               0x20003890   Data          12  main.o(.bss)
    I_A_slope                                0x2000389c   Data          10  main.o(.bss)
    I_B_slope                                0x200038a6   Data          10  main.o(.bss)
    I_C_slope                                0x200038b0   Data          10  main.o(.bss)
    Cur_A_disp                               0x200038ba   Data          10  main.o(.bss)
    Cur_B_disp                               0x200038c4   Data          10  main.o(.bss)
    Cur_C_disp                               0x200038ce   Data          10  main.o(.bss)
    V_MAX                                    0x200038d8   Data          12  main.o(.bss)
    V_MAX_tmp                                0x200038e4   Data          12  main.o(.bss)
    I_Array_record                           0x200038f0   Data          16  main.o(.bss)
    I_MAX                                    0x20003900   Data          16  main.o(.bss)
    I_MAX_tmp                                0x20003910   Data          16  main.o(.bss)
    Leak_Over_array                          0x20003920   Data          20  main.o(.bss)
    ADC_ConvertedValue                       0x20003934   Data          32  main.o(.bss)
    stimestructure                           0x20003954   Data          20  main.o(.bss)
    UART_T_Buf                               0x20003968   Data          60  main.o(.bss)
    UART_S_Buf                               0x200039a4   Data          60  main.o(.bss)
    Active_Pow                               0x200039e0   Data          12  main.o(.bss)
    Total_power                              0x200039ec   Data          12  main.o(.bss)
    hadc                                     0x200039f8   Data          64  adc.o(.bss)
    hdma_adc                                 0x20003a38   Data          68  adc.o(.bss)
    hiwdg                                    0x20003a7c   Data          16  iwdg.o(.bss)
    hrtc                                     0x20003a8c   Data          32  rtc.o(.bss)
    htim6                                    0x20003aac   Data          72  tim.o(.bss)
    data_array                               0x20003af4   Data          70  usart.o(.bss)
    huart1                                   0x20003b3c   Data         136  usart.o(.bss)
    __libspace_start                         0x20003bc4   Data          96  libspace.o(.bss)
    __temporary_stack_top$libspace           0x20003c24   Data           0  libspace.o(.bss)



==============================================================================

Memory Map of the image

  Image Entry point : 0x080000b9

  Load Region LR_IROM1 (Base: 0x08000000, Size: 0x00020a14, Max: 0x00040000, ABSOLUTE, COMPRESSED[0x0001fbac])

    Execution Region ER_IROM1 (Exec base: 0x08000000, Load base: 0x08000000, Size: 0x0001e42c, Max: 0x00040000, ABSOLUTE)

    Exec Addr    Load Addr    Size         Type   Attr      Idx    E Section Name        Object

    0x08000000   0x08000000   0x000000b8   Data   RO            3    RESET               startup_stm32f030xc.o
    0x080000b8   0x080000b8   0x00000008   Code   RO         6950  * !!!main             c_p.l(__main.o)
    0x080000c0   0x080000c0   0x0000003c   Code   RO         7159    !!!scatter          c_p.l(__scatter.o)
    0x080000fc   0x080000fc   0x0000001c   Code   RO         7161    !!handler_zi        c_p.l(__scatter_zi.o)
    0x08000118   0x08000118   0x00000002   Code   RO         7024    .ARM.Collect$$libinit$$00000000  c_p.l(libinit.o)
    0x0800011a   0x0800011a   0x00000000   Code   RO         7038    .ARM.Collect$$libinit$$00000002  c_p.l(libinit2.o)
    0x0800011a   0x0800011a   0x00000000   Code   RO         7040    .ARM.Collect$$libinit$$00000004  c_p.l(libinit2.o)
    0x0800011a   0x0800011a   0x00000000   Code   RO         7043    .ARM.Collect$$libinit$$0000000A  c_p.l(libinit2.o)
    0x0800011a   0x0800011a   0x00000000   Code   RO         7045    .ARM.Collect$$libinit$$0000000C  c_p.l(libinit2.o)
    0x0800011a   0x0800011a   0x00000000   Code   RO         7047    .ARM.Collect$$libinit$$0000000E  c_p.l(libinit2.o)
    0x0800011a   0x0800011a   0x00000000   Code   RO         7050    .ARM.Collect$$libinit$$00000011  c_p.l(libinit2.o)
    0x0800011a   0x0800011a   0x00000000   Code   RO         7052    .ARM.Collect$$libinit$$00000013  c_p.l(libinit2.o)
    0x0800011a   0x0800011a   0x00000000   Code   RO         7054    .ARM.Collect$$libinit$$00000015  c_p.l(libinit2.o)
    0x0800011a   0x0800011a   0x00000000   Code   RO         7056    .ARM.Collect$$libinit$$00000017  c_p.l(libinit2.o)
    0x0800011a   0x0800011a   0x00000000   Code   RO         7058    .ARM.Collect$$libinit$$00000019  c_p.l(libinit2.o)
    0x0800011a   0x0800011a   0x00000000   Code   RO         7060    .ARM.Collect$$libinit$$0000001B  c_p.l(libinit2.o)
    0x0800011a   0x0800011a   0x00000000   Code   RO         7062    .ARM.Collect$$libinit$$0000001D  c_p.l(libinit2.o)
    0x0800011a   0x0800011a   0x00000000   Code   RO         7064    .ARM.Collect$$libinit$$0000001F  c_p.l(libinit2.o)
    0x0800011a   0x0800011a   0x00000000   Code   RO         7066    .ARM.Collect$$libinit$$00000021  c_p.l(libinit2.o)
    0x0800011a   0x0800011a   0x00000000   Code   RO         7068    .ARM.Collect$$libinit$$00000023  c_p.l(libinit2.o)
    0x0800011a   0x0800011a   0x00000000   Code   RO         7070    .ARM.Collect$$libinit$$00000025  c_p.l(libinit2.o)
    0x0800011a   0x0800011a   0x00000000   Code   RO         7074    .ARM.Collect$$libinit$$0000002C  c_p.l(libinit2.o)
    0x0800011a   0x0800011a   0x00000000   Code   RO         7076    .ARM.Collect$$libinit$$0000002E  c_p.l(libinit2.o)
    0x0800011a   0x0800011a   0x00000000   Code   RO         7078    .ARM.Collect$$libinit$$00000030  c_p.l(libinit2.o)
    0x0800011a   0x0800011a   0x00000000   Code   RO         7080    .ARM.Collect$$libinit$$00000032  c_p.l(libinit2.o)
    0x0800011a   0x0800011a   0x00000002   Code   RO         7081    .ARM.Collect$$libinit$$00000033  c_p.l(libinit2.o)
    0x0800011c   0x0800011c   0x00000002   Code   RO         7112    .ARM.Collect$$libshutdown$$00000000  c_p.l(libshutdown.o)
    0x0800011e   0x0800011e   0x00000000   Code   RO         7138    .ARM.Collect$$libshutdown$$00000002  c_p.l(libshutdown2.o)
    0x0800011e   0x0800011e   0x00000000   Code   RO         7140    .ARM.Collect$$libshutdown$$00000004  c_p.l(libshutdown2.o)
    0x0800011e   0x0800011e   0x00000000   Code   RO         7142    .ARM.Collect$$libshutdown$$00000006  c_p.l(libshutdown2.o)
    0x0800011e   0x0800011e   0x00000000   Code   RO         7145    .ARM.Collect$$libshutdown$$00000009  c_p.l(libshutdown2.o)
    0x0800011e   0x0800011e   0x00000000   Code   RO         7148    .ARM.Collect$$libshutdown$$0000000C  c_p.l(libshutdown2.o)
    0x0800011e   0x0800011e   0x00000000   Code   RO         7150    .ARM.Collect$$libshutdown$$0000000E  c_p.l(libshutdown2.o)
    0x0800011e   0x0800011e   0x00000000   Code   RO         7153    .ARM.Collect$$libshutdown$$00000011  c_p.l(libshutdown2.o)
    0x0800011e   0x0800011e   0x00000002   Code   RO         7154    .ARM.Collect$$libshutdown$$00000012  c_p.l(libshutdown2.o)
    0x08000120   0x08000120   0x00000000   Code   RO         6983    .ARM.Collect$$rtentry$$00000000  c_p.l(__rtentry.o)
    0x08000120   0x08000120   0x00000000   Code   RO         6994    .ARM.Collect$$rtentry$$00000002  c_p.l(__rtentry2.o)
    0x08000120   0x08000120   0x00000006   Code   RO         7006    .ARM.Collect$$rtentry$$00000004  c_p.l(__rtentry4.o)
    0x08000126   0x08000126   0x00000000   Code   RO         6996    .ARM.Collect$$rtentry$$00000009  c_p.l(__rtentry2.o)
    0x08000126   0x08000126   0x00000004   Code   RO         6997    .ARM.Collect$$rtentry$$0000000A  c_p.l(__rtentry2.o)
    0x0800012a   0x0800012a   0x00000000   Code   RO         6999    .ARM.Collect$$rtentry$$0000000C  c_p.l(__rtentry2.o)
    0x0800012a   0x0800012a   0x00000008   Code   RO         7000    .ARM.Collect$$rtentry$$0000000D  c_p.l(__rtentry2.o)
    0x08000132   0x08000132   0x00000002   Code   RO         7029    .ARM.Collect$$rtexit$$00000000  c_p.l(rtexit.o)
    0x08000134   0x08000134   0x00000000   Code   RO         7085    .ARM.Collect$$rtexit$$00000002  c_p.l(rtexit2.o)
    0x08000134   0x08000134   0x00000004   Code   RO         7086    .ARM.Collect$$rtexit$$00000003  c_p.l(rtexit2.o)
    0x08000138   0x08000138   0x00000006   Code   RO         7087    .ARM.Collect$$rtexit$$00000004  c_p.l(rtexit2.o)
    0x0800013e   0x0800013e   0x00000002   PAD
    0x08000140   0x08000140   0x00000038   Code   RO         6938    .emb_text           c_p.l(rt_memcpy.o)
    0x08000178   0x08000178   0x00000038   Code   RO            4    .text               startup_stm32f030xc.o
    0x080001b0   0x080001b0   0x00000102   Code   RO         6936    .text               c_p.l(lludiv.o)
    0x080002b2   0x080002b2   0x00000040   Code   RO         6942    .text               c_p.l(rt_memclr.o)
    0x080002f2   0x080002f2   0x0000015a   Code   RO         6944    .text               c_p.l(aeabi_sdiv.o)
    0x0800044c   0x0800044c   0x00000006   Code   RO         6948    .text               c_p.l(heapauxi.o)
    0x08000452   0x08000452   0x00000002   PAD
    0x08000454   0x08000454   0x00000358   Code   RO         6952    .text               fz_ps.l(daddsub.o)
    0x080007ac   0x080007ac   0x0000006c   Code   RO         6954    .text               fz_ps.l(dfixi.o)
    0x08000818   0x08000818   0x00000048   Code   RO         6956    .text               fz_ps.l(dfixui.o)
    0x08000860   0x08000860   0x00000058   Code   RO         6958    .text               fz_ps.l(dflti.o)
    0x080008b8   0x080008b8   0x00000248   Code   RO         6960    .text               fz_ps.l(dmul.o)
    0x08000b00   0x08000b00   0x00000060   Code   RO         6962    .text               fz_ps.l(dscalbn.o)
    0x08000b60   0x08000b60   0x00000160   Code   RO         6970    .text               fz_ps.l(fdiv.o)
    0x08000cc0   0x08000cc0   0x00000030   Code   RO         6975    .text               fz_ps.l(ffixui.o)
    0x08000cf0   0x08000cf0   0x0000005e   Code   RO         6977    .text               fz_ps.l(fflti.o)
    0x08000d4e   0x08000d4e   0x0000003e   Code   RO         7010    .text               c_p.l(sys_stackheap_outer.o)
    0x08000d8c   0x08000d8c   0x00000010   Code   RO         7013    .text               c_p.l(exit.o)
    0x08000d9c   0x08000d9c   0x00000008   Code   RO         7025    .text               c_p.l(libspace.o)
    0x08000da4   0x08000da4   0x0000000c   Code   RO         7082    .text               c_p.l(sys_exit.o)
    0x08000db0   0x08000db0   0x00000002   Code   RO         7101    .text               c_p.l(use_no_semi.o)
    0x08000db2   0x08000db2   0x00000000   Code   RO         7103    .text               c_p.l(indicate_semi.o)
    0x08000db2   0x08000db2   0x00000060   Code   RO         7157    .text               c_p.l(__dclz77c.o)
    0x08000e12   0x08000e12   0x0000006c   Code   RO         3537    i.ADC_DMAConvCplt   stm32f0xx_hal_adc.o
    0x08000e7e   0x08000e7e   0x0000001a   Code   RO         3538    i.ADC_DMAError      stm32f0xx_hal_adc.o
    0x08000e98   0x08000e98   0x0000000a   Code   RO         3539    i.ADC_DMAHalfConvCplt  stm32f0xx_hal_adc.o
    0x08000ea2   0x08000ea2   0x00000002   PAD
    0x08000ea4   0x08000ea4   0x00000090   Code   RO         3541    i.ADC_Enable        stm32f0xx_hal_adc.o
    0x08000f34   0x08000f34   0x00000060   Code   RO           12    i.AT24CXX_ReadLongByte  24cxx.o
    0x08000f94   0x08000f94   0x00000048   Code   RO           13    i.AT24CXX_ReadOneByte  24cxx.o
    0x08000fdc   0x08000fdc   0x00000040   Code   RO           14    i.AT24CXX_WriteOneByte  24cxx.o
    0x0800101c   0x0800101c   0x0000014c   Code   RO         1658    i.Auto_Leak_process  main.o
    0x08001168   0x08001168   0x000000d0   Code   RO         1608    i.BCDtoDec          tool.o
    0x08001238   0x08001238   0x00000060   Code   RO         2940    i.Broadcasting_time  usart.o
    0x08001298   0x08001298   0x00000024   Code   RO         1609    i.ChartoHex         tool.o
    0x080012bc   0x080012bc   0x00000360   Code   RO         1659    i.Conter_Updata     main.o
    0x0800161c   0x0800161c   0x000001a0   Code   RO         1660    i.Cur_Process       main.o
    0x080017bc   0x080017bc   0x0000169c   Code   RO         1661    i.Cur_Switch        main.o
    0x08002e58   0x08002e58   0x00000044   Code   RO         1662    i.Cur_Switch_F      main.o
    0x08002e9c   0x08002e9c   0x00000098   Code   RO         1663    i.Cur_quick_protect  main.o
    0x08002f34   0x08002f34   0x000000f0   Code   RO         1664    i.Cur_sample_process  main.o
    0x08003024   0x08003024   0x000000fc   Code   RO         2941    i.Cur_uart_change   usart.o
    0x08003120   0x08003120   0x000000a8   Code   RO         2942    i.Cur_uart_get      usart.o
    0x080031c8   0x080031c8   0x00000078   Code   RO         1666    i.D3_A_Quick_Process  main.o
    0x08003240   0x08003240   0x00000078   Code   RO         1668    i.D3_B_Quick_Process  main.o
    0x080032b8   0x080032b8   0x00000074   Code   RO         1670    i.D3_C_Quick_Process  main.o
    0x0800332c   0x0800332c   0x00000010   Code   RO         3450    i.DMA1_Channel1_IRQHandler  stm32f0xx_it.o
    0x0800333c   0x0800333c   0x00000024   Code   RO         4585    i.DMA_CalcBaseAndBitshift  stm32f0xx_hal_dma.o
    0x08003360   0x08003360   0x00000028   Code   RO         4586    i.DMA_SetConfig     stm32f0xx_hal_dma.o
    0x08003388   0x08003388   0x000001a8   Code   RO         1672    i.DW_3D_E2_read     main.o
    0x08003530   0x08003530   0x0000007c   Code   RO         1673    i.Day_factors_clear  main.o
    0x080035ac   0x080035ac   0x000000bc   Code   RO         1674    i.Day_updata_process  main.o
    0x08003668   0x08003668   0x00000174   Code   RO         1610    i.DectoBCD          tool.o
    0x080037dc   0x080037dc   0x00000154   Code   RO          913    i.Disp_Write_time   state.o
    0x08003930   0x08003930   0x00000148   Code   RO          914    i.Disp_date         state.o
    0x08003a78   0x08003a78   0x00000140   Code   RO          915    i.Disp_time         state.o
    0x08003bb8   0x08003bb8   0x0000004a   Code   RO           15    i.EEPROM_C          24cxx.o
    0x08003c02   0x08003c02   0x00000028   Code   RO           16    i.EEPROM_R          24cxx.o
    0x08003c2a   0x08003c2a   0x00000002   PAD
    0x08003c2c   0x08003c2c   0x00000074   Code   RO         2943    i.ERR_data_sent     usart.o
    0x08003ca0   0x08003ca0   0x00000004   Code   RO         1676    i.Error_Handler     main.o
    0x08003ca4   0x08003ca4   0x000002c8   Code   RO         2944    i.Event_clear       usart.o
    0x08003f6c   0x08003f6c   0x00000258   Code   RO         1677    i.Flag_Updata       main.o
    0x080041c4   0x080041c4   0x00000300   Code   RO          918    i.Fun_Com_D_1       state.o
    0x080044c4   0x080044c4   0x00000300   Code   RO          919    i.Fun_Com_D_10      state.o
    0x080047c4   0x080047c4   0x00000300   Code   RO          920    i.Fun_Com_D_11      state.o
    0x08004ac4   0x08004ac4   0x00000304   Code   RO          921    i.Fun_Com_D_12      state.o
    0x08004dc8   0x08004dc8   0x00000300   Code   RO          922    i.Fun_Com_D_2       state.o
    0x080050c8   0x080050c8   0x00000300   Code   RO          923    i.Fun_Com_D_3       state.o
    0x080053c8   0x080053c8   0x00000304   Code   RO          924    i.Fun_Com_D_4       state.o
    0x080056cc   0x080056cc   0x00000304   Code   RO          925    i.Fun_Com_D_5       state.o
    0x080059d0   0x080059d0   0x00000304   Code   RO          926    i.Fun_Com_D_6       state.o
    0x08005cd4   0x08005cd4   0x00000304   Code   RO          927    i.Fun_Com_D_7       state.o
    0x08005fd8   0x08005fd8   0x00000304   Code   RO          928    i.Fun_Com_D_8       state.o
    0x080062dc   0x080062dc   0x00000300   Code   RO          929    i.Fun_Com_D_9       state.o
    0x080065dc   0x080065dc   0x00000198   Code   RO          930    i.Fun_Com_S         state.o
    0x08006774   0x08006774   0x00000108   Code   RO          936    i.Fun_DL_hezha      state.o
    0x0800687c   0x0800687c   0x00000108   Code   RO          938    i.Fun_DY_hezha      state.o
    0x08006984   0x08006984   0x00000120   Code   RO          939    i.Fun_DZ            state.o
    0x08006aa4   0x08006aa4   0x00000188   Code   RO          941    i.Fun_Delay_T       state.o
    0x08006c2c   0x08006c2c   0x00000188   Code   RO          942    i.Fun_Delay_Val     state.o
    0x08006db4   0x08006db4   0x000002cc   Code   RO          943    i.Fun_External_GateMode  state.o
    0x08007080   0x08007080   0x00000174   Code   RO          944    i.Fun_FZ            state.o
    0x080071f4   0x080071f4   0x00000138   Code   RO          946    i.Fun_GJ            state.o
    0x0800732c   0x0800732c   0x0000015c   Code   RO          947    i.Fun_GT            state.o
    0x08007488   0x08007488   0x00000120   Code   RO          949    i.Fun_GY            state.o
    0x080075a8   0x080075a8   0x00000180   Code   RO          950    i.Fun_GY_Val        state.o
    0x08007728   0x08007728   0x00000110   Code   RO          951    i.Fun_Instant       state.o
    0x08007838   0x08007838   0x00000170   Code   RO          952    i.Fun_Instant_Val   state.o
    0x080079a8   0x080079a8   0x00000108   Code   RO          955    i.Fun_LD_hezha      state.o
    0x08007ab0   0x08007ab0   0x00000120   Code   RO          957    i.Fun_OP            state.o
    0x08007bd0   0x08007bd0   0x00000180   Code   RO          959    i.Fun_OP_T          state.o
    0x08007d50   0x08007d50   0x000001a8   Code   RO          960    i.Fun_OP_Val        state.o
    0x08007ef8   0x08007ef8   0x00000158   Code   RO          963    i.Fun_QT            state.o
    0x08008050   0x08008050   0x0000012c   Code   RO          965    i.Fun_QX            state.o
    0x0800817c   0x0800817c   0x0000012c   Code   RO          966    i.Fun_QY            state.o
    0x080082a8   0x080082a8   0x00000170   Code   RO          967    i.Fun_QY_Val        state.o
    0x08008418   0x08008418   0x000002c4   Code   RO          969    i.Fun_Record_CX     state.o
    0x080086dc   0x080086dc   0x00000118   Code   RO          971    i.Fun_SC            state.o
    0x080087f4   0x080087f4   0x00000108   Code   RO          972    i.Fun_SD_hezha      state.o
    0x080088fc   0x080088fc   0x0000015c   Code   RO          973    i.Fun_ST            state.o
    0x08008a58   0x08008a58   0x00000124   Code   RO          975    i.Fun_SW            state.o
    0x08008b7c   0x08008b7c   0x00000118   Code   RO          976    i.Fun_SY            state.o
    0x08008c94   0x08008c94   0x0000010c   Code   RO          978    i.Fun_S_Delay       state.o
    0x08008da0   0x08008da0   0x00000204   Code   RO          979    i.Fun_Shiyan_CX     state.o
    0x08008fa4   0x08008fa4   0x00000194   Code   RO          983    i.Fun_Time_D        state.o
    0x08009138   0x08009138   0x0000018c   Code   RO          984    i.Fun_Time_F        state.o
    0x080092c4   0x080092c4   0x0000018c   Code   RO          985    i.Fun_Time_H        state.o
    0x08009450   0x08009450   0x00000198   Code   RO          986    i.Fun_Time_M        state.o
    0x080095e8   0x080095e8   0x00000190   Code   RO          987    i.Fun_Time_S        state.o
    0x08009778   0x08009778   0x000001a4   Code   RO          988    i.Fun_Time_Y        state.o
    0x0800991c   0x0800991c   0x000001c0   Code   RO          990    i.Fun_Type_Cur      state.o
    0x08009adc   0x08009adc   0x00000160   Code   RO          992    i.Fun_YS            state.o
    0x08009c3c   0x08009c3c   0x00000138   Code   RO          994    i.Fun_auto_LD       state.o
    0x08009d74   0x08009d74   0x00000068   Code   RO          228    i.GZ_re_disp        disp.o
    0x08009ddc   0x08009ddc   0x000000b4   Code   RO         1678    i.Get_A_C           main.o
    0x08009e90   0x08009e90   0x000000b4   Code   RO         1679    i.Get_B_C           main.o
    0x08009f44   0x08009f44   0x000000b0   Code   RO         1680    i.Get_C_C           main.o
    0x08009ff4   0x08009ff4   0x00000024   Code   RO         1681    i.Get_L             main.o
    0x0800a018   0x0800a018   0x00000044   Code   RO          229    i.Get_Selftest_Record  disp.o
    0x0800a05c   0x0800a05c   0x0000003c   Code   RO          230    i.Get_record        disp.o
    0x0800a098   0x0800a098   0x000000b8   Code   RO         3712    i.HAL_ADCEx_Calibration_Start  stm32f0xx_hal_adc_ex.o
    0x0800a150   0x0800a150   0x00000110   Code   RO         3543    i.HAL_ADC_ConfigChannel  stm32f0xx_hal_adc.o
    0x0800a260   0x0800a260   0x00000002   Code   RO         3544    i.HAL_ADC_ConvCpltCallback  stm32f0xx_hal_adc.o
    0x0800a262   0x0800a262   0x00000002   Code   RO         3545    i.HAL_ADC_ConvHalfCpltCallback  stm32f0xx_hal_adc.o
    0x0800a264   0x0800a264   0x00000002   Code   RO         3547    i.HAL_ADC_ErrorCallback  stm32f0xx_hal_adc.o
    0x0800a266   0x0800a266   0x00000002   PAD
    0x0800a268   0x0800a268   0x00000178   Code   RO         3552    i.HAL_ADC_Init      stm32f0xx_hal_adc.o
    0x0800a3e0   0x0800a3e0   0x000000a0   Code   RO         2769    i.HAL_ADC_MspInit   adc.o
    0x0800a480   0x0800a480   0x000000a0   Code   RO         3559    i.HAL_ADC_Start_DMA  stm32f0xx_hal_adc.o
    0x0800a520   0x0800a520   0x00000040   Code   RO         4587    i.HAL_DMA_Abort     stm32f0xx_hal_dma.o
    0x0800a560   0x0800a560   0x00000048   Code   RO         4588    i.HAL_DMA_Abort_IT  stm32f0xx_hal_dma.o
    0x0800a5a8   0x0800a5a8   0x0000009c   Code   RO         4592    i.HAL_DMA_IRQHandler  stm32f0xx_hal_dma.o
    0x0800a644   0x0800a644   0x00000054   Code   RO         4593    i.HAL_DMA_Init      stm32f0xx_hal_dma.o
    0x0800a698   0x0800a698   0x0000006a   Code   RO         4597    i.HAL_DMA_Start_IT  stm32f0xx_hal_dma.o
    0x0800a702   0x0800a702   0x00000002   PAD
    0x0800a704   0x0800a704   0x00000024   Code   RO         3864    i.HAL_Delay         stm32f0xx_hal.o
    0x0800a728   0x0800a728   0x000001a4   Code   RO         4526    i.HAL_GPIO_Init     stm32f0xx_hal_gpio.o
    0x0800a8cc   0x0800a8cc   0x0000000a   Code   RO         4528    i.HAL_GPIO_ReadPin  stm32f0xx_hal_gpio.o
    0x0800a8d6   0x0800a8d6   0x0000000c   Code   RO         4530    i.HAL_GPIO_WritePin  stm32f0xx_hal_gpio.o
    0x0800a8e2   0x0800a8e2   0x00000002   PAD
    0x0800a8e4   0x0800a8e4   0x0000000c   Code   RO         3868    i.HAL_GetTick       stm32f0xx_hal.o
    0x0800a8f0   0x0800a8f0   0x00000010   Code   RO         5124    i.HAL_IWDG_Refresh  stm32f0xx_hal_iwdg.o
    0x0800a900   0x0800a900   0x00000010   Code   RO         3874    i.HAL_IncTick       stm32f0xx_hal.o
    0x0800a910   0x0800a910   0x00000020   Code   RO         3875    i.HAL_Init          stm32f0xx_hal.o
    0x0800a930   0x0800a930   0x00000044   Code   RO         3876    i.HAL_InitTick      stm32f0xx_hal.o
    0x0800a974   0x0800a974   0x00000028   Code   RO         3516    i.HAL_MspInit       stm32f0xx_hal_msp.o
    0x0800a99c   0x0800a99c   0x00000018   Code   RO         4683    i.HAL_NVIC_EnableIRQ  stm32f0xx_hal_cortex.o
    0x0800a9b4   0x0800a9b4   0x00000008   Code   RO         4687    i.HAL_NVIC_SetPriority  stm32f0xx_hal_cortex.o
    0x0800a9bc   0x0800a9bc   0x00000010   Code   RO         4780    i.HAL_PWR_EnableBkUpAccess  stm32f0xx_hal_pwr.o
    0x0800a9cc   0x0800a9cc   0x000000e8   Code   RO         3829    i.HAL_RCCEx_PeriphCLKConfig  stm32f0xx_hal_rcc_ex.o
    0x0800aab4   0x0800aab4   0x00000108   Code   RO         3733    i.HAL_RCC_ClockConfig  stm32f0xx_hal_rcc.o
    0x0800abbc   0x0800abbc   0x00000020   Code   RO         3740    i.HAL_RCC_GetPCLK1Freq  stm32f0xx_hal_rcc.o
    0x0800abdc   0x0800abdc   0x0000004c   Code   RO         3741    i.HAL_RCC_GetSysClockFreq  stm32f0xx_hal_rcc.o
    0x0800ac28   0x0800ac28   0x00000388   Code   RO         3744    i.HAL_RCC_OscConfig  stm32f0xx_hal_rcc.o
    0x0800afb0   0x0800afb0   0x00000044   Code   RO         5159    i.HAL_RTC_GetDate   stm32f0xx_hal_rtc.o
    0x0800aff4   0x0800aff4   0x00000058   Code   RO         5161    i.HAL_RTC_GetTime   stm32f0xx_hal_rtc.o
    0x0800b04c   0x0800b04c   0x000000a4   Code   RO         5162    i.HAL_RTC_Init      stm32f0xx_hal_rtc.o
    0x0800b0f0   0x0800b0f0   0x00000020   Code   RO         2853    i.HAL_RTC_MspInit   rtc.o
    0x0800b110   0x0800b110   0x00000098   Code   RO         5168    i.HAL_RTC_SetDate   stm32f0xx_hal_rtc.o
    0x0800b1a8   0x0800b1a8   0x000000b8   Code   RO         5169    i.HAL_RTC_SetTime   stm32f0xx_hal_rtc.o
    0x0800b260   0x0800b260   0x00000034   Code   RO         5170    i.HAL_RTC_WaitForSynchro  stm32f0xx_hal_rtc.o
    0x0800b294   0x0800b294   0x00000018   Code   RO         4689    i.HAL_SYSTICK_CLKSourceConfig  stm32f0xx_hal_cortex.o
    0x0800b2ac   0x0800b2ac   0x00000030   Code   RO         4691    i.HAL_SYSTICK_Config  stm32f0xx_hal_cortex.o
    0x0800b2dc   0x0800b2dc   0x00000002   Code   RO         6208    i.HAL_TIMEx_BreakCallback  stm32f0xx_hal_tim_ex.o
    0x0800b2de   0x0800b2de   0x00000002   Code   RO         6209    i.HAL_TIMEx_CommutCallback  stm32f0xx_hal_tim_ex.o
    0x0800b2e0   0x0800b2e0   0x00000048   Code   RO         5508    i.HAL_TIM_Base_Init  stm32f0xx_hal_tim.o
    0x0800b328   0x0800b328   0x00000034   Code   RO         2903    i.HAL_TIM_Base_MspInit  tim.o
    0x0800b35c   0x0800b35c   0x00000050   Code   RO         5513    i.HAL_TIM_Base_Start_IT  stm32f0xx_hal_tim.o
    0x0800b3ac   0x0800b3ac   0x00000002   Code   RO         5542    i.HAL_TIM_IC_CaptureCallback  stm32f0xx_hal_tim.o
    0x0800b3ae   0x0800b3ae   0x00000128   Code   RO         5556    i.HAL_TIM_IRQHandler  stm32f0xx_hal_tim.o
    0x0800b4d6   0x0800b4d6   0x00000002   Code   RO         5559    i.HAL_TIM_OC_DelayElapsedCallback  stm32f0xx_hal_tim.o
    0x0800b4d8   0x0800b4d8   0x00000002   Code   RO         5586    i.HAL_TIM_PWM_PulseFinishedCallback  stm32f0xx_hal_tim.o
    0x0800b4da   0x0800b4da   0x00000002   PAD
    0x0800b4dc   0x0800b4dc   0x00000468   Code   RO         1682    i.HAL_TIM_PeriodElapsedCallback  main.o
    0x0800b944   0x0800b944   0x00000002   Code   RO         5599    i.HAL_TIM_TriggerCallback  stm32f0xx_hal_tim.o
    0x0800b946   0x0800b946   0x00000002   Code   RO         6478    i.HAL_UARTEx_RxEventCallback  stm32f0xx_hal_uart.o
    0x0800b948   0x0800b948   0x0000003c   Code   RO         2945    i.HAL_UART_ErrorCallback  usart.o
    0x0800b984   0x0800b984   0x00000294   Code   RO         6497    i.HAL_UART_IRQHandler  stm32f0xx_hal_uart.o
    0x0800bc18   0x0800bc18   0x0000006a   Code   RO         6498    i.HAL_UART_Init     stm32f0xx_hal_uart.o
    0x0800bc82   0x0800bc82   0x00000002   PAD
    0x0800bc84   0x0800bc84   0x00000074   Code   RO         2947    i.HAL_UART_MspInit  usart.o
    0x0800bcf8   0x0800bcf8   0x00000058   Code   RO         6503    i.HAL_UART_Receive_IT  stm32f0xx_hal_uart.o
    0x0800bd50   0x0800bd50   0x000000e8   Code   RO         2948    i.HAL_UART_RxCpltCallback  usart.o
    0x0800be38   0x0800be38   0x000000c0   Code   RO         6507    i.HAL_UART_Transmit  stm32f0xx_hal_uart.o
    0x0800bef8   0x0800bef8   0x00000002   Code   RO         6510    i.HAL_UART_TxCpltCallback  stm32f0xx_hal_uart.o
    0x0800befa   0x0800befa   0x00000002   Code   RO         3451    i.HardFault_Handler  stm32f0xx_it.o
    0x0800befc   0x0800befc   0x00000024   Code   RO         1611    i.HexToChar         tool.o
    0x0800bf20   0x0800bf20   0x00000048   Code   RO          842    i.IIC_Ack           myiic.o
    0x0800bf68   0x0800bf68   0x00000048   Code   RO          843    i.IIC_NAck          myiic.o
    0x0800bfb0   0x0800bfb0   0x00000068   Code   RO          844    i.IIC_Read_Byte     myiic.o
    0x0800c018   0x0800c018   0x00000068   Code   RO          845    i.IIC_Send_Byte     myiic.o
    0x0800c080   0x0800c080   0x00000048   Code   RO          846    i.IIC_Start         myiic.o
    0x0800c0c8   0x0800c0c8   0x00000048   Code   RO          847    i.IIC_Stop          myiic.o
    0x0800c110   0x0800c110   0x00000060   Code   RO          848    i.IIC_Wait_Ack      myiic.o
    0x0800c170   0x0800c170   0x00000058   Code   RO          232    i.I_VAL_handle      disp.o
    0x0800c1c8   0x0800c1c8   0x00000034   Code   RO         1684    i.I_max_process     main.o
    0x0800c1fc   0x0800c1fc   0x00000034   Code   RO         1685    i.I_min_process     main.o
    0x0800c230   0x0800c230   0x0000008c   Code   RO         1686    i.Lackzero_judge    main.o
    0x0800c2bc   0x0800c2bc   0x000001f8   Code   RO          529    i.Lcd12864_Write12CnCHAR  display_ziku.o
    0x0800c4b4   0x0800c4b4   0x00000164   Code   RO         1687    i.Leak_Over_process  main.o
    0x0800c618   0x0800c618   0x00000020   Code   RO         1688    i.Leak_max_process  main.o
    0x0800c638   0x0800c638   0x00000020   Code   RO         1689    i.Leak_min_process  main.o
    0x0800c658   0x0800c658   0x000000cc   Code   RO         1690    i.Leak_process      main.o
    0x0800c724   0x0800c724   0x0000035c   Code   RO          235    i.Ls_function_process  disp.o
    0x0800ca80   0x0800ca80   0x00000028   Code   RO           17    i.MODIFY_EEP_W      24cxx.o
    0x0800caa8   0x0800caa8   0x000000f0   Code   RO         2770    i.MX_ADC_Init       adc.o
    0x0800cb98   0x0800cb98   0x00000028   Code   RO         2806    i.MX_DMA_Init       dma.o
    0x0800cbc0   0x0800cbc0   0x00000144   Code   RO         2748    i.MX_GPIO_Init      gpio.o
    0x0800cd04   0x0800cd04   0x00000080   Code   RO         2854    i.MX_RTC_Init       rtc.o
    0x0800cd84   0x0800cd84   0x00000030   Code   RO         2904    i.MX_TIM6_Init      tim.o
    0x0800cdb4   0x0800cdb4   0x00000050   Code   RO         2949    i.MX_USART1_UART_Init  usart.o
    0x0800ce04   0x0800ce04   0x00000002   Code   RO         3452    i.NMI_Handler       stm32f0xx_it.o
    0x0800ce06   0x0800ce06   0x00000002   PAD
    0x0800ce08   0x0800ce08   0x0000011c   Code   RO         1691    i.Nomal_Process     main.o
    0x0800cf24   0x0800cf24   0x00000120   Code   RO         1692    i.Normal_Leak_process  main.o
    0x0800d044   0x0800d044   0x000000f0   Code   RO         2950    i.Password_verification  usart.o
    0x0800d134   0x0800d134   0x00000002   Code   RO         3453    i.PendSV_Handler    stm32f0xx_it.o
    0x0800d136   0x0800d136   0x00000002   PAD
    0x0800d138   0x0800d138   0x000001fc   Code   RO         1694    i.Power_Sample_A    main.o
    0x0800d334   0x0800d334   0x000001fc   Code   RO         1695    i.Power_Sample_B    main.o
    0x0800d530   0x0800d530   0x000001f4   Code   RO         1696    i.Power_Sample_C    main.o
    0x0800d724   0x0800d724   0x00000048   Code   RO         2951    i.RS485_Init        usart.o
    0x0800d76c   0x0800d76c   0x00000010   Code   RO         5171    i.RTC_Bcd2ToByte    stm32f0xx_hal_rtc.o
    0x0800d77c   0x0800d77c   0x00000016   Code   RO         5172    i.RTC_ByteToBcd2    stm32f0xx_hal_rtc.o
    0x0800d792   0x0800d792   0x00000042   Code   RO         5173    i.RTC_EnterInitMode  stm32f0xx_hal_rtc.o
    0x0800d7d4   0x0800d7d4   0x0000002c   Code   RO         5174    i.RTC_ExitInitMode  stm32f0xx_hal_rtc.o
    0x0800d800   0x0800d800   0x00000048   Code   RO         1001    i.RTC_Readtime      state.o
    0x0800d848   0x0800d848   0x00000020   Code   RO         2855    i.RTC_Set_Date      rtc.o
    0x0800d868   0x0800d868   0x00000024   Code   RO         2856    i.RTC_Set_Time      rtc.o
    0x0800d88c   0x0800d88c   0x00000160   Code   RO         1698    i.Read_Cur_calibrae_data  main.o
    0x0800d9ec   0x0800d9ec   0x00000054   Code   RO         2952    i.Read_DL_AD_Value  usart.o
    0x0800da40   0x0800da40   0x00000054   Code   RO         2953    i.Read_DL_XL_Value  usart.o
    0x0800da94   0x0800da94   0x0000003c   Code   RO         2954    i.Read_DY_XL_Value  usart.o
    0x0800dad0   0x0800dad0   0x00000020   Code   RO         2955    i.Read_LD_XL_Value  usart.o
    0x0800daf0   0x0800daf0   0x00000138   Code   RO         2956    i.Read_SD_AD_Value  usart.o
    0x0800dc28   0x0800dc28   0x0000035c   Code   RO         1699    i.Read_SD_Cur_calibrae_data  main.o
    0x0800df84   0x0800df84   0x00000330   Code   RO         1700    i.Read_SD_Cur_calibrae_data1  main.o
    0x0800e2b4   0x0800e2b4   0x00000138   Code   RO         2957    i.Read_SD_Slope_Value  usart.o
    0x0800e3ec   0x0800e3ec   0x00000130   Code   RO         2958    i.Read_SD_Value     usart.o
    0x0800e51c   0x0800e51c   0x00000020   Code   RO         2959    i.Read_addr         usart.o
    0x0800e53c   0x0800e53c   0x00000050   Code   RO         2960    i.Read_baud         usart.o
    0x0800e58c   0x0800e58c   0x00000048   Code   RO         2961    i.Read_ctrlword     usart.o
    0x0800e5d4   0x0800e5d4   0x00000068   Code   RO         2962    i.Read_cur_setpoint  usart.o
    0x0800e63c   0x0800e63c   0x00000050   Code   RO         2963    i.Read_event_leakalarm  usart.o
    0x0800e68c   0x0800e68c   0x00000050   Code   RO         2964    i.Read_event_leakover  usart.o
    0x0800e6dc   0x0800e6dc   0x0000004c   Code   RO         2965    i.Read_event_leakrecord  usart.o
    0x0800e728   0x0800e728   0x00000050   Code   RO         2966    i.Read_event_leakself  usart.o
    0x0800e778   0x0800e778   0x00000050   Code   RO         2967    i.Read_event_leaktrip  usart.o
    0x0800e7c8   0x0800e7c8   0x00000170   Code   RO         2968    i.Read_factors      usart.o
    0x0800e938   0x0800e938   0x00000020   Code   RO         2969    i.Read_fenzha_tim   usart.o
    0x0800e958   0x0800e958   0x00000020   Code   RO         2970    i.Read_hezha_tim    usart.o
    0x0800e978   0x0800e978   0x00000064   Code   RO          236    i.Read_key          disp.o
    0x0800e9dc   0x0800e9dc   0x00000060   Code   RO         2971    i.Read_leakctrl     usart.o
    0x0800ea3c   0x0800ea3c   0x00000058   Code   RO         2972    i.Read_max_cur      usart.o
    0x0800ea94   0x0800ea94   0x0000002e   Code   RO         2973    i.Read_max_leak     usart.o
    0x0800eac2   0x0800eac2   0x00000002   PAD
    0x0800eac4   0x0800eac4   0x00000058   Code   RO         2974    i.Read_max_min_cur  usart.o
    0x0800eb1c   0x0800eb1c   0x00000034   Code   RO         2975    i.Read_max_min_leak  usart.o
    0x0800eb50   0x0800eb50   0x00000058   Code   RO         2976    i.Read_max_min_vol  usart.o
    0x0800eba8   0x0800eba8   0x00000058   Code   RO         2977    i.Read_max_vol      usart.o
    0x0800ec00   0x0800ec00   0x00000020   Code   RO         2978    i.Read_num_dataclear  usart.o
    0x0800ec20   0x0800ec20   0x00000020   Code   RO         2979    i.Read_num_protectoff  usart.o
    0x0800ec40   0x0800ec40   0x000000c8   Code   RO         2980    i.Read_num_trip     usart.o
    0x0800ed08   0x0800ed08   0x00000090   Code   RO         2981    i.Read_response     usart.o
    0x0800ed98   0x0800ed98   0x00000084   Code   RO         2982    i.Read_response1    usart.o
    0x0800ee1c   0x0800ee1c   0x0000015c   Code   RO         2983    i.Read_state        usart.o
    0x0800ef78   0x0800ef78   0x000000d8   Code   RO         2984    i.Read_time         usart.o
    0x0800f050   0x0800f050   0x00000024   Code   RO         2985    i.Read_time_run     usart.o
    0x0800f074   0x0800f074   0x00000038   Code   RO         2986    i.Read_timing       usart.o
    0x0800f0ac   0x0800f0ac   0x00000020   Code   RO         2987    i.Read_trip_tim     usart.o
    0x0800f0cc   0x0800f0cc   0x000000a0   Code   RO         2988    i.Read_variable_cur  usart.o
    0x0800f16c   0x0800f16c   0x00000064   Code   RO         2989    i.Read_variable_leak  usart.o
    0x0800f1d0   0x0800f1d0   0x00000074   Code   RO         2990    i.Read_variable_leak_class  usart.o
    0x0800f244   0x0800f244   0x00000098   Code   RO         2991    i.Read_variable_vol  usart.o
    0x0800f2dc   0x0800f2dc   0x000000f4   Code   RO         2992    i.Read_vol_setpoint  usart.o
    0x0800f3d0   0x0800f3d0   0x000000bc   Code   RO         1701    i.Record_V          main.o
    0x0800f48c   0x0800f48c   0x0000003c   Code   RO         1702    i.Record_data_propare  main.o
    0x0800f4c8   0x0800f4c8   0x0000005c   Code   RO         1703    i.Run_time_process  main.o
    0x0800f524   0x0800f524   0x0000002c   Code   RO          849    i.SDA_IN            myiic.o
    0x0800f550   0x0800f550   0x00000030   Code   RO          850    i.SDA_OUT           myiic.o
    0x0800f580   0x0800f580   0x00000888   Code   RO         2993    i.SD_uart_cal_handle  usart.o
    0x0800fe08   0x0800fe08   0x00000002   Code   RO         3454    i.SVC_Handler       stm32f0xx_it.o
    0x0800fe0a   0x0800fe0a   0x00000002   PAD
    0x0800fe0c   0x0800fe0c   0x00000058   Code   RO          237    i.Sf_function_process  disp.o
    0x0800fe64   0x0800fe64   0x000000bc   Code   RO         1704    i.Switch_pos_judge  main.o
    0x0800ff20   0x0800ff20   0x00000008   Code   RO         3455    i.SysTick_Handler   stm32f0xx_it.o
    0x0800ff28   0x0800ff28   0x0000009c   Code   RO         1705    i.SystemClock_Config  main.o
    0x0800ffc4   0x0800ffc4   0x00000002   Code   RO         6901    i.SystemInit        system_stm32f0xx.o
    0x0800ffc6   0x0800ffc6   0x00000002   PAD
    0x0800ffc8   0x0800ffc8   0x0000008c   Code   RO         1706    i.TB_leak_process   main.o
    0x08010054   0x08010054   0x00000010   Code   RO         3456    i.TIM6_IRQHandler   stm32f0xx_it.o
    0x08010064   0x08010064   0x00000098   Code   RO         5601    i.TIM_Base_SetConfig  stm32f0xx_hal_tim.o
    0x080100fc   0x080100fc   0x000002f0   Code   RO         1007    i.Time_Hezha_delay  state.o
    0x080103ec   0x080103ec   0x000000a0   Code   RO         1707    i.Trip_Action       main.o
    0x0801048c   0x0801048c   0x000000d4   Code   RO         1012    i.Trip_Num_DY       state.o
    0x08010560   0x08010560   0x000000d4   Code   RO         1014    i.Trip_Num_LD       state.o
    0x08010634   0x08010634   0x000000d4   Code   RO         1015    i.Trip_Num_LOCK     state.o
    0x08010708   0x08010708   0x00000170   Code   RO         1708    i.Trip_Process      main.o
    0x08010878   0x08010878   0x000000fc   Code   RO         1709    i.Trip_Process_time  main.o
    0x08010974   0x08010974   0x000000ca   Code   RO         6512    i.UART_AdvFeatureConfig  stm32f0xx_hal_uart.o
    0x08010a3e   0x08010a3e   0x00000002   PAD
    0x08010a40   0x08010a40   0x000000c4   Code   RO         6513    i.UART_CheckIdleState  stm32f0xx_hal_uart.o
    0x08010b04   0x08010b04   0x00000014   Code   RO         6514    i.UART_DMAAbortOnError  stm32f0xx_hal_uart.o
    0x08010b18   0x08010b18   0x00000060   Code   RO         6524    i.UART_EndRxTransfer  stm32f0xx_hal_uart.o
    0x08010b78   0x08010b78   0x000000ce   Code   RO         6526    i.UART_RxISR_16BIT  stm32f0xx_hal_uart.o
    0x08010c46   0x08010c46   0x000000ce   Code   RO         6527    i.UART_RxISR_8BIT   stm32f0xx_hal_uart.o
    0x08010d14   0x08010d14   0x00000158   Code   RO         6528    i.UART_SetConfig    stm32f0xx_hal_uart.o
    0x08010e6c   0x08010e6c   0x000000c8   Code   RO         6530    i.UART_Start_Receive_IT  stm32f0xx_hal_uart.o
    0x08010f34   0x08010f34   0x00000096   Code   RO         6533    i.UART_WaitOnFlagUntilTimeout  stm32f0xx_hal_uart.o
    0x08010fca   0x08010fca   0x00000002   PAD
    0x08010fcc   0x08010fcc   0x00000c10   Code   RO         2994    i.UART_process      usart.o
    0x08011bdc   0x08011bdc   0x00000010   Code   RO         3457    i.USART1_IRQHandler  stm32f0xx_it.o
    0x08011bec   0x08011bec   0x00000060   Code   RO         2996    i.Uart_prepare      usart.o
    0x08011c4c   0x08011c4c   0x00000048   Code   RO         2997    i.Uart_prepare1     usart.o
    0x08011c94   0x08011c94   0x000000d4   Code   RO         1710    i.V_Sample          main.o
    0x08011d68   0x08011d68   0x00000040   Code   RO         1711    i.V_Sample_A        main.o
    0x08011da8   0x08011da8   0x00000040   Code   RO         1712    i.V_Sample_B        main.o
    0x08011de8   0x08011de8   0x000000c8   Code   RO         1713    i.V_Sample_C        main.o
    0x08011eb0   0x08011eb0   0x00000040   Code   RO         1714    i.V_Sample_CC       main.o
    0x08011ef0   0x08011ef0   0x00000040   Code   RO         1715    i.V_max_process     main.o
    0x08011f30   0x08011f30   0x00000040   Code   RO         1716    i.V_min_process     main.o
    0x08011f70   0x08011f70   0x000003c4   Code   RO         1717    i.Vol_Process       main.o
    0x08012334   0x08012334   0x00000088   Code   RO         1718    i.Vol_sample_process  main.o
    0x080123bc   0x080123bc   0x0000006c   Code   RO         2998    i.WRITE_DATA_NOMAL  usart.o
    0x08012428   0x08012428   0x0000005c   Code   RO         1719    i.Wait_selftest     main.o
    0x08012484   0x08012484   0x00000160   Code   RO         1720    i.Write_I           main.o
    0x080125e4   0x080125e4   0x000000f8   Code   RO         1721    i.Write_Leak_Record  main.o
    0x080126dc   0x080126dc   0x000004f0   Code   RO         1722    i.Write_Record      main.o
    0x08012bcc   0x08012bcc   0x00000178   Code   RO         1723    i.Write_Selftest_Record  main.o
    0x08012d44   0x08012d44   0x00000124   Code   RO         1724    i.Write_V           main.o
    0x08012e68   0x08012e68   0x000000c4   Code   RO         2999    i.Write_addr        usart.o
    0x08012f2c   0x08012f2c   0x00000064   Code   RO         3000    i.Write_baud        usart.o
    0x08012f90   0x08012f90   0x000000ec   Code   RO         3001    i.Write_ctrlword    usart.o
    0x0801307c   0x0801307c   0x0000011c   Code   RO         3002    i.Write_cur_setpoint  usart.o
    0x08013198   0x08013198   0x000001e0   Code   RO         3003    i.Write_factors     usart.o
    0x08013378   0x08013378   0x000000b4   Code   RO         3004    i.Write_fenzha_tim  usart.o
    0x0801342c   0x0801342c   0x00000044   Code   RO         3005    i.Write_hezha_delay  usart.o
    0x08013470   0x08013470   0x000000c4   Code   RO         3006    i.Write_hezha_tim   usart.o
    0x08013534   0x08013534   0x000000ec   Code   RO         1725    i.Write_leak        main.o
    0x08013620   0x08013620   0x00000144   Code   RO         3007    i.Write_leakctrl    usart.o
    0x08013764   0x08013764   0x000000a4   Code   RO         3008    i.Write_password    usart.o
    0x08013808   0x08013808   0x000001f0   Code   RO         3009    i.Write_time        usart.o
    0x080139f8   0x080139f8   0x0000005c   Code   RO         3010    i.Write_timing      usart.o
    0x08013a54   0x08013a54   0x0000009c   Code   RO         3011    i.Write_trip_tim    usart.o
    0x08013af0   0x08013af0   0x000001f0   Code   RO         3012    i.Write_vol_setpoint  usart.o
    0x08013ce0   0x08013ce0   0x00000030   Code   RO         3819    i.__ARM_common_ll_muluu  stm32f0xx_hal_rcc.o
    0x08013d10   0x08013d10   0x0000001a   Code   RO         2707    i.__ARM_common_switch8  main.o
    0x08013d2a   0x08013d2a   0x00000002   PAD
    0x08013d2c   0x08013d2c   0x00000044   Code   RO         4693    i.__NVIC_SetPriority  stm32f0xx_hal_cortex.o
    0x08013d70   0x08013d70   0x0000006c   Code   RO          240    i.abnormal_disp     disp.o
    0x08013ddc   0x08013ddc   0x00000120   Code   RO         1726    i.c_hezha           main.o
    0x08013efc   0x08013efc   0x0000004c   Code   RO          770    i.clear_define_screen  lcd.o
    0x08013f48   0x08013f48   0x0000009c   Code   RO         1727    i.clear_flags       main.o
    0x08013fe4   0x08013fe4   0x0000002c   Code   RO          771    i.clear_screen      lcd.o
    0x08014010   0x08014010   0x00000018   Code   RO         1728    i.clear_tingdian    main.o
    0x08014028   0x08014028   0x00000014   Code   RO         1612    i.copy_array        tool.o
    0x0801403c   0x0801403c   0x00000040   Code   RO         1729    i.ctrlword1_analyze  main.o
    0x0801407c   0x0801407c   0x00000040   Code   RO         1730    i.ctrlword2_analyze  main.o
    0x080140bc   0x080140bc   0x00000018   Code   RO         1731    i.ctrlword3_analyze  main.o
    0x080140d4   0x080140d4   0x00000148   Code   RO         1732    i.ctrlword4_analyze  main.o
    0x0801421c   0x0801421c   0x0000006c   Code   RO         1733    i.ctrlword5_analyze  main.o
    0x08014288   0x08014288   0x000002cc   Code   RO         1734    i.cur_actionhandle_A  main.o
    0x08014554   0x08014554   0x000002c0   Code   RO         1735    i.cur_actionhandle_B  main.o
    0x08014814   0x08014814   0x000002c8   Code   RO         1736    i.cur_actionhandle_C  main.o
    0x08014adc   0x08014adc   0x00000248   Code   RO         1739    i.cur_handle_A      main.o
    0x08014d24   0x08014d24   0x00000248   Code   RO         1740    i.cur_handle_B      main.o
    0x08014f6c   0x08014f6c   0x00000244   Code   RO         1741    i.cur_handle_C      main.o
    0x080151b0   0x080151b0   0x00000684   Code   RO         3015    i.cur_uart_cal_handle  usart.o
    0x08015834   0x08015834   0x00000244   Code   RO         1742    i.data_clear        main.o
    0x08015a78   0x08015a78   0x00000014   Code   RO          189    i.delay_init        delay.o
    0x08015a8c   0x08015a8c   0x0000001a   Code   RO          190    i.delay_ms          delay.o
    0x08015aa6   0x08015aa6   0x00000022   Code   RO         1613    i.delay_uart        tool.o
    0x08015ac8   0x08015ac8   0x00000034   Code   RO          191    i.delay_us          delay.o
    0x08015afc   0x08015afc   0x000001f0   Code   RO          241    i.disp_data_prepare  disp.o
    0x08015cec   0x08015cec   0x00000070   Code   RO          533    i.display_ASCIIstring_6x12  display_ziku.o
    0x08015d5c   0x08015d5c   0x00000084   Code   RO          534    i.display_ASCIIstring_6x12_right_align  display_ziku.o
    0x08015de0   0x08015de0   0x00000088   Code   RO          535    i.display_ASCIIstring_6x12_with_underline  display_ziku.o
    0x08015e68   0x08015e68   0x00000068   Code   RO          536    i.display_ASCIIstring_8x16  display_ziku.o
    0x08015ed0   0x08015ed0   0x00000030   Code   RO          543    i.display_graphic_6x12  display_ziku.o
    0x08015f00   0x08015f00   0x00000030   Code   RO          544    i.display_graphic_8x16  display_ziku.o
    0x08015f30   0x08015f30   0x00000030   Code   RO          549    i.display_kaiguan   display_ziku.o
    0x08015f60   0x08015f60   0x0000004a   Code   RO          558    i.draw_horizontal_line  display_ziku.o
    0x08015faa   0x08015faa   0x00000002   PAD
    0x08015fac   0x08015fac   0x00000d34   Code   RO         1743    i.external_E2_read  main.o
    0x08016ce0   0x08016ce0   0x000019d4   Code   RO         1744    i.factor_first_init  main.o
    0x080186b4   0x080186b4   0x00000064   Code   RO         1745    i.factors_init      main.o
    0x08018718   0x08018718   0x00000038   Code   RO         1746    i.fenzha            main.o
    0x08018750   0x08018750   0x0000017c   Code   RO         1747    i.fenzha_process    main.o
    0x080188cc   0x080188cc   0x00000018   Code   RO         3016    i.format_uart_t_buf  usart.o
    0x080188e4   0x080188e4   0x000000cc   Code   RO         3017    i.frame_check       usart.o
    0x080189b0   0x080189b0   0x0000001a   Code   RO          242    i.generate_chuan    disp.o
    0x080189ca   0x080189ca   0x00000002   PAD
    0x080189cc   0x080189cc   0x000000cc   Code   RO          243    i.get_key           disp.o
    0x08018a98   0x08018a98   0x000004c4   Code   RO          244    i.guzhang_disp      disp.o
    0x08018f5c   0x08018f5c   0x00000060   Code   RO         1748    i.hand_short_process  main.o
    0x08018fbc   0x08018fbc   0x00000034   Code   RO         1749    i.hezha             main.o
    0x08018ff0   0x08018ff0   0x000002e4   Code   RO         1750    i.hezha_process     main.o
    0x080192d4   0x080192d4   0x00000084   Code   RO          775    i.initial_lcd       lcd.o
    0x08019358   0x08019358   0x00001990   Code   RO          245    i.key_process       disp.o
    0x0801ace8   0x0801ace8   0x00000030   Code   RO         1752    i.lack_vol_trip     main.o
    0x0801ad18   0x0801ad18   0x0000004c   Code   RO         1753    i.lackzero_vol_process  main.o
    0x0801ad64   0x0801ad64   0x00000020   Code   RO          776    i.lcd_address       lcd.o
    0x0801ad84   0x0801ad84   0x00000014   Code   RO         1754    i.leak_handle       main.o
    0x0801ad98   0x0801ad98   0x000000d0   Code   RO         3018    i.leak_uart_cal_handle  usart.o
    0x0801ae68   0x0801ae68   0x00000078   Code   RO          246    i.long_key_process  disp.o
    0x0801aee0   0x0801aee0   0x000001c8   Code   RO         1755    i.long_process      main.o
    0x0801b0a8   0x0801b0a8   0x0000016c   Code   RO         1756    i.loss_phase_process  main.o
    0x0801b214   0x0801b214   0x00000068   Code   RO         1757    i.loss_phase_trip   main.o
    0x0801b27c   0x0801b27c   0x00000068   Code   RO         1758    i.low_vol_prcoess   main.o
    0x0801b2e4   0x0801b2e4   0x00000030   Code   RO         1759    i.low_vol_trip      main.o
    0x0801b314   0x0801b314   0x000001e8   Code   RO         1760    i.main              main.o
    0x0801b4fc   0x0801b4fc   0x000002d0   Code   RO          247    i.mima_change       disp.o
    0x0801b7cc   0x0801b7cc   0x000000c4   Code   RO          248    i.mima_check        disp.o
    0x0801b890   0x0801b890   0x000000d4   Code   RO          249    i.mima_input        disp.o
    0x0801b964   0x0801b964   0x000002c4   Code   RO          250    i.nogz_disp         disp.o
    0x0801bc28   0x0801bc28   0x00000748   Code   RO          251    i.nomal_disp        disp.o
    0x0801c370   0x0801c370   0x000000dc   Code   RO         3019    i.point_just        usart.o
    0x0801c44c   0x0801c44c   0x00000018   Code   RO         1761    i.read_tingdian     main.o
    0x0801c464   0x0801c464   0x00000024   Code   RO         1762    i.rms_make          main.o
    0x0801c488   0x0801c488   0x0000000e   Code   RO          252    i.shijian_tiaozheng  disp.o
    0x0801c496   0x0801c496   0x00000002   PAD
    0x0801c498   0x0801c498   0x0000076c   Code   RO          253    i.shishishuju       disp.o
    0x0801cc04   0x0801cc04   0x00000580   Code   RO         1763    i.short_process     main.o
    0x0801d184   0x0801d184   0x00000118   Code   RO         1764    i.state_init        main.o
    0x0801d29c   0x0801d29c   0x00000038   Code   RO          254    i.tiaozheng_key_state  disp.o
    0x0801d2d4   0x0801d2d4   0x000000d0   Code   RO          777    i.transfer_command  lcd.o
    0x0801d3a4   0x0801d3a4   0x000000d0   Code   RO          778    i.transfer_data     lcd.o
    0x0801d474   0x0801d474   0x00000054   Code   RO         1765    i.uart_com_process  main.o
    0x0801d4c8   0x0801d4c8   0x00000118   Code   RO         1766    i.under_vol_prcoess  main.o
    0x0801d5e0   0x0801d5e0   0x00000050   Code   RO         1767    i.under_vol_trip    main.o
    0x0801d630   0x0801d630   0x000000c4   Code   RO         1768    i.up_vol_prcoess    main.o
    0x0801d6f4   0x0801d6f4   0x00000050   Code   RO         1769    i.up_vol_trip       main.o
    0x0801d744   0x0801d744   0x00000030   Code   RO         1772    i.vol_handle        main.o
    0x0801d774   0x0801d774   0x00000020   Code   RO         1773    i.vol_handle_A      main.o
    0x0801d794   0x0801d794   0x00000020   Code   RO         1774    i.vol_handle_B      main.o
    0x0801d7b4   0x0801d7b4   0x00000020   Code   RO         1775    i.vol_handle_C      main.o
    0x0801d7d4   0x0801d7d4   0x00000280   Code   RO         3020    i.vol_uart_cal_handle  usart.o
    0x0801da54   0x0801da54   0x00000018   Code   RO         1777    i.write_tingdian    main.o
    0x0801da6c   0x0801da6c   0x000000ac   Code   RO          255    i.xianshishuju      disp.o
    0x0801db18   0x0801db18   0x00000134   Code   RO          256    i.xianshishuju1     disp.o
    0x0801dc4c   0x0801dc4c   0x000000ac   Code   RO          257    i.xianshishuju_dianliu  disp.o
    0x0801dcf8   0x0801dcf8   0x000000ac   Code   RO          258    i.xianshishuju_dianya  disp.o
    0x0801dda4   0x0801dda4   0x000000b0   Code   RO         6979    x$fpl$fmul          fz_ps.l(fmul.o)
    0x0801de54   0x0801de54   0x00000000   Code   RO         6992    x$fpl$usenofp       fz_ps.l(usenofp.o)
    0x0801de54   0x0801de54   0x000001f0   Data   RO         1834    .constdata          main.o
    0x0801e044   0x0801e044   0x0000003c   Data   RO         3024    .constdata          usart.o
    0x0801e080   0x0801e080   0x00000020   Data   RO         3745    .constdata          stm32f0xx_hal_rcc.o
    0x0801e0a0   0x0801e0a0   0x00000010   Data   RO         6902    .constdata          system_stm32f0xx.o
    0x0801e0b0   0x0801e0b0   0x00000008   Data   RO         6903    .constdata          system_stm32f0xx.o
    0x0801e0b8   0x0801e0b8   0x00000040   Data   RO         6971    .constdata          fz_ps.l(fdiv.o)
    0x0801e0f8   0x0801e0f8   0x00000314   Data   RO          260    .conststring        disp.o
    0x0801e40c   0x0801e40c   0x00000020   Data   RO         7155    Region$$Table       anon$$obj.o


    Execution Region RW_IRAM1 (Exec base: 0x20000000, Load base: 0x0801e42c, Size: 0x00004228, Max: 0x00008000, ABSOLUTE, COMPRESSED[0x00001780])

    Exec Addr    Load Addr    Size         Type   Attr      Idx    E Section Name        Object

    0x20000000   COMPRESSED   0x00000004   Data   RW          192    .data               delay.o
    0x20000004   COMPRESSED   0x000000ac   Data   RW          263    .data               disp.o
    0x200000b0   COMPRESSED   0x00000001   Data   RW          286    .data               disp.o
    0x200000b1   COMPRESSED   0x00000001   Data   RW          287    .data               disp.o
    0x200000b2   COMPRESSED   0x00000001   Data   RW          288    .data               disp.o
    0x200000b3   COMPRESSED   0x00000001   Data   RW          289    .data               disp.o
    0x200000b4   COMPRESSED   0x00000001   Data   RW          290    .data               disp.o
    0x200000b5   COMPRESSED   0x00000001   Data   RW          291    .data               disp.o
    0x200000b6   COMPRESSED   0x00000001   Data   RW          292    .data               disp.o
    0x200000b7   COMPRESSED   0x00000001   Data   RW          293    .data               disp.o
    0x200000b8   COMPRESSED   0x00000001   Data   RW          294    .data               disp.o
    0x200000b9   COMPRESSED   0x00000001   Data   RW          295    .data               disp.o
    0x200000ba   COMPRESSED   0x00000002   PAD
    0x200000bc   COMPRESSED   0x00000004   Data   RW          296    .data               disp.o
    0x200000c0   COMPRESSED   0x00000004   Data   RW          297    .data               disp.o
    0x200000c4   COMPRESSED   0x000018d2   Data   RW          561    .data               display_ziku.o
    0x20001996   COMPRESSED   0x0000000c   Data   RW          562    .data               display_ziku.o
    0x200019a2   COMPRESSED   0x00000010   Data   RW          564    .data               display_ziku.o
    0x200019b2   COMPRESSED   0x0000000c   Data   RW          578    .data               display_ziku.o
    0x200019be   COMPRESSED   0x00000010   Data   RW          580    .data               display_ziku.o
    0x200019ce   COMPRESSED   0x00000002   PAD
    0x200019d0   COMPRESSED   0x000002ac   Data   RW         1021    .data               state.o
    0x20001c7c   COMPRESSED   0x00000004   Data   RW         1022    .data               state.o
    0x20001c80   COMPRESSED   0x000007da   Data   RW         1862    .data               main.o
    0x2000245a   COMPRESSED   0x00000001   Data   RW         1863    .data               main.o
    0x2000245b   COMPRESSED   0x00000001   Data   RW         1864    .data               main.o
    0x2000245c   COMPRESSED   0x00000001   Data   RW         1865    .data               main.o
    0x2000245d   COMPRESSED   0x00000001   Data   RW         1866    .data               main.o
    0x2000245e   COMPRESSED   0x00000001   Data   RW         1870    .data               main.o
    0x2000245f   COMPRESSED   0x00000001   Data   RW         1873    .data               main.o
    0x20002460   COMPRESSED   0x00000001   Data   RW         1874    .data               main.o
    0x20002461   COMPRESSED   0x00000003   PAD
    0x20002464   COMPRESSED   0x00000004   Data   RW         1903    .data               main.o
    0x20002468   COMPRESSED   0x00000004   Data   RW         1904    .data               main.o
    0x2000246c   COMPRESSED   0x00000004   Data   RW         1905    .data               main.o
    0x20002470   COMPRESSED   0x00000004   Data   RW         1906    .data               main.o
    0x20002474   COMPRESSED   0x00000004   Data   RW         1909    .data               main.o
    0x20002478   COMPRESSED   0x00000008   Data   RW         1912    .data               main.o
    0x20002480   COMPRESSED   0x00000001   Data   RW         1955    .data               main.o
    0x20002481   COMPRESSED   0x00000001   Data   RW         1969    .data               main.o
    0x20002482   COMPRESSED   0x00000002   Data   RW         1970    .data               main.o
    0x20002484   COMPRESSED   0x00000002   Data   RW         1971    .data               main.o
    0x20002486   COMPRESSED   0x00000002   Data   RW         1972    .data               main.o
    0x20002488   COMPRESSED   0x00000006   Data   RW         1979    .data               main.o
    0x2000248e   COMPRESSED   0x0000000a   Data   RW         1981    .data               main.o
    0x20002498   COMPRESSED   0x00000010   Data   RW         1982    .data               main.o
    0x200024a8   COMPRESSED   0x00000018   Data   RW         1983    .data               main.o
    0x200024c0   COMPRESSED   0x00000014   Data   RW         1984    .data               main.o
    0x200024d4   COMPRESSED   0x0000000a   Data   RW         1985    .data               main.o
    0x200024de   COMPRESSED   0x0000000a   Data   RW         1986    .data               main.o
    0x200024e8   COMPRESSED   0x00000018   Data   RW         1987    .data               main.o
    0x20002500   COMPRESSED   0x0000000a   Data   RW         1988    .data               main.o
    0x2000250a   COMPRESSED   0x00000002   PAD
    0x2000250c   COMPRESSED   0x00000010   Data   RW         1989    .data               main.o
    0x2000251c   COMPRESSED   0x00000028   Data   RW         2029    .data               main.o
    0x20002544   COMPRESSED   0x00000001   Data   RW         2061    .data               main.o
    0x20002545   COMPRESSED   0x00000001   Data   RW         2068    .data               main.o
    0x20002546   COMPRESSED   0x00000006   Data   RW         2069    .data               main.o
    0x2000254c   COMPRESSED   0x00000004   Data   RW         2070    .data               main.o
    0x20002550   COMPRESSED   0x00000005   Data   RW         2088    .data               main.o
    0x20002555   COMPRESSED   0x00000003   PAD
    0x20002558   COMPRESSED   0x00000080   Data   RW         3025    .data               usart.o
    0x200025d8   COMPRESSED   0x0000000c   Data   RW         3882    .data               stm32f0xx_hal.o
    0x200025e4   COMPRESSED   0x00000004   Data   RW         6904    .data               system_stm32f0xx.o
    0x200025e8        -       0x0000007a   Zero   RW          259    .bss                disp.o
    0x20002662        -       0x00000610   Zero   RW          560    .bss                display_ziku.o
    0x20002c72   COMPRESSED   0x00000002   PAD
    0x20002c74        -       0x00000cf4   Zero   RW         1778    .bss                main.o
    0x20003968        -       0x0000003c   Zero   RW         1790    .bss                main.o
    0x200039a4        -       0x0000003c   Zero   RW         1791    .bss                main.o
    0x200039e0        -       0x0000000c   Zero   RW         1792    .bss                main.o
    0x200039ec        -       0x0000000c   Zero   RW         1793    .bss                main.o
    0x200039f8        -       0x00000084   Zero   RW         2771    .bss                adc.o
    0x20003a7c        -       0x00000010   Zero   RW         2827    .bss                iwdg.o
    0x20003a8c        -       0x00000020   Zero   RW         2857    .bss                rtc.o
    0x20003aac        -       0x00000048   Zero   RW         2905    .bss                tim.o
    0x20003af4        -       0x000000d0   Zero   RW         3021    .bss                usart.o
    0x20003bc4        -       0x00000060   Zero   RW         7026    .bss                c_p.l(libspace.o)
    0x20003c24   COMPRESSED   0x00000004   PAD
    0x20003c28        -       0x00000200   Zero   RW            2    HEAP                startup_stm32f030xc.o
    0x20003e28        -       0x00000400   Zero   RW            1    STACK               startup_stm32f030xc.o


==============================================================================

Image component sizes


      Code (inc. data)   RO Data    RW Data    ZI Data      Debug   Object Name

       386          0          0          0          0     318545   24cxx.o
       400         24          0          0        132       1868   adc.o
        98         12          0          4          0       1807   delay.o
     16580       2352        788        190        122      39337   disp.o
      1206         62          0       6410       1552      11560   display_ziku.o
        40          4          0          0          0        742   dma.o
       324         24          0          0          0       1035   gpio.o
         0          0          0          0         16        220   iwdg.o
       700         40          0          0          0       3692   lcd.o
     43838       3392        496       2256       3460     124485   main.o
       684         50          0          0          0       4996   myiic.o
       228         32          0          0         32       2729   rtc.o
        56         26        184          0       1536        640   startup_stm32f030xc.o
     25920       6256          0        688          0      48154   state.o
       164         30          0         12          0       8093   stm32f0xx_hal.o
      1102         58          0          0          0       7593   stm32f0xx_hal_adc.o
       184          0          0          0          0       1398   stm32f0xx_hal_adc_ex.o
       172         28          0          0          0      10927   stm32f0xx_hal_cortex.o
       558         16          0          0          0       5478   stm32f0xx_hal_dma.o
       442         24          0          0          0       2763   stm32f0xx_hal_gpio.o
        16          6          0          0          0       1111   stm32f0xx_hal_iwdg.o
        40          6          0          0          0        830   stm32f0xx_hal_msp.o
        16          4          0          0          0        511   stm32f0xx_hal_pwr.o
      1324         60         32          0          0       4613   stm32f0xx_hal_rcc.o
       232         14          0          0          0       1368   stm32f0xx_hal_rcc_ex.o
       856         22          0          0          0       7883   stm32f0xx_hal_rtc.o
       608         38          0          0          0       6469   stm32f0xx_hal_tim.o
         4          0          0          0          0       1577   stm32f0xx_hal_tim_ex.o
      2670         70          0          0          0      20496   stm32f0xx_hal_uart.o
        64         18          0          0          0       3536   stm32f0xx_it.o
         2          0         24          4          0       1123   system_stm32f0xx.o
       100         18          0          0         72       1498   tim.o
       706         26          0          0          0       4056   tool.o
     18974       1552         60        128        208      77361   usart.o

    ----------------------------------------------------------------------
    118730      14264       1616       9704       7132     728494   Object Totals
         0          0         32          0          0          0   (incl. Generated)
        36          0          0         12          2          0   (incl. Padding)

    ----------------------------------------------------------------------

      Code (inc. data)   RO Data    RW Data    ZI Data      Debug   Library Member Name

        96          0          0          0          0          0   __dclz77c.o
         8          0          0          0          0         68   __main.o
         0          0          0          0          0          0   __rtentry.o
        12          0          0          0          0          0   __rtentry2.o
         6          0          0          0          0          0   __rtentry4.o
        60          8          0          0          0          0   __scatter.o
        28          0          0          0          0          0   __scatter_zi.o
       346          0          0          0          0         92   aeabi_sdiv.o
        16          0          0          0          0         68   exit.o
         6          0          0          0          0        136   heapauxi.o
         0          0          0          0          0          0   indicate_semi.o
         2          0          0          0          0          0   libinit.o
         2          0          0          0          0          0   libinit2.o
         2          0          0          0          0          0   libshutdown.o
         2          0          0          0          0          0   libshutdown2.o
         8          4          0          0         96         68   libspace.o
       258          0          0          0          0         88   lludiv.o
        64          0          0          0          0        108   rt_memclr.o
        56          0          0          0          0         68   rt_memcpy.o
         2          0          0          0          0          0   rtexit.o
        10          0          0          0          0          0   rtexit2.o
        12          4          0          0          0         60   sys_exit.o
        62          0          0          0          0         80   sys_stackheap_outer.o
         2          0          0          0          0         68   use_no_semi.o
       856         20          0          0          0        208   daddsub.o
       108         10          0          0          0         72   dfixi.o
        72          4          0          0          0         68   dfixui.o
        88          0          0          0          0         92   dflti.o
       584         26          0          0          0         84   dmul.o
        96         12          0          0          0         72   dscalbn.o
       352         10         64          0          0         92   fdiv.o
        48          0          0          0          0         60   ffixui.o
        94          0          0          0          0         92   fflti.o
       176          4          0          0          0         80   fmul.o
         0          0          0          0          0          0   usenofp.o

    ----------------------------------------------------------------------
      3538        102         64          0        100       1824   Library Totals
         4          0          0          0          4          0   (incl. Padding)

    ----------------------------------------------------------------------

      Code (inc. data)   RO Data    RW Data    ZI Data      Debug   Library Name

      1060         16          0          0         96        904   c_p.l
      2474         86         64          0          0        920   fz_ps.l

    ----------------------------------------------------------------------
      3538        102         64          0        100       1824   Library Totals

    ----------------------------------------------------------------------

==============================================================================


      Code (inc. data)   RO Data    RW Data    ZI Data      Debug   

    122268      14366       1680       9704       7232     712078   Grand Totals
    122268      14366       1680       6016       7232     712078   ELF Image Totals (compressed)
    122268      14366       1680       6016          0          0   ROM Totals

==============================================================================

    Total RO  Size (Code + RO Data)               123948 ( 121.04kB)
    Total RW  Size (RW Data + ZI Data)             16936 (  16.54kB)
    Total ROM Size (Code + RO Data + RW Data)     129964 ( 126.92kB)

==============================================================================

